{"op_code":0,"worker_id":"a2215458-1109-44ff-8c7b-cc1cd4d0dbe0-137723423924224","study_name":"adamw__mamba","directions":[1]}
{"op_code":0,"worker_id":"8704ea0a-80bb-40c7-a69c-f6675c9ced61-137723423924224","study_name":"neuralgrok__mamba","directions":[1]}
{"op_code":0,"worker_id":"4d998c38-fac0-420a-96ed-b146ef0bc0a2-137723423924224","study_name":"grokadamw__mamba","directions":[1]}
{"op_code":0,"worker_id":"5a3a3739-1c58-483f-ab80-9a860a94c5f5-137723423924224","study_name":"supergrok__mamba","directions":[1]}
{"op_code":0,"worker_id":"9617a355-5349-4ce6-84be-0317faf0c983-137723423924224","study_name":"supergrok15__mamba","directions":[1]}
{"op_code":0,"worker_id":"99923822-f229-4590-bc6d-e14d991c2fdb-137723423924224","study_name":"supergrok2__mamba","directions":[1]}
{"op_code":0,"worker_id":"90ecbeb2-d629-4031-8a1e-e20b7b2c6aca-137723423924224","study_name":"grokfast__mamba","directions":[1]}
{"op_code":0,"worker_id":"1cbd5fbb-1f7b-47ae-830b-f830b6c7c084-137723423924224","study_name":"muon__mamba","directions":[1]}
{"op_code":0,"worker_id":"2d7dda5d-10b1-49a0-803d-6af2b0315d7b-137723423924224","study_name":"lion__mamba","directions":[1]}
{"op_code":0,"worker_id":"fa520fd4-2723-45b5-8c5d-6d0c9bf396aa-137723423924224","study_name":"looksam__mamba","directions":[1]}
{"op_code":0,"worker_id":"6f578ec4-b51b-4c62-a5b4-a60ff1f94c7e-137723423924224","study_name":"prodigy__mamba","directions":[1]}
{"op_code":4,"worker_id":"a2215458-1109-44ff-8c7b-cc1cd4d0dbe0-137723423924224","study_id":0,"datetime_start":"2026-06-16T17:12:18.659123"}
{"op_code":5,"worker_id":"a2215458-1109-44ff-8c7b-cc1cd4d0dbe0-137723423924224","trial_id":0,"param_name":"lr","param_value_internal":0.0011576160601673156,"distribution":"{\"name\": \"FloatDistribution\", \"attributes\": {\"step\": null, \"low\": 0.0002, \"high\": 0.005, \"log\": true}}"}
{"op_code":5,"worker_id":"a2215458-1109-44ff-8c7b-cc1cd4d0dbe0-137723423924224","trial_id":0,"param_name":"beta1","param_value_internal":0.8671865315032211,"distribution":"{\"name\": \"FloatDistribution\", \"attributes\": {\"step\": null, \"low\": 0.85, \"high\": 0.95, \"log\": false}}"}
{"op_code":5,"worker_id":"a2215458-1109-44ff-8c7b-cc1cd4d0dbe0-137723423924224","trial_id":0,"param_name":"beta2","param_value_internal":0.9922201245695225,"distribution":"{\"name\": \"FloatDistribution\", \"attributes\": {\"step\": null, \"low\": 0.95, \"high\": 0.9995, \"log\": false}}"}
{"op_code":5,"worker_id":"a2215458-1109-44ff-8c7b-cc1cd4d0dbe0-137723423924224","trial_id":0,"param_name":"weight_decay","param_value_internal":0.34316742743792855,"distribution":"{\"name\": \"FloatDistribution\", \"attributes\": {\"step\": null, \"low\": 0.2, \"high\": 4.0, \"log\": true}}"}
{"op_code":7,"worker_id":"a2215458-1109-44ff-8c7b-cc1cd4d0dbe0-137723423924224","trial_id":0,"step":10,"intermediate_value":0.028535032644867897}
{"op_code":7,"worker_id":"a2215458-1109-44ff-8c7b-cc1cd4d0dbe0-137723423924224","trial_id":0,"step":20,"intermediate_value":0.04129432421177626}
{"op_code":7,"worker_id":"a2215458-1109-44ff-8c7b-cc1cd4d0dbe0-137723423924224","trial_id":0,"step":30,"intermediate_value":0.07744321506470442}
{"op_code":7,"worker_id":"a2215458-1109-44ff-8c7b-cc1cd4d0dbe0-137723423924224","trial_id":0,"step":40,"intermediate_value":0.19173882715404034}
{"op_code":7,"worker_id":"a2215458-1109-44ff-8c7b-cc1cd4d0dbe0-137723423924224","trial_id":0,"step":50,"intermediate_value":0.3196257734671235}
{"op_code":7,"worker_id":"a2215458-1109-44ff-8c7b-cc1cd4d0dbe0-137723423924224","trial_id":0,"step":60,"intermediate_value":0.4353591650724411}
{"op_code":7,"worker_id":"a2215458-1109-44ff-8c7b-cc1cd4d0dbe0-137723423924224","trial_id":0,"step":70,"intermediate_value":0.4800886595621705}
{"op_code":7,"worker_id":"a2215458-1109-44ff-8c7b-cc1cd4d0dbe0-137723423924224","trial_id":0,"step":80,"intermediate_value":0.5194802805781364}
{"op_code":7,"worker_id":"a2215458-1109-44ff-8c7b-cc1cd4d0dbe0-137723423924224","trial_id":0,"step":90,"intermediate_value":0.5151761341840029}
{"op_code":7,"worker_id":"a2215458-1109-44ff-8c7b-cc1cd4d0dbe0-137723423924224","trial_id":0,"step":100,"intermediate_value":0.51756526902318}
{"op_code":7,"worker_id":"a2215458-1109-44ff-8c7b-cc1cd4d0dbe0-137723423924224","trial_id":0,"step":110,"intermediate_value":0.51756526902318}
{"op_code":7,"worker_id":"a2215458-1109-44ff-8c7b-cc1cd4d0dbe0-137723423924224","trial_id":0,"step":120,"intermediate_value":0.51756526902318}
{"op_code":7,"worker_id":"a2215458-1109-44ff-8c7b-cc1cd4d0dbe0-137723423924224","trial_id":0,"step":130,"intermediate_value":0.51756526902318}
{"op_code":7,"worker_id":"a2215458-1109-44ff-8c7b-cc1cd4d0dbe0-137723423924224","trial_id":0,"step":140,"intermediate_value":0.5154147315770388}
{"op_code":7,"worker_id":"a2215458-1109-44ff-8c7b-cc1cd4d0dbe0-137723423924224","trial_id":0,"step":150,"intermediate_value":0.5154147315770388}
{"op_code":7,"worker_id":"a2215458-1109-44ff-8c7b-cc1cd4d0dbe0-137723423924224","trial_id":0,"step":160,"intermediate_value":0.5154147315770388}
{"op_code":7,"worker_id":"a2215458-1109-44ff-8c7b-cc1cd4d0dbe0-137723423924224","trial_id":0,"step":170,"intermediate_value":0.5132641941308975}
{"op_code":7,"worker_id":"a2215458-1109-44ff-8c7b-cc1cd4d0dbe0-137723423924224","trial_id":0,"step":180,"intermediate_value":0.5154147315770388}
{"op_code":7,"worker_id":"a2215458-1109-44ff-8c7b-cc1cd4d0dbe0-137723423924224","trial_id":0,"step":190,"intermediate_value":0.5132641941308975}
{"op_code":7,"worker_id":"a2215458-1109-44ff-8c7b-cc1cd4d0dbe0-137723423924224","trial_id":0,"step":200,"intermediate_value":0.5132641941308975}
{"op_code":7,"worker_id":"a2215458-1109-44ff-8c7b-cc1cd4d0dbe0-137723423924224","trial_id":0,"step":210,"intermediate_value":0.5132641941308975}
{"op_code":7,"worker_id":"a2215458-1109-44ff-8c7b-cc1cd4d0dbe0-137723423924224","trial_id":0,"step":220,"intermediate_value":0.5132641941308975}
{"op_code":7,"worker_id":"a2215458-1109-44ff-8c7b-cc1cd4d0dbe0-137723423924224","trial_id":0,"step":230,"intermediate_value":0.5132641941308975}
{"op_code":7,"worker_id":"a2215458-1109-44ff-8c7b-cc1cd4d0dbe0-137723423924224","trial_id":0,"step":240,"intermediate_value":0.5132641941308975}
{"op_code":7,"worker_id":"a2215458-1109-44ff-8c7b-cc1cd4d0dbe0-137723423924224","trial_id":0,"step":250,"intermediate_value":0.5132641941308975}
{"op_code":7,"worker_id":"a2215458-1109-44ff-8c7b-cc1cd4d0dbe0-137723423924224","trial_id":0,"step":260,"intermediate_value":0.5132641941308975}
{"op_code":7,"worker_id":"a2215458-1109-44ff-8c7b-cc1cd4d0dbe0-137723423924224","trial_id":0,"step":270,"intermediate_value":0.5132641941308975}
{"op_code":7,"worker_id":"a2215458-1109-44ff-8c7b-cc1cd4d0dbe0-137723423924224","trial_id":0,"step":280,"intermediate_value":0.5132641941308975}
{"op_code":7,"worker_id":"a2215458-1109-44ff-8c7b-cc1cd4d0dbe0-137723423924224","trial_id":0,"step":290,"intermediate_value":0.5132641941308975}
{"op_code":7,"worker_id":"a2215458-1109-44ff-8c7b-cc1cd4d0dbe0-137723423924224","trial_id":0,"step":300,"intermediate_value":0.5132641941308975}
{"op_code":7,"worker_id":"a2215458-1109-44ff-8c7b-cc1cd4d0dbe0-137723423924224","trial_id":0,"step":310,"intermediate_value":0.5132641941308975}
{"op_code":7,"worker_id":"a2215458-1109-44ff-8c7b-cc1cd4d0dbe0-137723423924224","trial_id":0,"step":320,"intermediate_value":0.5132641941308975}
{"op_code":7,"worker_id":"a2215458-1109-44ff-8c7b-cc1cd4d0dbe0-137723423924224","trial_id":0,"step":330,"intermediate_value":0.5132641941308975}
{"op_code":7,"worker_id":"a2215458-1109-44ff-8c7b-cc1cd4d0dbe0-137723423924224","trial_id":0,"step":340,"intermediate_value":0.5132641941308975}
{"op_code":7,"worker_id":"a2215458-1109-44ff-8c7b-cc1cd4d0dbe0-137723423924224","trial_id":0,"step":350,"intermediate_value":0.5132641941308975}
{"op_code":7,"worker_id":"a2215458-1109-44ff-8c7b-cc1cd4d0dbe0-137723423924224","trial_id":0,"step":360,"intermediate_value":0.5111136566847563}
{"op_code":7,"worker_id":"a2215458-1109-44ff-8c7b-cc1cd4d0dbe0-137723423924224","trial_id":0,"step":370,"intermediate_value":0.5111136566847563}
{"op_code":7,"worker_id":"a2215458-1109-44ff-8c7b-cc1cd4d0dbe0-137723423924224","trial_id":0,"step":380,"intermediate_value":0.5111136566847563}
{"op_code":7,"worker_id":"a2215458-1109-44ff-8c7b-cc1cd4d0dbe0-137723423924224","trial_id":0,"step":390,"intermediate_value":0.5111136566847563}
{"op_code":7,"worker_id":"a2215458-1109-44ff-8c7b-cc1cd4d0dbe0-137723423924224","trial_id":0,"step":400,"intermediate_value":0.5111136566847563}
{"op_code":7,"worker_id":"a2215458-1109-44ff-8c7b-cc1cd4d0dbe0-137723423924224","trial_id":0,"step":410,"intermediate_value":0.5111136566847563}
{"op_code":7,"worker_id":"a2215458-1109-44ff-8c7b-cc1cd4d0dbe0-137723423924224","trial_id":0,"step":420,"intermediate_value":0.5111136566847563}
{"op_code":7,"worker_id":"a2215458-1109-44ff-8c7b-cc1cd4d0dbe0-137723423924224","trial_id":0,"step":430,"intermediate_value":0.5111136566847563}
{"op_code":7,"worker_id":"a2215458-1109-44ff-8c7b-cc1cd4d0dbe0-137723423924224","trial_id":0,"step":440,"intermediate_value":0.5111136566847563}
{"op_code":7,"worker_id":"a2215458-1109-44ff-8c7b-cc1cd4d0dbe0-137723423924224","trial_id":0,"step":450,"intermediate_value":0.5089631183072925}
{"op_code":7,"worker_id":"a2215458-1109-44ff-8c7b-cc1cd4d0dbe0-137723423924224","trial_id":0,"step":460,"intermediate_value":0.5089631183072925}
{"op_code":7,"worker_id":"a2215458-1109-44ff-8c7b-cc1cd4d0dbe0-137723423924224","trial_id":0,"step":470,"intermediate_value":0.5089631183072925}
{"op_code":7,"worker_id":"a2215458-1109-44ff-8c7b-cc1cd4d0dbe0-137723423924224","trial_id":0,"step":480,"intermediate_value":0.5089631183072925}
{"op_code":7,"worker_id":"a2215458-1109-44ff-8c7b-cc1cd4d0dbe0-137723423924224","trial_id":0,"step":490,"intermediate_value":0.5089631183072925}
{"op_code":7,"worker_id":"a2215458-1109-44ff-8c7b-cc1cd4d0dbe0-137723423924224","trial_id":0,"step":500,"intermediate_value":0.50466204341501}
{"op_code":7,"worker_id":"a2215458-1109-44ff-8c7b-cc1cd4d0dbe0-137723423924224","trial_id":0,"step":510,"intermediate_value":0.50466204341501}
