==================== FRONT-LOAD START Wed Jun 17 05:41:11 UTC 2026 ====================
[fast-build-env] caching ON: nvcc->sccache(CUDA) + g++->ccache | nvcc --threads 0 (auto=224) | MAX_JOBS=224 | ninja
--- preflight: compile.py --self-test (CPU) ---
!!! preflight self-test FAILED (rc=0) — see preflight_selftest.log; ABORTING front-load to avoid wasting the GPU window.
==================== FRONT-LOAD START Wed Jun 17 05:48:31 UTC 2026 ====================
[fast-build-env] caching ON: nvcc->sccache(CUDA) + g++->ccache | nvcc --threads 0 (auto=224) | MAX_JOBS=224 | ninja
--- preflight: compile.py --self-test (CPU) ---
--- preflight OK: [self-test] 265 passed, 0 failed ---
--- waiting for GPU to free (ViT B1 gate) @ Wed Jun 17 05:49:20 UTC 2026 ---
--- GPU free (low=10, waited=1740s) @ Wed Jun 17 06:18:21 UTC 2026 ---
--- autotuner_new_knobs.diff did not apply cleanly -> skip; sweeping existing knobs only ---
--- removed .STOP_TUNING (autotuner enabled) ---
--- decoder re-profile (coarse 5-slot) @ Wed Jun 17 06:18:21 UTC 2026 ---
--- decoder re-profile (--fwd-fine) @ Wed Jun 17 06:21:18 UTC 2026 ---
--- autotune  transformer_decoder / adamw  @ Wed Jun 17 06:24:38 UTC 2026 ---
    -> rc=2 ; winners now in grokking_optimizers/_kernel_tuned.json
--- autotune  transformer_decoder / lion  @ Wed Jun 17 06:24:40 UTC 2026 ---
    -> rc=2 ; winners now in grokking_optimizers/_kernel_tuned.json
--- autotune  transformer_decoder / grokfast  @ Wed Jun 17 06:24:42 UTC 2026 ---
    -> rc=2 ; winners now in grokking_optimizers/_kernel_tuned.json
--- autotune  transformer_decoder / grokadamw  @ Wed Jun 17 06:24:44 UTC 2026 ---
    -> rc=2 ; winners now in grokking_optimizers/_kernel_tuned.json
--- autotune  transformer_decoder / prodigy  @ Wed Jun 17 06:24:45 UTC 2026 ---
    -> rc=2 ; winners now in grokking_optimizers/_kernel_tuned.json
--- autotune  transformer_decoder / muon  @ Wed Jun 17 06:24:47 UTC 2026 ---
    -> rc=2 ; winners now in grokking_optimizers/_kernel_tuned.json
--- autotune  transformer_decoder / neuralgrok  @ Wed Jun 17 06:24:49 UTC 2026 ---
    -> rc=2 ; winners now in grokking_optimizers/_kernel_tuned.json
--- autotune  transformer_decoder / looksam  @ Wed Jun 17 06:24:50 UTC 2026 ---
    -> rc=2 ; winners now in grokking_optimizers/_kernel_tuned.json
--- autotune  transformer_decoder / supergrok11  @ Wed Jun 17 06:24:52 UTC 2026 ---
    -> rc=2 ; winners now in grokking_optimizers/_kernel_tuned.json
--- autotune  transformer_decoder / supergrok15  @ Wed Jun 17 06:24:54 UTC 2026 ---
    -> rc=2 ; winners now in grokking_optimizers/_kernel_tuned.json
--- autotune  transformer_decoder / supergrok2  @ Wed Jun 17 06:24:55 UTC 2026 ---
    -> rc=2 ; winners now in grokking_optimizers/_kernel_tuned.json
--- autotune  vit / adamw  @ Wed Jun 17 06:24:57 UTC 2026 ---
    -> rc=1 ; winners now in grokking_optimizers/_kernel_tuned.json
--- autotune  vit / lion  @ Wed Jun 17 06:25:05 UTC 2026 ---
    -> rc=1 ; winners now in grokking_optimizers/_kernel_tuned.json
--- autotune  vit / grokfast  @ Wed Jun 17 06:25:13 UTC 2026 ---
    -> rc=1 ; winners now in grokking_optimizers/_kernel_tuned.json
--- autotune  vit / grokadamw  @ Wed Jun 17 06:25:20 UTC 2026 ---
    -> rc=1 ; winners now in grokking_optimizers/_kernel_tuned.json
--- autotune  vit / prodigy  @ Wed Jun 17 06:25:27 UTC 2026 ---
    -> rc=1 ; winners now in grokking_optimizers/_kernel_tuned.json
--- autotune  vit / muon  @ Wed Jun 17 06:25:35 UTC 2026 ---
    -> rc=1 ; winners now in grokking_optimizers/_kernel_tuned.json
--- autotune  vit / neuralgrok  @ Wed Jun 17 06:25:42 UTC 2026 ---
    -> rc=1 ; winners now in grokking_optimizers/_kernel_tuned.json
--- autotune  vit / looksam  @ Wed Jun 17 06:25:50 UTC 2026 ---
    -> rc=1 ; winners now in grokking_optimizers/_kernel_tuned.json
--- autotune  vit / supergrok11  @ Wed Jun 17 06:25:57 UTC 2026 ---
    -> rc=1 ; winners now in grokking_optimizers/_kernel_tuned.json
--- autotune  vit / supergrok15  @ Wed Jun 17 06:26:05 UTC 2026 ---
    -> rc=1 ; winners now in grokking_optimizers/_kernel_tuned.json
--- autotune  vit / supergrok2  @ Wed Jun 17 06:26:12 UTC 2026 ---
    -> rc=1 ; winners now in grokking_optimizers/_kernel_tuned.json
==================== FRONT-LOAD DONE Wed Jun 17 06:26:20 UTC 2026 ====================
==================== FRONT-LOAD START Wed Jun 17 06:40:36 UTC 2026 ====================
[fast-build-env] caching ON: nvcc->sccache(CUDA) + g++->ccache | nvcc --threads 0 (auto=224) | MAX_JOBS=224 | ninja
--- preflight: compile.py --self-test (CPU) ---
--- preflight OK: [self-test] 265 passed, 0 failed ---
--- waiting for GPU to free (ViT B1 gate) @ Wed Jun 17 06:41:25 UTC 2026 ---
--- GPU free (low=10, waited=600s) @ Wed Jun 17 06:51:26 UTC 2026 ---
--- autotuner_new_knobs.diff did not apply cleanly -> skip; sweeping existing knobs only ---
--- removed .STOP_TUNING (autotuner enabled) ---
--- decoder re-profile (coarse 5-slot) @ Wed Jun 17 06:51:26 UTC 2026 ---
--- decoder re-profile (--fwd-fine) @ Wed Jun 17 06:52:08 UTC 2026 ---
--- autotune  decoder / adamw  @ Wed Jun 17 06:53:11 UTC 2026 ---
    -> rc=124 ; winners now in grokking_optimizers/_kernel_tuned.json
--- autotune  decoder / lion  @ Wed Jun 17 07:25:11 UTC 2026 ---
