/dev/shm/expV1/csrc/algorithms/muon.h(76): warning #737-D: using-declaration ignored -- it refers to the current namespace
  using sg::algorithms::adamw_step;
        ^

Remark: The warnings can be suppressed with "-diag-suppress <warning-number>"

/dev/shm/expV1/csrc/algorithms/muon.h(76): warning #737-D: using-declaration ignored -- it refers to the current namespace
  using sg::algorithms::adamw_step;
        ^

Remark: The warnings can be suppressed with "-diag-suppress <warning-number>"

ptxas info    : (C7515) Potential Performance Loss: wgmma.mma_async instructions are serialized due to non wgmma instructions defining accumulator registers of a wgmma between start and end of the pipeline stage in the function '_ZN2sg5fused4sm905dectc25tc_gemm_block_unpipelinedILi128ELi2EZNS2_24dectc_dw_run_tile_splitkILi128EEEvPKNS2_9DecDwSpecEiiiPfP13__nv_bfloat16SA_EUliiE_ZS4_ILi128EEvS7_iiiS8_SA_SA_EUliiE0_ZS4_ILi128EEvS7_iiiS8_SA_SA_EUliifE_EEviiiiT1_T2_T3_SA_SA_'
ptxas warning : Registers are spilled to local memory in function '_ZN2sg5fused4sm9027fused_decoder_megakernel_tcILNS1_5OptIdE10EEEvNS0_17PersistentContextEPfNS1_15DecoderTokenCtxES5_fiNS1_13FusedOptStateE', 696 bytes spill stores, 2060 bytes spill loads
ptxas warning : Registers are spilled to local memory in function '_ZN2sg5fused4sm905dectc25tc_gemm_block_unpipelinedILi128ELi2EZNS2_14dectc_gemm_fwdILi128EEEvPK13__nv_bfloat16PKfPS5_iiSA_SA_EUliiE_ZS4_ILi128EEvS7_S9_SA_iiSA_SA_EUliiE0_ZS4_ILi128EEvS7_S9_SA_iiSA_SA_EUliifE_EEviiiiT1_T2_T3_SA_SA_', 2048 bytes spill stores, 2048 bytes spill loads
ptxas warning : Registers are spilled to local memory in function '_ZN2sg5fused4sm905dectc25tc_gemm_block_unpipelinedILi128ELi2EZNS2_17dectc_gemm_dx_f32ILi128EEEvPK13__nv_bfloat16PKfPfiiPS5_SB_EUliiE_ZS4_ILi128EEvS7_S9_SA_iiSB_SB_EUliiE0_ZS4_ILi128EEvS7_S9_SA_iiSB_SB_EUliifE_EEviiiiT1_T2_T3_SB_SB_', 2048 bytes spill stores, 2048 bytes spill loads
ptxas warning : Registers are spilled to local memory in function '_ZN2sg5fused4sm905dectc25tc_gemm_block_unpipelinedILi128ELi2EZNS2_18dectc_gemm_fwd_f32ILi128EEEvPK13__nv_bfloat16PKfPfiiPS5_SB_EUliiE_ZS4_ILi128EEvS7_S9_SA_iiSB_SB_EUliiE0_ZS4_ILi128EEvS7_S9_SA_iiSB_SB_EUliifE_EEviiiiT1_T2_T3_SB_SB_', 1024 bytes spill stores, 1024 bytes spill loads
ptxas info    : (C7515) Potential Performance Loss: wgmma.mma_async instructions are serialized due to non wgmma instructions defining accumulator registers of a wgmma between start and end of the pipeline stage in the function '_ZN2sg5fused4sm905dectc25tc_gemm_block_unpipelinedILi128ELi2EZNS2_24dectc_dw_run_tile_splitkILi128EEEvPKNS2_9DecDwSpecEiiiPfP13__nv_bfloat16SA_EUliiE_ZS4_ILi128EEvS7_iiiS8_SA_SA_EUliiE0_ZS4_ILi128EEvS7_iiiS8_SA_SA_EUliifE_EEviiiiT1_T2_T3_SA_SA_'
ptxas warning : Registers are spilled to local memory in function '_ZN2sg5fused4sm9027fused_decoder_megakernel_tcILNS1_5OptIdE9EEEvNS0_17PersistentContextEPfNS1_15DecoderTokenCtxES5_fiNS1_13FusedOptStateE', 244 bytes spill stores, 1332 bytes spill loads
ptxas warning : Registers are spilled to local memory in function '_ZN2sg5fused4sm905dectc25tc_gemm_block_unpipelinedILi128ELi2EZNS2_14dectc_gemm_fwdILi128EEEvPK13__nv_bfloat16PKfPS5_iiSA_SA_EUliiE_ZS4_ILi128EEvS7_S9_SA_iiSA_SA_EUliiE0_ZS4_ILi128EEvS7_S9_SA_iiSA_SA_EUliifE_EEviiiiT1_T2_T3_SA_SA_', 2048 bytes spill stores, 2048 bytes spill loads
ptxas warning : Registers are spilled to local memory in function '_ZN2sg5fused4sm905dectc25tc_gemm_block_unpipelinedILi128ELi2EZNS2_17dectc_gemm_dx_f32ILi128EEEvPK13__nv_bfloat16PKfPfiiPS5_SB_EUliiE_ZS4_ILi128EEvS7_S9_SA_iiSB_SB_EUliiE0_ZS4_ILi128EEvS7_S9_SA_iiSB_SB_EUliifE_EEviiiiT1_T2_T3_SB_SB_', 2048 bytes spill stores, 2048 bytes spill loads
ptxas warning : Registers are spilled to local memory in function '_ZN2sg5fused4sm905dectc25tc_gemm_block_unpipelinedILi128ELi2EZNS2_18dectc_gemm_fwd_f32ILi128EEEvPK13__nv_bfloat16PKfPfiiPS5_SB_EUliiE_ZS4_ILi128EEvS7_S9_SA_iiSB_SB_EUliiE0_ZS4_ILi128EEvS7_S9_SA_iiSB_SB_EUliifE_EEviiiiT1_T2_T3_SB_SB_', 1024 bytes spill stores, 1024 bytes spill loads
ptxas info    : (C7515) Potential Performance Loss: wgmma.mma_async instructions are serialized due to non wgmma instructions defining accumulator registers of a wgmma between start and end of the pipeline stage in the function '_ZN2sg5fused4sm905dectc25tc_gemm_block_unpipelinedILi128ELi2EZNS2_24dectc_dw_run_tile_splitkILi128EEEvPKNS2_9DecDwSpecEiiiPfP13__nv_bfloat16SA_EUliiE_ZS4_ILi128EEvS7_iiiS8_SA_SA_EUliiE0_ZS4_ILi128EEvS7_iiiS8_SA_SA_EUliifE_EEviiiiT1_T2_T3_SA_SA_'
ptxas warning : Registers are spilled to local memory in function '_ZN2sg5fused4sm9027fused_decoder_megakernel_tcILNS1_5OptIdE8EEEvNS0_17PersistentContextEPfNS1_15DecoderTokenCtxES5_fiNS1_13FusedOptStateE', 244 bytes spill stores, 1332 bytes spill loads
ptxas warning : Registers are spilled to local memory in function '_ZN2sg5fused4sm905dectc25tc_gemm_block_unpipelinedILi128ELi2EZNS2_14dectc_gemm_fwdILi128EEEvPK13__nv_bfloat16PKfPS5_iiSA_SA_EUliiE_ZS4_ILi128EEvS7_S9_SA_iiSA_SA_EUliiE0_ZS4_ILi128EEvS7_S9_SA_iiSA_SA_EUliifE_EEviiiiT1_T2_T3_SA_SA_', 2048 bytes spill stores, 2048 bytes spill loads
ptxas warning : Registers are spilled to local memory in function '_ZN2sg5fused4sm905dectc25tc_gemm_block_unpipelinedILi128ELi2EZNS2_17dectc_gemm_dx_f32ILi128EEEvPK13__nv_bfloat16PKfPfiiPS5_SB_EUliiE_ZS4_ILi128EEvS7_S9_SA_iiSB_SB_EUliiE0_ZS4_ILi128EEvS7_S9_SA_iiSB_SB_EUliifE_EEviiiiT1_T2_T3_SB_SB_', 2048 bytes spill stores, 2048 bytes spill loads
ptxas warning : Registers are spilled to local memory in function '_ZN2sg5fused4sm905dectc25tc_gemm_block_unpipelinedILi128ELi2EZNS2_18dectc_gemm_fwd_f32ILi128EEEvPK13__nv_bfloat16PKfPfiiPS5_SB_EUliiE_ZS4_ILi128EEvS7_S9_SA_iiSB_SB_EUliiE0_ZS4_ILi128EEvS7_S9_SA_iiSB_SB_EUliifE_EEviiiiT1_T2_T3_SB_SB_', 1024 bytes spill stores, 1024 bytes spill loads
ptxas info    : (C7515) Potential Performance Loss: wgmma.mma_async instructions are serialized due to non wgmma instructions defining accumulator registers of a wgmma between start and end of the pipeline stage in the function '_ZN2sg5fused4sm905dectc25tc_gemm_block_unpipelinedILi128ELi2EZNS2_24dectc_dw_run_tile_splitkILi128EEEvPKNS2_9DecDwSpecEiiiPfP13__nv_bfloat16SA_EUliiE_ZS4_ILi128EEvS7_iiiS8_SA_SA_EUliiE0_ZS4_ILi128EEvS7_iiiS8_SA_SA_EUliifE_EEviiiiT1_T2_T3_SA_SA_'
ptxas warning : Registers are spilled to local memory in function '_ZN2sg5fused4sm9027fused_decoder_megakernel_tcILNS1_5OptIdE4EEEvNS0_17PersistentContextEPfNS1_15DecoderTokenCtxES5_fiNS1_13FusedOptStateE', 248 bytes spill stores, 1332 bytes spill loads
ptxas warning : Registers are spilled to local memory in function '_ZN2sg5fused4sm905dectc25tc_gemm_block_unpipelinedILi128ELi2EZNS2_14dectc_gemm_fwdILi128EEEvPK13__nv_bfloat16PKfPS5_iiSA_SA_EUliiE_ZS4_ILi128EEvS7_S9_SA_iiSA_SA_EUliiE0_ZS4_ILi128EEvS7_S9_SA_iiSA_SA_EUliifE_EEviiiiT1_T2_T3_SA_SA_', 2048 bytes spill stores, 2048 bytes spill loads
ptxas warning : Registers are spilled to local memory in function '_ZN2sg5fused4sm905dectc25tc_gemm_block_unpipelinedILi128ELi2EZNS2_17dectc_gemm_dx_f32ILi128EEEvPK13__nv_bfloat16PKfPfiiPS5_SB_EUliiE_ZS4_ILi128EEvS7_S9_SA_iiSB_SB_EUliiE0_ZS4_ILi128EEvS7_S9_SA_iiSB_SB_EUliifE_EEviiiiT1_T2_T3_SB_SB_', 2048 bytes spill stores, 2048 bytes spill loads
ptxas warning : Registers are spilled to local memory in function '_ZN2sg5fused4sm905dectc25tc_gemm_block_unpipelinedILi128ELi2EZNS2_18dectc_gemm_fwd_f32ILi128EEEvPK13__nv_bfloat16PKfPfiiPS5_SB_EUliiE_ZS4_ILi128EEvS7_S9_SA_iiSB_SB_EUliiE0_ZS4_ILi128EEvS7_S9_SA_iiSB_SB_EUliifE_EEviiiiT1_T2_T3_SB_SB_', 1024 bytes spill stores, 1024 bytes spill loads
ptxas info    : (C7515) Potential Performance Loss: wgmma.mma_async instructions are serialized due to non wgmma instructions defining accumulator registers of a wgmma between start and end of the pipeline stage in the function '_ZN2sg5fused4sm905dectc25tc_gemm_block_unpipelinedILi128ELi2EZNS2_24dectc_dw_run_tile_splitkILi128EEEvPKNS2_9DecDwSpecEiiiPfP13__nv_bfloat16SA_EUliiE_ZS4_ILi128EEvS7_iiiS8_SA_SA_EUliiE0_ZS4_ILi128EEvS7_iiiS8_SA_SA_EUliifE_EEviiiiT1_T2_T3_SA_SA_'
ptxas warning : Registers are spilled to local memory in function '_ZN2sg5fused4sm9027fused_decoder_megakernel_tcILNS1_5OptIdE7EEEvNS0_17PersistentContextEPfNS1_15DecoderTokenCtxES5_fiNS1_13FusedOptStateE', 140 bytes spill stores, 468 bytes spill loads
ptxas warning : Registers are spilled to local memory in function '_ZN2sg5fused4sm905dectc25tc_gemm_block_unpipelinedILi128ELi2EZNS2_14dectc_gemm_fwdILi128EEEvPK13__nv_bfloat16PKfPS5_iiSA_SA_EUliiE_ZS4_ILi128EEvS7_S9_SA_iiSA_SA_EUliiE0_ZS4_ILi128EEvS7_S9_SA_iiSA_SA_EUliifE_EEviiiiT1_T2_T3_SA_SA_', 2048 bytes spill stores, 2056 bytes spill loads
ptxas warning : Registers are spilled to local memory in function '_ZN2sg5fused4sm905dectc25tc_gemm_block_unpipelinedILi128ELi2EZNS2_17dectc_gemm_dx_f32ILi128EEEvPK13__nv_bfloat16PKfPfiiPS5_SB_EUliiE_ZS4_ILi128EEvS7_S9_SA_iiSB_SB_EUliiE0_ZS4_ILi128EEvS7_S9_SA_iiSB_SB_EUliifE_EEviiiiT1_T2_T3_SB_SB_', 1024 bytes spill stores, 1028 bytes spill loads
ptxas info    : (C7515) Potential Performance Loss: wgmma.mma_async instructions are serialized due to non wgmma instructions defining accumulator registers of a wgmma between start and end of the pipeline stage in the function '_ZN2sg5fused4sm905dectc25tc_gemm_block_unpipelinedILi128ELi2EZNS2_24dectc_dw_run_tile_splitkILi128EEEvPKNS2_9DecDwSpecEiiiPfP13__nv_bfloat16SA_EUliiE_ZS4_ILi128EEvS7_iiiS8_SA_SA_EUliiE0_ZS4_ILi128EEvS7_iiiS8_SA_SA_EUliifE_EEviiiiT1_T2_T3_SA_SA_'
ptxas warning : Registers are spilled to local memory in function '_ZN2sg5fused4sm9027fused_decoder_megakernel_tcILNS1_5OptIdE5EEEvNS0_17PersistentContextEPfNS1_15DecoderTokenCtxES5_fiNS1_13FusedOptStateE', 120 bytes spill stores, 236 bytes spill loads
ptxas warning : Registers are spilled to local memory in function '_ZN2sg5fused4sm905dectc25tc_gemm_block_unpipelinedILi128ELi2EZNS2_14dectc_gemm_fwdILi128EEEvPK13__nv_bfloat16PKfPS5_iiSA_SA_EUliiE_ZS4_ILi128EEvS7_S9_SA_iiSA_SA_EUliiE0_ZS4_ILi128EEvS7_S9_SA_iiSA_SA_EUliifE_EEviiiiT1_T2_T3_SA_SA_', 2048 bytes spill stores, 2048 bytes spill loads
ptxas warning : Registers are spilled to local memory in function '_ZN2sg5fused4sm905dectc25tc_gemm_block_unpipelinedILi128ELi2EZNS2_17dectc_gemm_dx_f32ILi128EEEvPK13__nv_bfloat16PKfPfiiPS5_SB_EUliiE_ZS4_ILi128EEvS7_S9_SA_iiSB_SB_EUliiE0_ZS4_ILi128EEvS7_S9_SA_iiSB_SB_EUliifE_EEviiiiT1_T2_T3_SB_SB_', 1024 bytes spill stores, 1028 bytes spill loads
ptxas info    : (C7515) Potential Performance Loss: wgmma.mma_async instructions are serialized due to non wgmma instructions defining accumulator registers of a wgmma between start and end of the pipeline stage in the function '_ZN2sg5fused4sm905dectc25tc_gemm_block_unpipelinedILi128ELi2EZNS2_24dectc_dw_run_tile_splitkILi128EEEvPKNS2_9DecDwSpecEiiiPfP13__nv_bfloat16SA_EUliiE_ZS4_ILi128EEvS7_iiiS8_SA_SA_EUliiE0_ZS4_ILi128EEvS7_iiiS8_SA_SA_EUliifE_EEviiiiT1_T2_T3_SA_SA_'
ptxas warning : Registers are spilled to local memory in function '_ZN2sg5fused4sm9027fused_decoder_megakernel_tcILNS1_5OptIdE6EEEvNS0_17PersistentContextEPfNS1_15DecoderTokenCtxES5_fiNS1_13FusedOptStateE', 64 bytes spill stores, 72 bytes spill loads
ptxas warning : Registers are spilled to local memory in function '_ZN2sg5fused4sm905dectc25tc_gemm_block_unpipelinedILi128ELi2EZNS2_14dectc_gemm_fwdILi128EEEvPK13__nv_bfloat16PKfPS5_iiSA_SA_EUliiE_ZS4_ILi128EEvS7_S9_SA_iiSA_SA_EUliiE0_ZS4_ILi128EEvS7_S9_SA_iiSA_SA_EUliifE_EEviiiiT1_T2_T3_SA_SA_', 2048 bytes spill stores, 2048 bytes spill loads
ptxas warning : Registers are spilled to local memory in function '_ZN2sg5fused4sm905dectc25tc_gemm_block_unpipelinedILi128ELi2EZNS2_17dectc_gemm_dx_f32ILi128EEEvPK13__nv_bfloat16PKfPfiiPS5_SB_EUliiE_ZS4_ILi128EEvS7_S9_SA_iiSB_SB_EUliiE0_ZS4_ILi128EEvS7_S9_SA_iiSB_SB_EUliifE_EEviiiiT1_T2_T3_SB_SB_', 1024 bytes spill stores, 1028 bytes spill loads
ptxas info    : (C7515) Potential Performance Loss: wgmma.mma_async instructions are serialized due to non wgmma instructions defining accumulator registers of a wgmma between start and end of the pipeline stage in the function '_ZN2sg5fused4sm905dectc25tc_gemm_block_unpipelinedILi128ELi2EZNS2_24dectc_dw_run_tile_splitkILi128EEEvPKNS2_9DecDwSpecEiiiPfP13__nv_bfloat16SA_EUliiE_ZS4_ILi128EEvS7_iiiS8_SA_SA_EUliiE0_ZS4_ILi128EEvS7_iiiS8_SA_SA_EUliifE_EEviiiiT1_T2_T3_SA_SA_'
ptxas warning : Registers are spilled to local memory in function '_ZN2sg5fused4sm9027fused_decoder_megakernel_tcILNS1_5OptIdE3EEEvNS0_17PersistentContextEPfNS1_15DecoderTokenCtxES5_fiNS1_13FusedOptStateE', 100 bytes spill stores, 196 bytes spill loads
ptxas warning : Registers are spilled to local memory in function '_ZN2sg5fused4sm905dectc25tc_gemm_block_unpipelinedILi128ELi2EZNS2_14dectc_gemm_fwdILi128EEEvPK13__nv_bfloat16PKfPS5_iiSA_SA_EUliiE_ZS4_ILi128EEvS7_S9_SA_iiSA_SA_EUliiE0_ZS4_ILi128EEvS7_S9_SA_iiSA_SA_EUliifE_EEviiiiT1_T2_T3_SA_SA_', 2048 bytes spill stores, 2048 bytes spill loads
ptxas warning : Registers are spilled to local memory in function '_ZN2sg5fused4sm905dectc25tc_gemm_block_unpipelinedILi128ELi2EZNS2_17dectc_gemm_dx_f32ILi128EEEvPK13__nv_bfloat16PKfPfiiPS5_SB_EUliiE_ZS4_ILi128EEvS7_S9_SA_iiSB_SB_EUliiE0_ZS4_ILi128EEvS7_S9_SA_iiSB_SB_EUliifE_EEviiiiT1_T2_T3_SB_SB_', 1024 bytes spill stores, 1028 bytes spill loads
ptxas info    : (C7515) Potential Performance Loss: wgmma.mma_async instructions are serialized due to non wgmma instructions defining accumulator registers of a wgmma between start and end of the pipeline stage in the function '_ZN2sg5fused4sm905dectc25tc_gemm_block_unpipelinedILi128ELi2EZNS2_24dectc_dw_run_tile_splitkILi128EEEvPKNS2_9DecDwSpecEiiiPfP13__nv_bfloat16SA_EUliiE_ZS4_ILi128EEvS7_iiiS8_SA_SA_EUliiE0_ZS4_ILi128EEvS7_iiiS8_SA_SA_EUliifE_EEviiiiT1_T2_T3_SA_SA_'
ptxas warning : Registers are spilled to local memory in function '_ZN2sg5fused4sm9027fused_decoder_megakernel_tcILNS1_5OptIdE2EEEvNS0_17PersistentContextEPfNS1_15DecoderTokenCtxES5_fiNS1_13FusedOptStateE', 64 bytes spill stores, 72 bytes spill loads
ptxas warning : Registers are spilled to local memory in function '_ZN2sg5fused4sm905dectc25tc_gemm_block_unpipelinedILi128ELi2EZNS2_14dectc_gemm_fwdILi128EEEvPK13__nv_bfloat16PKfPS5_iiSA_SA_EUliiE_ZS4_ILi128EEvS7_S9_SA_iiSA_SA_EUliiE0_ZS4_ILi128EEvS7_S9_SA_iiSA_SA_EUliifE_EEviiiiT1_T2_T3_SA_SA_', 2048 bytes spill stores, 2048 bytes spill loads
ptxas warning : Registers are spilled to local memory in function '_ZN2sg5fused4sm905dectc25tc_gemm_block_unpipelinedILi128ELi2EZNS2_17dectc_gemm_dx_f32ILi128EEEvPK13__nv_bfloat16PKfPfiiPS5_SB_EUliiE_ZS4_ILi128EEvS7_S9_SA_iiSB_SB_EUliiE0_ZS4_ILi128EEvS7_S9_SA_iiSB_SB_EUliifE_EEviiiiT1_T2_T3_SB_SB_', 1024 bytes spill stores, 1028 bytes spill loads
ptxas info    : (C7515) Potential Performance Loss: wgmma.mma_async instructions are serialized due to non wgmma instructions defining accumulator registers of a wgmma between start and end of the pipeline stage in the function '_ZN2sg5fused4sm905dectc25tc_gemm_block_unpipelinedILi128ELi2EZNS2_24dectc_dw_run_tile_splitkILi128EEEvPKNS2_9DecDwSpecEiiiPfP13__nv_bfloat16SA_EUliiE_ZS4_ILi128EEvS7_iiiS8_SA_SA_EUliiE0_ZS4_ILi128EEvS7_iiiS8_SA_SA_EUliifE_EEviiiiT1_T2_T3_SA_SA_'
ptxas warning : Registers are spilled to local memory in function '_ZN2sg5fused4sm9027fused_decoder_megakernel_tcILNS1_5OptIdE1EEEvNS0_17PersistentContextEPfNS1_15DecoderTokenCtxES5_fiNS1_13FusedOptStateE', 64 bytes spill stores, 72 bytes spill loads
ptxas warning : Registers are spilled to local memory in function '_ZN2sg5fused4sm905dectc25tc_gemm_block_unpipelinedILi128ELi2EZNS2_14dectc_gemm_fwdILi128EEEvPK13__nv_bfloat16PKfPS5_iiSA_SA_EUliiE_ZS4_ILi128EEvS7_S9_SA_iiSA_SA_EUliiE0_ZS4_ILi128EEvS7_S9_SA_iiSA_SA_EUliifE_EEviiiiT1_T2_T3_SA_SA_', 2048 bytes spill stores, 2048 bytes spill loads
ptxas warning : Registers are spilled to local memory in function '_ZN2sg5fused4sm905dectc25tc_gemm_block_unpipelinedILi128ELi2EZNS2_17dectc_gemm_dx_f32ILi128EEEvPK13__nv_bfloat16PKfPfiiPS5_SB_EUliiE_ZS4_ILi128EEvS7_S9_SA_iiSB_SB_EUliiE0_ZS4_ILi128EEvS7_S9_SA_iiSB_SB_EUliifE_EEviiiiT1_T2_T3_SB_SB_', 1024 bytes spill stores, 1028 bytes spill loads
ptxas info    : (C7515) Potential Performance Loss: wgmma.mma_async instructions are serialized due to non wgmma instructions defining accumulator registers of a wgmma between start and end of the pipeline stage in the function '_ZN2sg5fused4sm905dectc25tc_gemm_block_unpipelinedILi128ELi2EZNS2_24dectc_dw_run_tile_splitkILi128EEEvPKNS2_9DecDwSpecEiiiPfP13__nv_bfloat16SA_EUliiE_ZS4_ILi128EEvS7_iiiS8_SA_SA_EUliiE0_ZS4_ILi128EEvS7_iiiS8_SA_SA_EUliifE_EEviiiiT1_T2_T3_SA_SA_'
ptxas warning : Registers are spilled to local memory in function '_ZN2sg5fused4sm9027fused_decoder_megakernel_tcILNS1_5OptIdE0EEEvNS0_17PersistentContextEPfNS1_15DecoderTokenCtxES5_fiNS1_13FusedOptStateE', 64 bytes spill stores, 72 bytes spill loads
ptxas warning : Registers are spilled to local memory in function '_ZN2sg5fused4sm905dectc25tc_gemm_block_unpipelinedILi128ELi2EZNS2_14dectc_gemm_fwdILi128EEEvPK13__nv_bfloat16PKfPS5_iiSA_SA_EUliiE_ZS4_ILi128EEvS7_S9_SA_iiSA_SA_EUliiE0_ZS4_ILi128EEvS7_S9_SA_iiSA_SA_EUliifE_EEviiiiT1_T2_T3_SA_SA_', 2048 bytes spill stores, 2048 bytes spill loads
ptxas warning : Registers are spilled to local memory in function '_ZN2sg5fused4sm905dectc25tc_gemm_block_unpipelinedILi128ELi2EZNS2_17dectc_gemm_dx_f32ILi128EEEvPK13__nv_bfloat16PKfPfiiPS5_SB_EUliiE_ZS4_ILi128EEvS7_S9_SA_iiSB_SB_EUliiE0_ZS4_ILi128EEvS7_S9_SA_iiSB_SB_EUliifE_EEviiiiT1_T2_T3_SB_SB_', 1024 bytes spill stores, 1028 bytes spill loads
ptxas info    : 23 bytes gmem
ptxas info    : Compiling entry function '_ZN2sg5fused4sm9027fused_decoder_megakernel_tcILNS1_5OptIdE10EEEvNS0_17PersistentContextEPfNS1_15DecoderTokenCtxES5_fiNS1_13FusedOptStateE' for 'sm_90a'
ptxas info    : Function properties for _ZN2sg5fused4sm9027fused_decoder_megakernel_tcILNS1_5OptIdE10EEEvNS0_17PersistentContextEPfNS1_15DecoderTokenCtxES5_fiNS1_13FusedOptStateE
    2688 bytes stack frame, 696 bytes spill stores, 2060 bytes spill loads
ptxas info    : Used 255 registers, 2688 bytes cumulative stack size, 43188 bytes smem
ptxas info    : Function properties for _ZN2sg5fused4sm905dectc25tc_gemm_block_unpipelinedILi128ELi2EZNS2_14dectc_gemm_fwdILi128EEEvPK13__nv_bfloat16PKfPS5_iiSA_SA_EUliiE_ZS4_ILi128EEvS7_S9_SA_iiSA_SA_EUliiE0_ZS4_ILi128EEvS7_S9_SA_iiSA_SA_EUliifE_EEviiiiT1_T2_T3_SA_SA_
    0 bytes stack frame, 2048 bytes spill stores, 2048 bytes spill loads
ptxas info    : Function properties for _ZN2sg5fused4sm905dectc25tc_gemm_block_unpipelinedILi128ELi2EZNS2_17dectc_gemm_dx_f32ILi128EEEvPK13__nv_bfloat16PKfPfiiPS5_SB_EUliiE_ZS4_ILi128EEvS7_S9_SA_iiSB_SB_EUliiE0_ZS4_ILi128EEvS7_S9_SA_iiSB_SB_EUliifE_EEviiiiT1_T2_T3_SB_SB_
    0 bytes stack frame, 2048 bytes spill stores, 2048 bytes spill loads
ptxas info    : Function properties for _ZN2sg5fused4sm905dectc25tc_gemm_block_unpipelinedILi128ELi2EZNS2_18dectc_gemm_fwd_f32ILi128EEEvPK13__nv_bfloat16PKfPfiiPS5_SB_EUliiE_ZS4_ILi128EEvS7_S9_SA_iiSB_SB_EUliiE0_ZS4_ILi128EEvS7_S9_SA_iiSB_SB_EUliifE_EEviiiiT1_T2_T3_SB_SB_
    0 bytes stack frame, 1024 bytes spill stores, 1024 bytes spill loads
ptxas info    : Function properties for _ZN2sg5fused4sm905dectc25tc_gemm_block_unpipelinedILi128ELi2EZNS2_24dectc_dw_run_tile_splitkILi128EEEvPKNS2_9DecDwSpecEiiiPfP13__nv_bfloat16SA_EUliiE_ZS4_ILi128EEvS7_iiiS8_SA_SA_EUliiE0_ZS4_ILi128EEvS7_iiiS8_SA_SA_EUliifE_EEviiiiT1_T2_T3_SA_SA_
    0 bytes stack frame, 0 bytes spill stores, 0 bytes spill loads
ptxas info    : Compiling entry function '_ZN2sg5fused4sm9027fused_decoder_megakernel_tcILNS1_5OptIdE9EEEvNS0_17PersistentContextEPfNS1_15DecoderTokenCtxES5_fiNS1_13FusedOptStateE' for 'sm_90a'
ptxas info    : Function properties for _ZN2sg5fused4sm9027fused_decoder_megakernel_tcILNS1_5OptIdE9EEEvNS0_17PersistentContextEPfNS1_15DecoderTokenCtxES5_fiNS1_13FusedOptStateE
    2448 bytes stack frame, 244 bytes spill stores, 1332 bytes spill loads
ptxas info    : Used 255 registers, 2448 bytes cumulative stack size, 43700 bytes smem
ptxas info    : Function properties for _ZN2sg5fused4sm905dectc25tc_gemm_block_unpipelinedILi128ELi2EZNS2_14dectc_gemm_fwdILi128EEEvPK13__nv_bfloat16PKfPS5_iiSA_SA_EUliiE_ZS4_ILi128EEvS7_S9_SA_iiSA_SA_EUliiE0_ZS4_ILi128EEvS7_S9_SA_iiSA_SA_EUliifE_EEviiiiT1_T2_T3_SA_SA_
    0 bytes stack frame, 2048 bytes spill stores, 2048 bytes spill loads
ptxas info    : Function properties for _ZN2sg5fused4sm905dectc25tc_gemm_block_unpipelinedILi128ELi2EZNS2_17dectc_gemm_dx_f32ILi128EEEvPK13__nv_bfloat16PKfPfiiPS5_SB_EUliiE_ZS4_ILi128EEvS7_S9_SA_iiSB_SB_EUliiE0_ZS4_ILi128EEvS7_S9_SA_iiSB_SB_EUliifE_EEviiiiT1_T2_T3_SB_SB_
    0 bytes stack frame, 2048 bytes spill stores, 2048 bytes spill loads
ptxas info    : Function properties for _ZN2sg5fused4sm905dectc25tc_gemm_block_unpipelinedILi128ELi2EZNS2_18dectc_gemm_fwd_f32ILi128EEEvPK13__nv_bfloat16PKfPfiiPS5_SB_EUliiE_ZS4_ILi128EEvS7_S9_SA_iiSB_SB_EUliiE0_ZS4_ILi128EEvS7_S9_SA_iiSB_SB_EUliifE_EEviiiiT1_T2_T3_SB_SB_
    0 bytes stack frame, 1024 bytes spill stores, 1024 bytes spill loads
ptxas info    : Function properties for _ZN2sg5fused4sm905dectc25tc_gemm_block_unpipelinedILi128ELi2EZNS2_24dectc_dw_run_tile_splitkILi128EEEvPKNS2_9DecDwSpecEiiiPfP13__nv_bfloat16SA_EUliiE_ZS4_ILi128EEvS7_iiiS8_SA_SA_EUliiE0_ZS4_ILi128EEvS7_iiiS8_SA_SA_EUliifE_EEviiiiT1_T2_T3_SA_SA_
    0 bytes stack frame, 0 bytes spill stores, 0 bytes spill loads
ptxas info    : Compiling entry function '_ZN2sg5fused4sm9027fused_decoder_megakernel_tcILNS1_5OptIdE8EEEvNS0_17PersistentContextEPfNS1_15DecoderTokenCtxES5_fiNS1_13FusedOptStateE' for 'sm_90a'
ptxas info    : Function properties for _ZN2sg5fused4sm9027fused_decoder_megakernel_tcILNS1_5OptIdE8EEEvNS0_17PersistentContextEPfNS1_15DecoderTokenCtxES5_fiNS1_13FusedOptStateE
    2448 bytes stack frame, 244 bytes spill stores, 1332 bytes spill loads
ptxas info    : Used 255 registers, 2448 bytes cumulative stack size, 43828 bytes smem
ptxas info    : Function properties for _ZN2sg5fused4sm905dectc25tc_gemm_block_unpipelinedILi128ELi2EZNS2_14dectc_gemm_fwdILi128EEEvPK13__nv_bfloat16PKfPS5_iiSA_SA_EUliiE_ZS4_ILi128EEvS7_S9_SA_iiSA_SA_EUliiE0_ZS4_ILi128EEvS7_S9_SA_iiSA_SA_EUliifE_EEviiiiT1_T2_T3_SA_SA_
    0 bytes stack frame, 2048 bytes spill stores, 2048 bytes spill loads
ptxas info    : Function properties for _ZN2sg5fused4sm905dectc25tc_gemm_block_unpipelinedILi128ELi2EZNS2_17dectc_gemm_dx_f32ILi128EEEvPK13__nv_bfloat16PKfPfiiPS5_SB_EUliiE_ZS4_ILi128EEvS7_S9_SA_iiSB_SB_EUliiE0_ZS4_ILi128EEvS7_S9_SA_iiSB_SB_EUliifE_EEviiiiT1_T2_T3_SB_SB_
    0 bytes stack frame, 2048 bytes spill stores, 2048 bytes spill loads
ptxas info    : Function properties for _ZN2sg5fused4sm905dectc25tc_gemm_block_unpipelinedILi128ELi2EZNS2_18dectc_gemm_fwd_f32ILi128EEEvPK13__nv_bfloat16PKfPfiiPS5_SB_EUliiE_ZS4_ILi128EEvS7_S9_SA_iiSB_SB_EUliiE0_ZS4_ILi128EEvS7_S9_SA_iiSB_SB_EUliifE_EEviiiiT1_T2_T3_SB_SB_
    0 bytes stack frame, 1024 bytes spill stores, 1024 bytes spill loads
ptxas info    : Function properties for _ZN2sg5fused4sm905dectc25tc_gemm_block_unpipelinedILi128ELi2EZNS2_24dectc_dw_run_tile_splitkILi128EEEvPKNS2_9DecDwSpecEiiiPfP13__nv_bfloat16SA_EUliiE_ZS4_ILi128EEvS7_iiiS8_SA_SA_EUliiE0_ZS4_ILi128EEvS7_iiiS8_SA_SA_EUliifE_EEviiiiT1_T2_T3_SA_SA_
    0 bytes stack frame, 0 bytes spill stores, 0 bytes spill loads
ptxas info    : Compiling entry function '_ZN2sg5fused4sm9027fused_decoder_megakernel_tcILNS1_5OptIdE4EEEvNS0_17PersistentContextEPfNS1_15DecoderTokenCtxES5_fiNS1_13FusedOptStateE' for 'sm_90a'
ptxas info    : Function properties for _ZN2sg5fused4sm9027fused_decoder_megakernel_tcILNS1_5OptIdE4EEEvNS0_17PersistentContextEPfNS1_15DecoderTokenCtxES5_fiNS1_13FusedOptStateE
    2448 bytes stack frame, 248 bytes spill stores, 1332 bytes spill loads
ptxas info    : Used 255 registers, 2448 bytes cumulative stack size, 43188 bytes smem
ptxas info    : Function properties for _ZN2sg5fused4sm905dectc25tc_gemm_block_unpipelinedILi128ELi2EZNS2_14dectc_gemm_fwdILi128EEEvPK13__nv_bfloat16PKfPS5_iiSA_SA_EUliiE_ZS4_ILi128EEvS7_S9_SA_iiSA_SA_EUliiE0_ZS4_ILi128EEvS7_S9_SA_iiSA_SA_EUliifE_EEviiiiT1_T2_T3_SA_SA_
    0 bytes stack frame, 2048 bytes spill stores, 2048 bytes spill loads
ptxas info    : Function properties for _ZN2sg5fused4sm905dectc25tc_gemm_block_unpipelinedILi128ELi2EZNS2_17dectc_gemm_dx_f32ILi128EEEvPK13__nv_bfloat16PKfPfiiPS5_SB_EUliiE_ZS4_ILi128EEvS7_S9_SA_iiSB_SB_EUliiE0_ZS4_ILi128EEvS7_S9_SA_iiSB_SB_EUliifE_EEviiiiT1_T2_T3_SB_SB_
    0 bytes stack frame, 2048 bytes spill stores, 2048 bytes spill loads
ptxas info    : Function properties for _ZN2sg5fused4sm905dectc25tc_gemm_block_unpipelinedILi128ELi2EZNS2_18dectc_gemm_fwd_f32ILi128EEEvPK13__nv_bfloat16PKfPfiiPS5_SB_EUliiE_ZS4_ILi128EEvS7_S9_SA_iiSB_SB_EUliiE0_ZS4_ILi128EEvS7_S9_SA_iiSB_SB_EUliifE_EEviiiiT1_T2_T3_SB_SB_
    0 bytes stack frame, 1024 bytes spill stores, 1024 bytes spill loads
ptxas info    : Function properties for _ZN2sg5fused4sm905dectc25tc_gemm_block_unpipelinedILi128ELi2EZNS2_24dectc_dw_run_tile_splitkILi128EEEvPKNS2_9DecDwSpecEiiiPfP13__nv_bfloat16SA_EUliiE_ZS4_ILi128EEvS7_iiiS8_SA_SA_EUliiE0_ZS4_ILi128EEvS7_iiiS8_SA_SA_EUliifE_EEviiiiT1_T2_T3_SA_SA_
    0 bytes stack frame, 0 bytes spill stores, 0 bytes spill loads
ptxas info    : Compiling entry function '_ZN2sg5fused4sm9027fused_decoder_megakernel_tcILNS1_5OptIdE7EEEvNS0_17PersistentContextEPfNS1_15DecoderTokenCtxES5_fiNS1_13FusedOptStateE' for 'sm_90a'
ptxas info    : Function properties for _ZN2sg5fused4sm9027fused_decoder_megakernel_tcILNS1_5OptIdE7EEEvNS0_17PersistentContextEPfNS1_15DecoderTokenCtxES5_fiNS1_13FusedOptStateE
    1856 bytes stack frame, 140 bytes spill stores, 468 bytes spill loads
ptxas info    : Used 255 registers, 1856 bytes cumulative stack size, 43316 bytes smem
ptxas info    : Function properties for _ZN2sg5fused4sm905dectc25tc_gemm_block_unpipelinedILi128ELi2EZNS2_14dectc_gemm_fwdILi128EEEvPK13__nv_bfloat16PKfPS5_iiSA_SA_EUliiE_ZS4_ILi128EEvS7_S9_SA_iiSA_SA_EUliiE0_ZS4_ILi128EEvS7_S9_SA_iiSA_SA_EUliifE_EEviiiiT1_T2_T3_SA_SA_
    0 bytes stack frame, 2048 bytes spill stores, 2056 bytes spill loads
ptxas info    : Function properties for _ZN2sg5fused4sm905dectc25tc_gemm_block_unpipelinedILi128ELi2EZNS2_17dectc_gemm_dx_f32ILi128EEEvPK13__nv_bfloat16PKfPfiiPS5_SB_EUliiE_ZS4_ILi128EEvS7_S9_SA_iiSB_SB_EUliiE0_ZS4_ILi128EEvS7_S9_SA_iiSB_SB_EUliifE_EEviiiiT1_T2_T3_SB_SB_
    0 bytes stack frame, 1024 bytes spill stores, 1028 bytes spill loads
ptxas info    : Function properties for _ZN2sg5fused4sm905dectc25tc_gemm_block_unpipelinedILi128ELi2EZNS2_18dectc_gemm_fwd_f32ILi128EEEvPK13__nv_bfloat16PKfPfiiPS5_SB_EUliiE_ZS4_ILi128EEvS7_S9_SA_iiSB_SB_EUliiE0_ZS4_ILi128EEvS7_S9_SA_iiSB_SB_EUliifE_EEviiiiT1_T2_T3_SB_SB_
    0 bytes stack frame, 0 bytes spill stores, 0 bytes spill loads
ptxas info    : Function properties for _ZN2sg5fused4sm905dectc25tc_gemm_block_unpipelinedILi128ELi2EZNS2_24dectc_dw_run_tile_splitkILi128EEEvPKNS2_9DecDwSpecEiiiPfP13__nv_bfloat16SA_EUliiE_ZS4_ILi128EEvS7_iiiS8_SA_SA_EUliiE0_ZS4_ILi128EEvS7_iiiS8_SA_SA_EUliifE_EEviiiiT1_T2_T3_SA_SA_
    0 bytes stack frame, 0 bytes spill stores, 0 bytes spill loads
ptxas info    : Compiling entry function '_ZN2sg5fused4sm9027fused_decoder_megakernel_tcILNS1_5OptIdE5EEEvNS0_17PersistentContextEPfNS1_15DecoderTokenCtxES5_fiNS1_13FusedOptStateE' for 'sm_90a'
ptxas info    : Function properties for _ZN2sg5fused4sm9027fused_decoder_megakernel_tcILNS1_5OptIdE5EEEvNS0_17PersistentContextEPfNS1_15DecoderTokenCtxES5_fiNS1_13FusedOptStateE
    1824 bytes stack frame, 120 bytes spill stores, 236 bytes spill loads
ptxas info    : Used 255 registers, 1824 bytes cumulative stack size, 43444 bytes smem
ptxas info    : Function properties for _ZN2sg5fused4sm905dectc25tc_gemm_block_unpipelinedILi128ELi2EZNS2_14dectc_gemm_fwdILi128EEEvPK13__nv_bfloat16PKfPS5_iiSA_SA_EUliiE_ZS4_ILi128EEvS7_S9_SA_iiSA_SA_EUliiE0_ZS4_ILi128EEvS7_S9_SA_iiSA_SA_EUliifE_EEviiiiT1_T2_T3_SA_SA_
    0 bytes stack frame, 2048 bytes spill stores, 2048 bytes spill loads
ptxas info    : Function properties for _ZN2sg5fused4sm905dectc25tc_gemm_block_unpipelinedILi128ELi2EZNS2_17dectc_gemm_dx_f32ILi128EEEvPK13__nv_bfloat16PKfPfiiPS5_SB_EUliiE_ZS4_ILi128EEvS7_S9_SA_iiSB_SB_EUliiE0_ZS4_ILi128EEvS7_S9_SA_iiSB_SB_EUliifE_EEviiiiT1_T2_T3_SB_SB_
    0 bytes stack frame, 1024 bytes spill stores, 1028 bytes spill loads
ptxas info    : Function properties for _ZN2sg5fused4sm905dectc25tc_gemm_block_unpipelinedILi128ELi2EZNS2_18dectc_gemm_fwd_f32ILi128EEEvPK13__nv_bfloat16PKfPfiiPS5_SB_EUliiE_ZS4_ILi128EEvS7_S9_SA_iiSB_SB_EUliiE0_ZS4_ILi128EEvS7_S9_SA_iiSB_SB_EUliifE_EEviiiiT1_T2_T3_SB_SB_
    0 bytes stack frame, 0 bytes spill stores, 0 bytes spill loads
ptxas info    : Function properties for _ZN2sg5fused4sm905dectc25tc_gemm_block_unpipelinedILi128ELi2EZNS2_24dectc_dw_run_tile_splitkILi128EEEvPKNS2_9DecDwSpecEiiiPfP13__nv_bfloat16SA_EUliiE_ZS4_ILi128EEvS7_iiiS8_SA_SA_EUliiE0_ZS4_ILi128EEvS7_iiiS8_SA_SA_EUliifE_EEviiiiT1_T2_T3_SA_SA_
    0 bytes stack frame, 0 bytes spill stores, 0 bytes spill loads
ptxas info    : Compiling entry function '_ZN2sg5fused4sm9027fused_decoder_megakernel_tcILNS1_5OptIdE6EEEvNS0_17PersistentContextEPfNS1_15DecoderTokenCtxES5_fiNS1_13FusedOptStateE' for 'sm_90a'
ptxas info    : Function properties for _ZN2sg5fused4sm9027fused_decoder_megakernel_tcILNS1_5OptIdE6EEEvNS0_17PersistentContextEPfNS1_15DecoderTokenCtxES5_fiNS1_13FusedOptStateE
    1776 bytes stack frame, 64 bytes spill stores, 72 bytes spill loads
ptxas info    : Used 255 registers, 1776 bytes cumulative stack size, 43188 bytes smem
ptxas info    : Function properties for _ZN2sg5fused4sm905dectc25tc_gemm_block_unpipelinedILi128ELi2EZNS2_14dectc_gemm_fwdILi128EEEvPK13__nv_bfloat16PKfPS5_iiSA_SA_EUliiE_ZS4_ILi128EEvS7_S9_SA_iiSA_SA_EUliiE0_ZS4_ILi128EEvS7_S9_SA_iiSA_SA_EUliifE_EEviiiiT1_T2_T3_SA_SA_
    0 bytes stack frame, 2048 bytes spill stores, 2048 bytes spill loads
ptxas info    : Function properties for _ZN2sg5fused4sm905dectc25tc_gemm_block_unpipelinedILi128ELi2EZNS2_17dectc_gemm_dx_f32ILi128EEEvPK13__nv_bfloat16PKfPfiiPS5_SB_EUliiE_ZS4_ILi128EEvS7_S9_SA_iiSB_SB_EUliiE0_ZS4_ILi128EEvS7_S9_SA_iiSB_SB_EUliifE_EEviiiiT1_T2_T3_SB_SB_
    0 bytes stack frame, 1024 bytes spill stores, 1028 bytes spill loads
ptxas info    : Function properties for _ZN2sg5fused4sm905dectc25tc_gemm_block_unpipelinedILi128ELi2EZNS2_18dectc_gemm_fwd_f32ILi128EEEvPK13__nv_bfloat16PKfPfiiPS5_SB_EUliiE_ZS4_ILi128EEvS7_S9_SA_iiSB_SB_EUliiE0_ZS4_ILi128EEvS7_S9_SA_iiSB_SB_EUliifE_EEviiiiT1_T2_T3_SB_SB_
    0 bytes stack frame, 0 bytes spill stores, 0 bytes spill loads
ptxas info    : Function properties for _ZN2sg5fused4sm905dectc25tc_gemm_block_unpipelinedILi128ELi2EZNS2_24dectc_dw_run_tile_splitkILi128EEEvPKNS2_9DecDwSpecEiiiPfP13__nv_bfloat16SA_EUliiE_ZS4_ILi128EEvS7_iiiS8_SA_SA_EUliiE0_ZS4_ILi128EEvS7_iiiS8_SA_SA_EUliifE_EEviiiiT1_T2_T3_SA_SA_
    0 bytes stack frame, 0 bytes spill stores, 0 bytes spill loads
ptxas info    : Compiling entry function '_ZN2sg5fused4sm9027fused_decoder_megakernel_tcILNS1_5OptIdE3EEEvNS0_17PersistentContextEPfNS1_15DecoderTokenCtxES5_fiNS1_13FusedOptStateE' for 'sm_90a'
ptxas info    : Function properties for _ZN2sg5fused4sm9027fused_decoder_megakernel_tcILNS1_5OptIdE3EEEvNS0_17PersistentContextEPfNS1_15DecoderTokenCtxES5_fiNS1_13FusedOptStateE
    1808 bytes stack frame, 100 bytes spill stores, 196 bytes spill loads
ptxas info    : Used 255 registers, 1808 bytes cumulative stack size, 43188 bytes smem
ptxas info    : Function properties for _ZN2sg5fused4sm905dectc25tc_gemm_block_unpipelinedILi128ELi2EZNS2_14dectc_gemm_fwdILi128EEEvPK13__nv_bfloat16PKfPS5_iiSA_SA_EUliiE_ZS4_ILi128EEvS7_S9_SA_iiSA_SA_EUliiE0_ZS4_ILi128EEvS7_S9_SA_iiSA_SA_EUliifE_EEviiiiT1_T2_T3_SA_SA_
    0 bytes stack frame, 2048 bytes spill stores, 2048 bytes spill loads
ptxas info    : Function properties for _ZN2sg5fused4sm905dectc25tc_gemm_block_unpipelinedILi128ELi2EZNS2_17dectc_gemm_dx_f32ILi128EEEvPK13__nv_bfloat16PKfPfiiPS5_SB_EUliiE_ZS4_ILi128EEvS7_S9_SA_iiSB_SB_EUliiE0_ZS4_ILi128EEvS7_S9_SA_iiSB_SB_EUliifE_EEviiiiT1_T2_T3_SB_SB_
    0 bytes stack frame, 1024 bytes spill stores, 1028 bytes spill loads
ptxas info    : Function properties for _ZN2sg5fused4sm905dectc25tc_gemm_block_unpipelinedILi128ELi2EZNS2_18dectc_gemm_fwd_f32ILi128EEEvPK13__nv_bfloat16PKfPfiiPS5_SB_EUliiE_ZS4_ILi128EEvS7_S9_SA_iiSB_SB_EUliiE0_ZS4_ILi128EEvS7_S9_SA_iiSB_SB_EUliifE_EEviiiiT1_T2_T3_SB_SB_
    0 bytes stack frame, 0 bytes spill stores, 0 bytes spill loads
ptxas info    : Function properties for _ZN2sg5fused4sm905dectc25tc_gemm_block_unpipelinedILi128ELi2EZNS2_24dectc_dw_run_tile_splitkILi128EEEvPKNS2_9DecDwSpecEiiiPfP13__nv_bfloat16SA_EUliiE_ZS4_ILi128EEvS7_iiiS8_SA_SA_EUliiE0_ZS4_ILi128EEvS7_iiiS8_SA_SA_EUliifE_EEviiiiT1_T2_T3_SA_SA_
    0 bytes stack frame, 0 bytes spill stores, 0 bytes spill loads
ptxas info    : Compiling entry function '_ZN2sg5fused4sm9027fused_decoder_megakernel_tcILNS1_5OptIdE2EEEvNS0_17PersistentContextEPfNS1_15DecoderTokenCtxES5_fiNS1_13FusedOptStateE' for 'sm_90a'
ptxas info    : Function properties for _ZN2sg5fused4sm9027fused_decoder_megakernel_tcILNS1_5OptIdE2EEEvNS0_17PersistentContextEPfNS1_15DecoderTokenCtxES5_fiNS1_13FusedOptStateE
    1776 bytes stack frame, 64 bytes spill stores, 72 bytes spill loads
ptxas info    : Used 255 registers, 1776 bytes cumulative stack size, 43188 bytes smem
ptxas info    : Function properties for _ZN2sg5fused4sm905dectc25tc_gemm_block_unpipelinedILi128ELi2EZNS2_14dectc_gemm_fwdILi128EEEvPK13__nv_bfloat16PKfPS5_iiSA_SA_EUliiE_ZS4_ILi128EEvS7_S9_SA_iiSA_SA_EUliiE0_ZS4_ILi128EEvS7_S9_SA_iiSA_SA_EUliifE_EEviiiiT1_T2_T3_SA_SA_
    0 bytes stack frame, 2048 bytes spill stores, 2048 bytes spill loads
ptxas info    : Function properties for _ZN2sg5fused4sm905dectc25tc_gemm_block_unpipelinedILi128ELi2EZNS2_17dectc_gemm_dx_f32ILi128EEEvPK13__nv_bfloat16PKfPfiiPS5_SB_EUliiE_ZS4_ILi128EEvS7_S9_SA_iiSB_SB_EUliiE0_ZS4_ILi128EEvS7_S9_SA_iiSB_SB_EUliifE_EEviiiiT1_T2_T3_SB_SB_
    0 bytes stack frame, 1024 bytes spill stores, 1028 bytes spill loads
ptxas info    : Function properties for _ZN2sg5fused4sm905dectc25tc_gemm_block_unpipelinedILi128ELi2EZNS2_18dectc_gemm_fwd_f32ILi128EEEvPK13__nv_bfloat16PKfPfiiPS5_SB_EUliiE_ZS4_ILi128EEvS7_S9_SA_iiSB_SB_EUliiE0_ZS4_ILi128EEvS7_S9_SA_iiSB_SB_EUliifE_EEviiiiT1_T2_T3_SB_SB_
    0 bytes stack frame, 0 bytes spill stores, 0 bytes spill loads
ptxas info    : Function properties for _ZN2sg5fused4sm905dectc25tc_gemm_block_unpipelinedILi128ELi2EZNS2_24dectc_dw_run_tile_splitkILi128EEEvPKNS2_9DecDwSpecEiiiPfP13__nv_bfloat16SA_EUliiE_ZS4_ILi128EEvS7_iiiS8_SA_SA_EUliiE0_ZS4_ILi128EEvS7_iiiS8_SA_SA_EUliifE_EEviiiiT1_T2_T3_SA_SA_
    0 bytes stack frame, 0 bytes spill stores, 0 bytes spill loads
ptxas info    : Compiling entry function '_ZN2sg5fused4sm9027fused_decoder_megakernel_tcILNS1_5OptIdE1EEEvNS0_17PersistentContextEPfNS1_15DecoderTokenCtxES5_fiNS1_13FusedOptStateE' for 'sm_90a'
ptxas info    : Function properties for _ZN2sg5fused4sm9027fused_decoder_megakernel_tcILNS1_5OptIdE1EEEvNS0_17PersistentContextEPfNS1_15DecoderTokenCtxES5_fiNS1_13FusedOptStateE
    1776 bytes stack frame, 64 bytes spill stores, 72 bytes spill loads
ptxas info    : Used 255 registers, 1776 bytes cumulative stack size, 43188 bytes smem
ptxas info    : Function properties for _ZN2sg5fused4sm905dectc25tc_gemm_block_unpipelinedILi128ELi2EZNS2_14dectc_gemm_fwdILi128EEEvPK13__nv_bfloat16PKfPS5_iiSA_SA_EUliiE_ZS4_ILi128EEvS7_S9_SA_iiSA_SA_EUliiE0_ZS4_ILi128EEvS7_S9_SA_iiSA_SA_EUliifE_EEviiiiT1_T2_T3_SA_SA_
    0 bytes stack frame, 2048 bytes spill stores, 2048 bytes spill loads
ptxas info    : Function properties for _ZN2sg5fused4sm905dectc25tc_gemm_block_unpipelinedILi128ELi2EZNS2_17dectc_gemm_dx_f32ILi128EEEvPK13__nv_bfloat16PKfPfiiPS5_SB_EUliiE_ZS4_ILi128EEvS7_S9_SA_iiSB_SB_EUliiE0_ZS4_ILi128EEvS7_S9_SA_iiSB_SB_EUliifE_EEviiiiT1_T2_T3_SB_SB_
    0 bytes stack frame, 1024 bytes spill stores, 1028 bytes spill loads
ptxas info    : Function properties for _ZN2sg5fused4sm905dectc25tc_gemm_block_unpipelinedILi128ELi2EZNS2_18dectc_gemm_fwd_f32ILi128EEEvPK13__nv_bfloat16PKfPfiiPS5_SB_EUliiE_ZS4_ILi128EEvS7_S9_SA_iiSB_SB_EUliiE0_ZS4_ILi128EEvS7_S9_SA_iiSB_SB_EUliifE_EEviiiiT1_T2_T3_SB_SB_
    0 bytes stack frame, 0 bytes spill stores, 0 bytes spill loads
ptxas info    : Function properties for _ZN2sg5fused4sm905dectc25tc_gemm_block_unpipelinedILi128ELi2EZNS2_24dectc_dw_run_tile_splitkILi128EEEvPKNS2_9DecDwSpecEiiiPfP13__nv_bfloat16SA_EUliiE_ZS4_ILi128EEvS7_iiiS8_SA_SA_EUliiE0_ZS4_ILi128EEvS7_iiiS8_SA_SA_EUliifE_EEviiiiT1_T2_T3_SA_SA_
    0 bytes stack frame, 0 bytes spill stores, 0 bytes spill loads
ptxas info    : Compiling entry function '_ZN2sg5fused4sm9027fused_decoder_megakernel_tcILNS1_5OptIdE0EEEvNS0_17PersistentContextEPfNS1_15DecoderTokenCtxES5_fiNS1_13FusedOptStateE' for 'sm_90a'
ptxas info    : Function properties for _ZN2sg5fused4sm9027fused_decoder_megakernel_tcILNS1_5OptIdE0EEEvNS0_17PersistentContextEPfNS1_15DecoderTokenCtxES5_fiNS1_13FusedOptStateE
    1776 bytes stack frame, 64 bytes spill stores, 72 bytes spill loads
ptxas info    : Used 255 registers, 1776 bytes cumulative stack size, 43188 bytes smem
ptxas info    : Function properties for _ZN2sg5fused4sm905dectc25tc_gemm_block_unpipelinedILi128ELi2EZNS2_14dectc_gemm_fwdILi128EEEvPK13__nv_bfloat16PKfPS5_iiSA_SA_EUliiE_ZS4_ILi128EEvS7_S9_SA_iiSA_SA_EUliiE0_ZS4_ILi128EEvS7_S9_SA_iiSA_SA_EUliifE_EEviiiiT1_T2_T3_SA_SA_
    0 bytes stack frame, 2048 bytes spill stores, 2048 bytes spill loads
ptxas info    : Function properties for _ZN2sg5fused4sm905dectc25tc_gemm_block_unpipelinedILi128ELi2EZNS2_17dectc_gemm_dx_f32ILi128EEEvPK13__nv_bfloat16PKfPfiiPS5_SB_EUliiE_ZS4_ILi128EEvS7_S9_SA_iiSB_SB_EUliiE0_ZS4_ILi128EEvS7_S9_SA_iiSB_SB_EUliifE_EEviiiiT1_T2_T3_SB_SB_
    0 bytes stack frame, 1024 bytes spill stores, 1028 bytes spill loads
ptxas info    : Function properties for _ZN2sg5fused4sm905dectc25tc_gemm_block_unpipelinedILi128ELi2EZNS2_18dectc_gemm_fwd_f32ILi128EEEvPK13__nv_bfloat16PKfPfiiPS5_SB_EUliiE_ZS4_ILi128EEvS7_S9_SA_iiSB_SB_EUliiE0_ZS4_ILi128EEvS7_S9_SA_iiSB_SB_EUliifE_EEviiiiT1_T2_T3_SB_SB_
    0 bytes stack frame, 0 bytes spill stores, 0 bytes spill loads
ptxas info    : Function properties for _ZN2sg5fused4sm905dectc25tc_gemm_block_unpipelinedILi128ELi2EZNS2_24dectc_dw_run_tile_splitkILi128EEEvPKNS2_9DecDwSpecEiiiPfP13__nv_bfloat16SA_EUliiE_ZS4_ILi128EEvS7_iiiS8_SA_SA_EUliiE0_ZS4_ILi128EEvS7_iiiS8_SA_SA_EUliifE_EEviiiiT1_T2_T3_SA_SA_
    0 bytes stack frame, 0 bytes spill stores, 0 bytes spill loads
ptxas info    : Compiling entry function '_ZN3cub17CUB_200302_900_NS11EmptyKernelIvEEvv' for 'sm_90a'
ptxas info    : Function properties for _ZN3cub17CUB_200302_900_NS11EmptyKernelIvEEvv
    0 bytes stack frame, 0 bytes spill stores, 0 bytes spill loads
ptxas info    : Used 4 registers
rc=0
