/dev/shm/expV4/csrc/algorithms/muon.h(76): warning #737-D: using-declaration ignored -- it refers to the current namespace
  using sg::algorithms::adamw_step;
        ^

Remark: The warnings can be suppressed with "-diag-suppress <warning-number>"

/dev/shm/expV4/csrc/algorithms/muon.h(76): warning #737-D: using-declaration ignored -- it refers to the current namespace
  using sg::algorithms::adamw_step;
        ^

Remark: The warnings can be suppressed with "-diag-suppress <warning-number>"

ptxas info    : (C7515) Potential Performance Loss: wgmma.mma_async instructions are serialized due to non wgmma instructions defining accumulator registers of a wgmma between start and end of the pipeline stage in the function '_ZN2sg5fused4sm905dectc24dectc_dw_run_tile_splitkILi128EEEvPKNS2_9DecDwSpecEiiiPfP13__nv_bfloat16S9_'
ptxas warning : Registers are spilled to local memory in function '_ZN2sg5fused4sm9027fused_decoder_megakernel_tcILNS1_5OptIdE10EEEvNS0_17PersistentContextEPfNS1_15DecoderTokenCtxES5_fiNS1_13FusedOptStateE', 392 bytes spill stores, 628 bytes spill loads
ptxas warning : Registers are spilled to local memory in function '_ZN2sg5fused4sm905dectc14dectc_gemm_fwdILi128EEEvPK13__nv_bfloat16PKfPS4_iiS9_S9_', 2264 bytes spill stores, 2264 bytes spill loads
ptxas warning : Registers are spilled to local memory in function '_ZN2sg5fused4sm905dectc17dectc_gemm_dx_f32ILi128EEEvPK13__nv_bfloat16PKfPfiiPS4_SA_', 2276 bytes spill stores, 2276 bytes spill loads
ptxas warning : Registers are spilled to local memory in function '_ZN2sg5fused4sm905dectc18dectc_gemm_fwd_f32ILi128EEEvPK13__nv_bfloat16PKfPfiiPS4_SA_', 1228 bytes spill stores, 1228 bytes spill loads
ptxas info    : (C7515) Potential Performance Loss: wgmma.mma_async instructions are serialized due to non wgmma instructions defining accumulator registers of a wgmma between start and end of the pipeline stage in the function '_ZN2sg5fused4sm905dectc24dectc_dw_run_tile_splitkILi128EEEvPKNS2_9DecDwSpecEiiiPfP13__nv_bfloat16S9_'
ptxas warning : Registers are spilled to local memory in function '_ZN2sg5fused4sm9027fused_decoder_megakernel_tcILNS1_5OptIdE9EEEvNS0_17PersistentContextEPfNS1_15DecoderTokenCtxES5_fiNS1_13FusedOptStateE', 280 bytes spill stores, 1052 bytes spill loads
ptxas warning : Registers are spilled to local memory in function '_ZN2sg5fused4sm905dectc14dectc_gemm_fwdILi128EEEvPK13__nv_bfloat16PKfPS4_iiS9_S9_', 2232 bytes spill stores, 2232 bytes spill loads
ptxas warning : Registers are spilled to local memory in function '_ZN2sg5fused4sm905dectc17dectc_gemm_dx_f32ILi128EEEvPK13__nv_bfloat16PKfPfiiPS4_SA_', 2320 bytes spill stores, 2328 bytes spill loads
ptxas warning : Registers are spilled to local memory in function '_ZN2sg5fused4sm905dectc18dectc_gemm_fwd_f32ILi128EEEvPK13__nv_bfloat16PKfPfiiPS4_SA_', 1264 bytes spill stores, 1272 bytes spill loads
ptxas info    : (C7515) Potential Performance Loss: wgmma.mma_async instructions are serialized due to non wgmma instructions defining accumulator registers of a wgmma between start and end of the pipeline stage in the function '_ZN2sg5fused4sm905dectc24dectc_dw_run_tile_splitkILi128EEEvPKNS2_9DecDwSpecEiiiPfP13__nv_bfloat16S9_'
ptxas warning : Registers are spilled to local memory in function '_ZN2sg5fused4sm9027fused_decoder_megakernel_tcILNS1_5OptIdE8EEEvNS0_17PersistentContextEPfNS1_15DecoderTokenCtxES5_fiNS1_13FusedOptStateE', 280 bytes spill stores, 1052 bytes spill loads
ptxas warning : Registers are spilled to local memory in function '_ZN2sg5fused4sm905dectc14dectc_gemm_fwdILi128EEEvPK13__nv_bfloat16PKfPS4_iiS9_S9_', 2232 bytes spill stores, 2232 bytes spill loads
ptxas warning : Registers are spilled to local memory in function '_ZN2sg5fused4sm905dectc17dectc_gemm_dx_f32ILi128EEEvPK13__nv_bfloat16PKfPfiiPS4_SA_', 2320 bytes spill stores, 2328 bytes spill loads
ptxas warning : Registers are spilled to local memory in function '_ZN2sg5fused4sm905dectc18dectc_gemm_fwd_f32ILi128EEEvPK13__nv_bfloat16PKfPfiiPS4_SA_', 1264 bytes spill stores, 1272 bytes spill loads
ptxas info    : (C7515) Potential Performance Loss: wgmma.mma_async instructions are serialized due to non wgmma instructions defining accumulator registers of a wgmma between start and end of the pipeline stage in the function '_ZN2sg5fused4sm905dectc24dectc_dw_run_tile_splitkILi128EEEvPKNS2_9DecDwSpecEiiiPfP13__nv_bfloat16S9_'
ptxas warning : Registers are spilled to local memory in function '_ZN2sg5fused4sm9027fused_decoder_megakernel_tcILNS1_5OptIdE4EEEvNS0_17PersistentContextEPfNS1_15DecoderTokenCtxES5_fiNS1_13FusedOptStateE', 280 bytes spill stores, 1052 bytes spill loads
ptxas warning : Registers are spilled to local memory in function '_ZN2sg5fused4sm905dectc14dectc_gemm_fwdILi128EEEvPK13__nv_bfloat16PKfPS4_iiS9_S9_', 2232 bytes spill stores, 2232 bytes spill loads
ptxas warning : Registers are spilled to local memory in function '_ZN2sg5fused4sm905dectc17dectc_gemm_dx_f32ILi128EEEvPK13__nv_bfloat16PKfPfiiPS4_SA_', 2320 bytes spill stores, 2328 bytes spill loads
ptxas warning : Registers are spilled to local memory in function '_ZN2sg5fused4sm905dectc18dectc_gemm_fwd_f32ILi128EEEvPK13__nv_bfloat16PKfPfiiPS4_SA_', 1264 bytes spill stores, 1272 bytes spill loads
ptxas info    : (C7515) Potential Performance Loss: wgmma.mma_async instructions are serialized due to non wgmma instructions defining accumulator registers of a wgmma between start and end of the pipeline stage in the function '_ZN2sg5fused4sm905dectc24dectc_dw_run_tile_splitkILi128EEEvPKNS2_9DecDwSpecEiiiPfP13__nv_bfloat16S9_'
ptxas warning : Registers are spilled to local memory in function '_ZN2sg5fused4sm9027fused_decoder_megakernel_tcILNS1_5OptIdE7EEEvNS0_17PersistentContextEPfNS1_15DecoderTokenCtxES5_fiNS1_13FusedOptStateE', 240 bytes spill stores, 912 bytes spill loads
ptxas warning : Registers are spilled to local memory in function '_ZN2sg5fused4sm905dectc14dectc_gemm_fwdILi128EEEvPK13__nv_bfloat16PKfPS4_iiS9_S9_', 2184 bytes spill stores, 2184 bytes spill loads
ptxas warning : Registers are spilled to local memory in function '_ZN2sg5fused4sm905dectc17dectc_gemm_dx_f32ILi128EEEvPK13__nv_bfloat16PKfPfiiPS4_SA_', 1256 bytes spill stores, 1264 bytes spill loads
ptxas info    : (C7515) Potential Performance Loss: wgmma.mma_async instructions are serialized due to non wgmma instructions defining accumulator registers of a wgmma between start and end of the pipeline stage in the function '_ZN2sg5fused4sm905dectc24dectc_dw_run_tile_splitkILi128EEEvPKNS2_9DecDwSpecEiiiPfP13__nv_bfloat16S9_'
ptxas warning : Registers are spilled to local memory in function '_ZN2sg5fused4sm9027fused_decoder_megakernel_tcILNS1_5OptIdE5EEEvNS0_17PersistentContextEPfNS1_15DecoderTokenCtxES5_fiNS1_13FusedOptStateE', 224 bytes spill stores, 484 bytes spill loads
ptxas warning : Registers are spilled to local memory in function '_ZN2sg5fused4sm905dectc14dectc_gemm_fwdILi128EEEvPK13__nv_bfloat16PKfPS4_iiS9_S9_', 2184 bytes spill stores, 2184 bytes spill loads
ptxas warning : Registers are spilled to local memory in function '_ZN2sg5fused4sm905dectc17dectc_gemm_dx_f32ILi128EEEvPK13__nv_bfloat16PKfPfiiPS4_SA_', 1252 bytes spill stores, 1260 bytes spill loads
ptxas info    : (C7515) Potential Performance Loss: wgmma.mma_async instructions are serialized due to non wgmma instructions defining accumulator registers of a wgmma between start and end of the pipeline stage in the function '_ZN2sg5fused4sm905dectc24dectc_dw_run_tile_splitkILi128EEEvPKNS2_9DecDwSpecEiiiPfP13__nv_bfloat16S9_'
ptxas warning : Registers are spilled to local memory in function '_ZN2sg5fused4sm9027fused_decoder_megakernel_tcILNS1_5OptIdE6EEEvNS0_17PersistentContextEPfNS1_15DecoderTokenCtxES5_fiNS1_13FusedOptStateE', 204 bytes spill stores, 380 bytes spill loads
ptxas warning : Registers are spilled to local memory in function '_ZN2sg5fused4sm905dectc14dectc_gemm_fwdILi128EEEvPK13__nv_bfloat16PKfPS4_iiS9_S9_', 2184 bytes spill stores, 2184 bytes spill loads
ptxas warning : Registers are spilled to local memory in function '_ZN2sg5fused4sm905dectc17dectc_gemm_dx_f32ILi128EEEvPK13__nv_bfloat16PKfPfiiPS4_SA_', 1252 bytes spill stores, 1260 bytes spill loads
ptxas info    : (C7515) Potential Performance Loss: wgmma.mma_async instructions are serialized due to non wgmma instructions defining accumulator registers of a wgmma between start and end of the pipeline stage in the function '_ZN2sg5fused4sm905dectc24dectc_dw_run_tile_splitkILi128EEEvPKNS2_9DecDwSpecEiiiPfP13__nv_bfloat16S9_'
ptxas warning : Registers are spilled to local memory in function '_ZN2sg5fused4sm9027fused_decoder_megakernel_tcILNS1_5OptIdE3EEEvNS0_17PersistentContextEPfNS1_15DecoderTokenCtxES5_fiNS1_13FusedOptStateE', 204 bytes spill stores, 404 bytes spill loads
ptxas warning : Registers are spilled to local memory in function '_ZN2sg5fused4sm905dectc14dectc_gemm_fwdILi128EEEvPK13__nv_bfloat16PKfPS4_iiS9_S9_', 2184 bytes spill stores, 2184 bytes spill loads
ptxas warning : Registers are spilled to local memory in function '_ZN2sg5fused4sm905dectc17dectc_gemm_dx_f32ILi128EEEvPK13__nv_bfloat16PKfPfiiPS4_SA_', 1252 bytes spill stores, 1260 bytes spill loads
ptxas info    : (C7515) Potential Performance Loss: wgmma.mma_async instructions are serialized due to non wgmma instructions defining accumulator registers of a wgmma between start and end of the pipeline stage in the function '_ZN2sg5fused4sm905dectc24dectc_dw_run_tile_splitkILi128EEEvPKNS2_9DecDwSpecEiiiPfP13__nv_bfloat16S9_'
ptxas warning : Registers are spilled to local memory in function '_ZN2sg5fused4sm9027fused_decoder_megakernel_tcILNS1_5OptIdE2EEEvNS0_17PersistentContextEPfNS1_15DecoderTokenCtxES5_fiNS1_13FusedOptStateE', 204 bytes spill stores, 380 bytes spill loads
ptxas warning : Registers are spilled to local memory in function '_ZN2sg5fused4sm905dectc14dectc_gemm_fwdILi128EEEvPK13__nv_bfloat16PKfPS4_iiS9_S9_', 2184 bytes spill stores, 2184 bytes spill loads
ptxas warning : Registers are spilled to local memory in function '_ZN2sg5fused4sm905dectc17dectc_gemm_dx_f32ILi128EEEvPK13__nv_bfloat16PKfPfiiPS4_SA_', 1252 bytes spill stores, 1260 bytes spill loads
ptxas info    : (C7515) Potential Performance Loss: wgmma.mma_async instructions are serialized due to non wgmma instructions defining accumulator registers of a wgmma between start and end of the pipeline stage in the function '_ZN2sg5fused4sm905dectc24dectc_dw_run_tile_splitkILi128EEEvPKNS2_9DecDwSpecEiiiPfP13__nv_bfloat16S9_'
ptxas warning : Registers are spilled to local memory in function '_ZN2sg5fused4sm9027fused_decoder_megakernel_tcILNS1_5OptIdE1EEEvNS0_17PersistentContextEPfNS1_15DecoderTokenCtxES5_fiNS1_13FusedOptStateE', 204 bytes spill stores, 380 bytes spill loads
ptxas warning : Registers are spilled to local memory in function '_ZN2sg5fused4sm905dectc14dectc_gemm_fwdILi128EEEvPK13__nv_bfloat16PKfPS4_iiS9_S9_', 2184 bytes spill stores, 2184 bytes spill loads
ptxas warning : Registers are spilled to local memory in function '_ZN2sg5fused4sm905dectc17dectc_gemm_dx_f32ILi128EEEvPK13__nv_bfloat16PKfPfiiPS4_SA_', 1252 bytes spill stores, 1260 bytes spill loads
ptxas info    : (C7515) Potential Performance Loss: wgmma.mma_async instructions are serialized due to non wgmma instructions defining accumulator registers of a wgmma between start and end of the pipeline stage in the function '_ZN2sg5fused4sm905dectc24dectc_dw_run_tile_splitkILi128EEEvPKNS2_9DecDwSpecEiiiPfP13__nv_bfloat16S9_'
ptxas warning : Registers are spilled to local memory in function '_ZN2sg5fused4sm9027fused_decoder_megakernel_tcILNS1_5OptIdE0EEEvNS0_17PersistentContextEPfNS1_15DecoderTokenCtxES5_fiNS1_13FusedOptStateE', 204 bytes spill stores, 380 bytes spill loads
ptxas warning : Registers are spilled to local memory in function '_ZN2sg5fused4sm905dectc14dectc_gemm_fwdILi128EEEvPK13__nv_bfloat16PKfPS4_iiS9_S9_', 2184 bytes spill stores, 2184 bytes spill loads
ptxas warning : Registers are spilled to local memory in function '_ZN2sg5fused4sm905dectc17dectc_gemm_dx_f32ILi128EEEvPK13__nv_bfloat16PKfPfiiPS4_SA_', 1252 bytes spill stores, 1260 bytes spill loads
ptxas info    : 23 bytes gmem
ptxas info    : Compiling entry function '_ZN2sg5fused4sm9027fused_decoder_megakernel_tcILNS1_5OptIdE10EEEvNS0_17PersistentContextEPfNS1_15DecoderTokenCtxES5_fiNS1_13FusedOptStateE' for 'sm_90a'
ptxas info    : Function properties for _ZN2sg5fused4sm9027fused_decoder_megakernel_tcILNS1_5OptIdE10EEEvNS0_17PersistentContextEPfNS1_15DecoderTokenCtxES5_fiNS1_13FusedOptStateE
    2528 bytes stack frame, 392 bytes spill stores, 628 bytes spill loads
ptxas info    : Used 255 registers, 2528 bytes cumulative stack size, 43188 bytes smem
ptxas info    : Function properties for _ZN2sg5fused4sm905dectc14dectc_gemm_fwdILi128EEEvPK13__nv_bfloat16PKfPS4_iiS9_S9_
    0 bytes stack frame, 2264 bytes spill stores, 2264 bytes spill loads
ptxas info    : Function properties for _ZN2sg5fused4sm905dectc17dectc_gemm_dx_f32ILi128EEEvPK13__nv_bfloat16PKfPfiiPS4_SA_
    0 bytes stack frame, 2276 bytes spill stores, 2276 bytes spill loads
ptxas info    : Function properties for _ZN2sg5fused4sm905dectc18dectc_gemm_fwd_f32ILi128EEEvPK13__nv_bfloat16PKfPfiiPS4_SA_
    0 bytes stack frame, 1228 bytes spill stores, 1228 bytes spill loads
ptxas info    : Function properties for _ZN2sg5fused4sm905dectc22dectc_dw_reduce_splitkILi128EEEvPKNS2_9DecDwSpecEiiPKfPfii
    0 bytes stack frame, 0 bytes spill stores, 0 bytes spill loads
ptxas info    : Function properties for _ZN2sg5fused4sm905dectc24dectc_dw_run_tile_splitkILi128EEEvPKNS2_9DecDwSpecEiiiPfP13__nv_bfloat16S9_
    0 bytes stack frame, 0 bytes spill stores, 0 bytes spill loads
ptxas info    : Compiling entry function '_ZN2sg5fused4sm9027fused_decoder_megakernel_tcILNS1_5OptIdE9EEEvNS0_17PersistentContextEPfNS1_15DecoderTokenCtxES5_fiNS1_13FusedOptStateE' for 'sm_90a'
ptxas info    : Function properties for _ZN2sg5fused4sm9027fused_decoder_megakernel_tcILNS1_5OptIdE9EEEvNS0_17PersistentContextEPfNS1_15DecoderTokenCtxES5_fiNS1_13FusedOptStateE
    2432 bytes stack frame, 280 bytes spill stores, 1052 bytes spill loads
ptxas info    : Used 255 registers, 2432 bytes cumulative stack size, 43700 bytes smem
ptxas info    : Function properties for _ZN2sg5fused4sm905dectc14dectc_gemm_fwdILi128EEEvPK13__nv_bfloat16PKfPS4_iiS9_S9_
    0 bytes stack frame, 2232 bytes spill stores, 2232 bytes spill loads
ptxas info    : Function properties for _ZN2sg5fused4sm905dectc17dectc_gemm_dx_f32ILi128EEEvPK13__nv_bfloat16PKfPfiiPS4_SA_
    0 bytes stack frame, 2320 bytes spill stores, 2328 bytes spill loads
ptxas info    : Function properties for _ZN2sg5fused4sm905dectc18dectc_gemm_fwd_f32ILi128EEEvPK13__nv_bfloat16PKfPfiiPS4_SA_
    0 bytes stack frame, 1264 bytes spill stores, 1272 bytes spill loads
ptxas info    : Function properties for _ZN2sg5fused4sm905dectc22dectc_dw_reduce_splitkILi128EEEvPKNS2_9DecDwSpecEiiPKfPfii
    0 bytes stack frame, 0 bytes spill stores, 0 bytes spill loads
ptxas info    : Function properties for _ZN2sg5fused4sm905dectc24dectc_dw_run_tile_splitkILi128EEEvPKNS2_9DecDwSpecEiiiPfP13__nv_bfloat16S9_
    0 bytes stack frame, 0 bytes spill stores, 0 bytes spill loads
ptxas info    : Compiling entry function '_ZN2sg5fused4sm9027fused_decoder_megakernel_tcILNS1_5OptIdE8EEEvNS0_17PersistentContextEPfNS1_15DecoderTokenCtxES5_fiNS1_13FusedOptStateE' for 'sm_90a'
ptxas info    : Function properties for _ZN2sg5fused4sm9027fused_decoder_megakernel_tcILNS1_5OptIdE8EEEvNS0_17PersistentContextEPfNS1_15DecoderTokenCtxES5_fiNS1_13FusedOptStateE
    2432 bytes stack frame, 280 bytes spill stores, 1052 bytes spill loads
ptxas info    : Used 255 registers, 2432 bytes cumulative stack size, 43828 bytes smem
ptxas info    : Function properties for _ZN2sg5fused4sm905dectc14dectc_gemm_fwdILi128EEEvPK13__nv_bfloat16PKfPS4_iiS9_S9_
    0 bytes stack frame, 2232 bytes spill stores, 2232 bytes spill loads
ptxas info    : Function properties for _ZN2sg5fused4sm905dectc17dectc_gemm_dx_f32ILi128EEEvPK13__nv_bfloat16PKfPfiiPS4_SA_
    0 bytes stack frame, 2320 bytes spill stores, 2328 bytes spill loads
ptxas info    : Function properties for _ZN2sg5fused4sm905dectc18dectc_gemm_fwd_f32ILi128EEEvPK13__nv_bfloat16PKfPfiiPS4_SA_
    0 bytes stack frame, 1264 bytes spill stores, 1272 bytes spill loads
ptxas info    : Function properties for _ZN2sg5fused4sm905dectc22dectc_dw_reduce_splitkILi128EEEvPKNS2_9DecDwSpecEiiPKfPfii
    0 bytes stack frame, 0 bytes spill stores, 0 bytes spill loads
ptxas info    : Function properties for _ZN2sg5fused4sm905dectc24dectc_dw_run_tile_splitkILi128EEEvPKNS2_9DecDwSpecEiiiPfP13__nv_bfloat16S9_
    0 bytes stack frame, 0 bytes spill stores, 0 bytes spill loads
ptxas info    : Compiling entry function '_ZN2sg5fused4sm9027fused_decoder_megakernel_tcILNS1_5OptIdE4EEEvNS0_17PersistentContextEPfNS1_15DecoderTokenCtxES5_fiNS1_13FusedOptStateE' for 'sm_90a'
ptxas info    : Function properties for _ZN2sg5fused4sm9027fused_decoder_megakernel_tcILNS1_5OptIdE4EEEvNS0_17PersistentContextEPfNS1_15DecoderTokenCtxES5_fiNS1_13FusedOptStateE
    2432 bytes stack frame, 280 bytes spill stores, 1052 bytes spill loads
ptxas info    : Used 255 registers, 2432 bytes cumulative stack size, 43188 bytes smem
ptxas info    : Function properties for _ZN2sg5fused4sm905dectc14dectc_gemm_fwdILi128EEEvPK13__nv_bfloat16PKfPS4_iiS9_S9_
    0 bytes stack frame, 2232 bytes spill stores, 2232 bytes spill loads
ptxas info    : Function properties for _ZN2sg5fused4sm905dectc17dectc_gemm_dx_f32ILi128EEEvPK13__nv_bfloat16PKfPfiiPS4_SA_
    0 bytes stack frame, 2320 bytes spill stores, 2328 bytes spill loads
ptxas info    : Function properties for _ZN2sg5fused4sm905dectc18dectc_gemm_fwd_f32ILi128EEEvPK13__nv_bfloat16PKfPfiiPS4_SA_
    0 bytes stack frame, 1264 bytes spill stores, 1272 bytes spill loads
ptxas info    : Function properties for _ZN2sg5fused4sm905dectc22dectc_dw_reduce_splitkILi128EEEvPKNS2_9DecDwSpecEiiPKfPfii
    0 bytes stack frame, 0 bytes spill stores, 0 bytes spill loads
ptxas info    : Function properties for _ZN2sg5fused4sm905dectc24dectc_dw_run_tile_splitkILi128EEEvPKNS2_9DecDwSpecEiiiPfP13__nv_bfloat16S9_
    0 bytes stack frame, 0 bytes spill stores, 0 bytes spill loads
ptxas info    : Compiling entry function '_ZN2sg5fused4sm9027fused_decoder_megakernel_tcILNS1_5OptIdE7EEEvNS0_17PersistentContextEPfNS1_15DecoderTokenCtxES5_fiNS1_13FusedOptStateE' for 'sm_90a'
ptxas info    : Function properties for _ZN2sg5fused4sm9027fused_decoder_megakernel_tcILNS1_5OptIdE7EEEvNS0_17PersistentContextEPfNS1_15DecoderTokenCtxES5_fiNS1_13FusedOptStateE
    1904 bytes stack frame, 240 bytes spill stores, 912 bytes spill loads
ptxas info    : Used 255 registers, 1904 bytes cumulative stack size, 43316 bytes smem
ptxas info    : Function properties for _ZN2sg5fused4sm905dectc14dectc_gemm_fwdILi128EEEvPK13__nv_bfloat16PKfPS4_iiS9_S9_
    0 bytes stack frame, 2184 bytes spill stores, 2184 bytes spill loads
ptxas info    : Function properties for _ZN2sg5fused4sm905dectc17dectc_gemm_dx_f32ILi128EEEvPK13__nv_bfloat16PKfPfiiPS4_SA_
    0 bytes stack frame, 1256 bytes spill stores, 1264 bytes spill loads
ptxas info    : Function properties for _ZN2sg5fused4sm905dectc18dectc_gemm_fwd_f32ILi128EEEvPK13__nv_bfloat16PKfPfiiPS4_SA_
    0 bytes stack frame, 0 bytes spill stores, 0 bytes spill loads
ptxas info    : Function properties for _ZN2sg5fused4sm905dectc22dectc_dw_reduce_splitkILi128EEEvPKNS2_9DecDwSpecEiiPKfPfii
    0 bytes stack frame, 0 bytes spill stores, 0 bytes spill loads
ptxas info    : Function properties for _ZN2sg5fused4sm905dectc24dectc_dw_run_tile_splitkILi128EEEvPKNS2_9DecDwSpecEiiiPfP13__nv_bfloat16S9_
    0 bytes stack frame, 0 bytes spill stores, 0 bytes spill loads
ptxas info    : Compiling entry function '_ZN2sg5fused4sm9027fused_decoder_megakernel_tcILNS1_5OptIdE5EEEvNS0_17PersistentContextEPfNS1_15DecoderTokenCtxES5_fiNS1_13FusedOptStateE' for 'sm_90a'
ptxas info    : Function properties for _ZN2sg5fused4sm9027fused_decoder_megakernel_tcILNS1_5OptIdE5EEEvNS0_17PersistentContextEPfNS1_15DecoderTokenCtxES5_fiNS1_13FusedOptStateE
    1888 bytes stack frame, 224 bytes spill stores, 484 bytes spill loads
ptxas info    : Used 255 registers, 1888 bytes cumulative stack size, 43444 bytes smem
ptxas info    : Function properties for _ZN2sg5fused4sm905dectc14dectc_gemm_fwdILi128EEEvPK13__nv_bfloat16PKfPS4_iiS9_S9_
    0 bytes stack frame, 2184 bytes spill stores, 2184 bytes spill loads
ptxas info    : Function properties for _ZN2sg5fused4sm905dectc17dectc_gemm_dx_f32ILi128EEEvPK13__nv_bfloat16PKfPfiiPS4_SA_
    0 bytes stack frame, 1252 bytes spill stores, 1260 bytes spill loads
ptxas info    : Function properties for _ZN2sg5fused4sm905dectc18dectc_gemm_fwd_f32ILi128EEEvPK13__nv_bfloat16PKfPfiiPS4_SA_
    0 bytes stack frame, 0 bytes spill stores, 0 bytes spill loads
ptxas info    : Function properties for _ZN2sg5fused4sm905dectc22dectc_dw_reduce_splitkILi128EEEvPKNS2_9DecDwSpecEiiPKfPfii
    0 bytes stack frame, 0 bytes spill stores, 0 bytes spill loads
ptxas info    : Function properties for _ZN2sg5fused4sm905dectc24dectc_dw_run_tile_splitkILi128EEEvPKNS2_9DecDwSpecEiiiPfP13__nv_bfloat16S9_
    0 bytes stack frame, 0 bytes spill stores, 0 bytes spill loads
ptxas info    : Compiling entry function '_ZN2sg5fused4sm9027fused_decoder_megakernel_tcILNS1_5OptIdE6EEEvNS0_17PersistentContextEPfNS1_15DecoderTokenCtxES5_fiNS1_13FusedOptStateE' for 'sm_90a'
ptxas info    : Function properties for _ZN2sg5fused4sm9027fused_decoder_megakernel_tcILNS1_5OptIdE6EEEvNS0_17PersistentContextEPfNS1_15DecoderTokenCtxES5_fiNS1_13FusedOptStateE
    1856 bytes stack frame, 204 bytes spill stores, 380 bytes spill loads
ptxas info    : Used 255 registers, 1856 bytes cumulative stack size, 43188 bytes smem
ptxas info    : Function properties for _ZN2sg5fused4sm905dectc14dectc_gemm_fwdILi128EEEvPK13__nv_bfloat16PKfPS4_iiS9_S9_
    0 bytes stack frame, 2184 bytes spill stores, 2184 bytes spill loads
ptxas info    : Function properties for _ZN2sg5fused4sm905dectc17dectc_gemm_dx_f32ILi128EEEvPK13__nv_bfloat16PKfPfiiPS4_SA_
    0 bytes stack frame, 1252 bytes spill stores, 1260 bytes spill loads
ptxas info    : Function properties for _ZN2sg5fused4sm905dectc18dectc_gemm_fwd_f32ILi128EEEvPK13__nv_bfloat16PKfPfiiPS4_SA_
    0 bytes stack frame, 0 bytes spill stores, 0 bytes spill loads
ptxas info    : Function properties for _ZN2sg5fused4sm905dectc22dectc_dw_reduce_splitkILi128EEEvPKNS2_9DecDwSpecEiiPKfPfii
    0 bytes stack frame, 0 bytes spill stores, 0 bytes spill loads
ptxas info    : Function properties for _ZN2sg5fused4sm905dectc24dectc_dw_run_tile_splitkILi128EEEvPKNS2_9DecDwSpecEiiiPfP13__nv_bfloat16S9_
    0 bytes stack frame, 0 bytes spill stores, 0 bytes spill loads
ptxas info    : Compiling entry function '_ZN2sg5fused4sm9027fused_decoder_megakernel_tcILNS1_5OptIdE3EEEvNS0_17PersistentContextEPfNS1_15DecoderTokenCtxES5_fiNS1_13FusedOptStateE' for 'sm_90a'
ptxas info    : Function properties for _ZN2sg5fused4sm9027fused_decoder_megakernel_tcILNS1_5OptIdE3EEEvNS0_17PersistentContextEPfNS1_15DecoderTokenCtxES5_fiNS1_13FusedOptStateE
    1856 bytes stack frame, 204 bytes spill stores, 404 bytes spill loads
ptxas info    : Used 255 registers, 1856 bytes cumulative stack size, 43188 bytes smem
ptxas info    : Function properties for _ZN2sg5fused4sm905dectc14dectc_gemm_fwdILi128EEEvPK13__nv_bfloat16PKfPS4_iiS9_S9_
    0 bytes stack frame, 2184 bytes spill stores, 2184 bytes spill loads
ptxas info    : Function properties for _ZN2sg5fused4sm905dectc17dectc_gemm_dx_f32ILi128EEEvPK13__nv_bfloat16PKfPfiiPS4_SA_
    0 bytes stack frame, 1252 bytes spill stores, 1260 bytes spill loads
ptxas info    : Function properties for _ZN2sg5fused4sm905dectc18dectc_gemm_fwd_f32ILi128EEEvPK13__nv_bfloat16PKfPfiiPS4_SA_
    0 bytes stack frame, 0 bytes spill stores, 0 bytes spill loads
ptxas info    : Function properties for _ZN2sg5fused4sm905dectc22dectc_dw_reduce_splitkILi128EEEvPKNS2_9DecDwSpecEiiPKfPfii
    0 bytes stack frame, 0 bytes spill stores, 0 bytes spill loads
ptxas info    : Function properties for _ZN2sg5fused4sm905dectc24dectc_dw_run_tile_splitkILi128EEEvPKNS2_9DecDwSpecEiiiPfP13__nv_bfloat16S9_
    0 bytes stack frame, 0 bytes spill stores, 0 bytes spill loads
ptxas info    : Compiling entry function '_ZN2sg5fused4sm9027fused_decoder_megakernel_tcILNS1_5OptIdE2EEEvNS0_17PersistentContextEPfNS1_15DecoderTokenCtxES5_fiNS1_13FusedOptStateE' for 'sm_90a'
ptxas info    : Function properties for _ZN2sg5fused4sm9027fused_decoder_megakernel_tcILNS1_5OptIdE2EEEvNS0_17PersistentContextEPfNS1_15DecoderTokenCtxES5_fiNS1_13FusedOptStateE
    1856 bytes stack frame, 204 bytes spill stores, 380 bytes spill loads
ptxas info    : Used 255 registers, 1856 bytes cumulative stack size, 43188 bytes smem
ptxas info    : Function properties for _ZN2sg5fused4sm905dectc14dectc_gemm_fwdILi128EEEvPK13__nv_bfloat16PKfPS4_iiS9_S9_
    0 bytes stack frame, 2184 bytes spill stores, 2184 bytes spill loads
ptxas info    : Function properties for _ZN2sg5fused4sm905dectc17dectc_gemm_dx_f32ILi128EEEvPK13__nv_bfloat16PKfPfiiPS4_SA_
    0 bytes stack frame, 1252 bytes spill stores, 1260 bytes spill loads
ptxas info    : Function properties for _ZN2sg5fused4sm905dectc18dectc_gemm_fwd_f32ILi128EEEvPK13__nv_bfloat16PKfPfiiPS4_SA_
    0 bytes stack frame, 0 bytes spill stores, 0 bytes spill loads
ptxas info    : Function properties for _ZN2sg5fused4sm905dectc22dectc_dw_reduce_splitkILi128EEEvPKNS2_9DecDwSpecEiiPKfPfii
    0 bytes stack frame, 0 bytes spill stores, 0 bytes spill loads
ptxas info    : Function properties for _ZN2sg5fused4sm905dectc24dectc_dw_run_tile_splitkILi128EEEvPKNS2_9DecDwSpecEiiiPfP13__nv_bfloat16S9_
    0 bytes stack frame, 0 bytes spill stores, 0 bytes spill loads
ptxas info    : Compiling entry function '_ZN2sg5fused4sm9027fused_decoder_megakernel_tcILNS1_5OptIdE1EEEvNS0_17PersistentContextEPfNS1_15DecoderTokenCtxES5_fiNS1_13FusedOptStateE' for 'sm_90a'
ptxas info    : Function properties for _ZN2sg5fused4sm9027fused_decoder_megakernel_tcILNS1_5OptIdE1EEEvNS0_17PersistentContextEPfNS1_15DecoderTokenCtxES5_fiNS1_13FusedOptStateE
    1856 bytes stack frame, 204 bytes spill stores, 380 bytes spill loads
ptxas info    : Used 255 registers, 1856 bytes cumulative stack size, 43188 bytes smem
ptxas info    : Function properties for _ZN2sg5fused4sm905dectc14dectc_gemm_fwdILi128EEEvPK13__nv_bfloat16PKfPS4_iiS9_S9_
    0 bytes stack frame, 2184 bytes spill stores, 2184 bytes spill loads
ptxas info    : Function properties for _ZN2sg5fused4sm905dectc17dectc_gemm_dx_f32ILi128EEEvPK13__nv_bfloat16PKfPfiiPS4_SA_
    0 bytes stack frame, 1252 bytes spill stores, 1260 bytes spill loads
ptxas info    : Function properties for _ZN2sg5fused4sm905dectc18dectc_gemm_fwd_f32ILi128EEEvPK13__nv_bfloat16PKfPfiiPS4_SA_
    0 bytes stack frame, 0 bytes spill stores, 0 bytes spill loads
ptxas info    : Function properties for _ZN2sg5fused4sm905dectc22dectc_dw_reduce_splitkILi128EEEvPKNS2_9DecDwSpecEiiPKfPfii
    0 bytes stack frame, 0 bytes spill stores, 0 bytes spill loads
ptxas info    : Function properties for _ZN2sg5fused4sm905dectc24dectc_dw_run_tile_splitkILi128EEEvPKNS2_9DecDwSpecEiiiPfP13__nv_bfloat16S9_
    0 bytes stack frame, 0 bytes spill stores, 0 bytes spill loads
ptxas info    : Compiling entry function '_ZN2sg5fused4sm9027fused_decoder_megakernel_tcILNS1_5OptIdE0EEEvNS0_17PersistentContextEPfNS1_15DecoderTokenCtxES5_fiNS1_13FusedOptStateE' for 'sm_90a'
ptxas info    : Function properties for _ZN2sg5fused4sm9027fused_decoder_megakernel_tcILNS1_5OptIdE0EEEvNS0_17PersistentContextEPfNS1_15DecoderTokenCtxES5_fiNS1_13FusedOptStateE
    1856 bytes stack frame, 204 bytes spill stores, 380 bytes spill loads
ptxas info    : Used 255 registers, 1856 bytes cumulative stack size, 43188 bytes smem
ptxas info    : Function properties for _ZN2sg5fused4sm905dectc14dectc_gemm_fwdILi128EEEvPK13__nv_bfloat16PKfPS4_iiS9_S9_
    0 bytes stack frame, 2184 bytes spill stores, 2184 bytes spill loads
ptxas info    : Function properties for _ZN2sg5fused4sm905dectc17dectc_gemm_dx_f32ILi128EEEvPK13__nv_bfloat16PKfPfiiPS4_SA_
    0 bytes stack frame, 1252 bytes spill stores, 1260 bytes spill loads
ptxas info    : Function properties for _ZN2sg5fused4sm905dectc18dectc_gemm_fwd_f32ILi128EEEvPK13__nv_bfloat16PKfPfiiPS4_SA_
    0 bytes stack frame, 0 bytes spill stores, 0 bytes spill loads
ptxas info    : Function properties for _ZN2sg5fused4sm905dectc22dectc_dw_reduce_splitkILi128EEEvPKNS2_9DecDwSpecEiiPKfPfii
    0 bytes stack frame, 0 bytes spill stores, 0 bytes spill loads
ptxas info    : Function properties for _ZN2sg5fused4sm905dectc24dectc_dw_run_tile_splitkILi128EEEvPKNS2_9DecDwSpecEiiiPfP13__nv_bfloat16S9_
    0 bytes stack frame, 0 bytes spill stores, 0 bytes spill loads
ptxas info    : Compiling entry function '_ZN3cub17CUB_200302_900_NS11EmptyKernelIvEEvv' for 'sm_90a'
ptxas info    : Function properties for _ZN3cub17CUB_200302_900_NS11EmptyKernelIvEEvv
    0 bytes stack frame, 0 bytes spill stores, 0 bytes spill loads
ptxas info    : Used 4 registers
rc=0
