/dev/shm/expC2/csrc/algorithms/muon.h(76): warning #737-D: using-declaration ignored -- it refers to the current namespace
  using sg::algorithms::adamw_step;
        ^

Remark: The warnings can be suppressed with "-diag-suppress <warning-number>"

/dev/shm/expC2/csrc/algorithms/muon.h(76): warning #737-D: using-declaration ignored -- it refers to the current namespace
  using sg::algorithms::adamw_step;
        ^

Remark: The warnings can be suppressed with "-diag-suppress <warning-number>"

ptxas info    : (C7515) Potential Performance Loss: wgmma.mma_async instructions are serialized due to non wgmma instructions defining accumulator registers of a wgmma between start and end of the pipeline stage in the function '_ZN2sg5fused4sm905dectc24dectc_dw_run_tile_splitkILi128EEEvPKNS2_9DecDwSpecEiiiPfP13__nv_bfloat16S9_'
ptxas warning : Registers are spilled to local memory in function '_ZN2sg5fused4sm9027fused_decoder_megakernel_tcILNS1_5OptIdE10EEEvNS0_17PersistentContextEPfNS1_15DecoderTokenCtxES5_fiNS1_13FusedOptStateE', 304 bytes spill stores, 528 bytes spill loads
ptxas warning : Registers are spilled to local memory in function '_ZN2sg5fused4sm905dectc20dectc_gemm_fwd_ntileILi128EEEvPK13__nv_bfloat16S6_PS4_iiiS7_S7_', 2208 bytes spill stores, 2208 bytes spill loads
ptxas warning : Registers are spilled to local memory in function '_ZN2sg5fused4sm905dectc23dectc_gemm_dx_f32_ntileILi128EEEvPK13__nv_bfloat16S6_PfiiiPS4_S8_', 2220 bytes spill stores, 2220 bytes spill loads
ptxas warning : Registers are spilled to local memory in function '_ZN2sg5fused4sm905dectc24dectc_dw_run_tile_splitkILi128EEEvPKNS2_9DecDwSpecEiiiPfP13__nv_bfloat16S9_', 1168 bytes spill stores, 1168 bytes spill loads
ptxas info    : (C7515) Potential Performance Loss: wgmma.mma_async instructions are serialized due to non wgmma instructions defining accumulator registers of a wgmma between start and end of the pipeline stage in the function '_ZN2sg5fused4sm905dectc24dectc_dw_run_tile_splitkILi128EEEvPKNS2_9DecDwSpecEiiiPfP13__nv_bfloat16S9_'
ptxas warning : Registers are spilled to local memory in function '_ZN2sg5fused4sm9027fused_decoder_megakernel_tcILNS1_5OptIdE9EEEvNS0_17PersistentContextEPfNS1_15DecoderTokenCtxES5_fiNS1_13FusedOptStateE', 124 bytes spill stores, 488 bytes spill loads
ptxas warning : Registers are spilled to local memory in function '_ZN2sg5fused4sm905dectc20dectc_gemm_fwd_ntileILi128EEEvPK13__nv_bfloat16S6_PS4_iiiS7_S7_', 2184 bytes spill stores, 2184 bytes spill loads
ptxas warning : Registers are spilled to local memory in function '_ZN2sg5fused4sm905dectc23dectc_gemm_dx_f32_ntileILi128EEEvPK13__nv_bfloat16S6_PfiiiPS4_S8_', 2200 bytes spill stores, 2200 bytes spill loads
ptxas warning : Registers are spilled to local memory in function '_ZN2sg5fused4sm905dectc24dectc_dw_run_tile_splitkILi128EEEvPKNS2_9DecDwSpecEiiiPfP13__nv_bfloat16S9_', 1124 bytes spill stores, 1124 bytes spill loads
ptxas info    : (C7515) Potential Performance Loss: wgmma.mma_async instructions are serialized due to non wgmma instructions defining accumulator registers of a wgmma between start and end of the pipeline stage in the function '_ZN2sg5fused4sm905dectc24dectc_dw_run_tile_splitkILi128EEEvPKNS2_9DecDwSpecEiiiPfP13__nv_bfloat16S9_'
ptxas warning : Registers are spilled to local memory in function '_ZN2sg5fused4sm9027fused_decoder_megakernel_tcILNS1_5OptIdE8EEEvNS0_17PersistentContextEPfNS1_15DecoderTokenCtxES5_fiNS1_13FusedOptStateE', 124 bytes spill stores, 488 bytes spill loads
ptxas warning : Registers are spilled to local memory in function '_ZN2sg5fused4sm905dectc20dectc_gemm_fwd_ntileILi128EEEvPK13__nv_bfloat16S6_PS4_iiiS7_S7_', 2184 bytes spill stores, 2184 bytes spill loads
ptxas warning : Registers are spilled to local memory in function '_ZN2sg5fused4sm905dectc23dectc_gemm_dx_f32_ntileILi128EEEvPK13__nv_bfloat16S6_PfiiiPS4_S8_', 2200 bytes spill stores, 2200 bytes spill loads
ptxas warning : Registers are spilled to local memory in function '_ZN2sg5fused4sm905dectc24dectc_dw_run_tile_splitkILi128EEEvPKNS2_9DecDwSpecEiiiPfP13__nv_bfloat16S9_', 1124 bytes spill stores, 1124 bytes spill loads
ptxas info    : (C7515) Potential Performance Loss: wgmma.mma_async instructions are serialized due to non wgmma instructions defining accumulator registers of a wgmma between start and end of the pipeline stage in the function '_ZN2sg5fused4sm905dectc24dectc_dw_run_tile_splitkILi128EEEvPKNS2_9DecDwSpecEiiiPfP13__nv_bfloat16S9_'
ptxas warning : Registers are spilled to local memory in function '_ZN2sg5fused4sm9027fused_decoder_megakernel_tcILNS1_5OptIdE4EEEvNS0_17PersistentContextEPfNS1_15DecoderTokenCtxES5_fiNS1_13FusedOptStateE', 124 bytes spill stores, 488 bytes spill loads
ptxas warning : Registers are spilled to local memory in function '_ZN2sg5fused4sm905dectc20dectc_gemm_fwd_ntileILi128EEEvPK13__nv_bfloat16S6_PS4_iiiS7_S7_', 2184 bytes spill stores, 2184 bytes spill loads
ptxas warning : Registers are spilled to local memory in function '_ZN2sg5fused4sm905dectc23dectc_gemm_dx_f32_ntileILi128EEEvPK13__nv_bfloat16S6_PfiiiPS4_S8_', 2200 bytes spill stores, 2200 bytes spill loads
ptxas warning : Registers are spilled to local memory in function '_ZN2sg5fused4sm905dectc24dectc_dw_run_tile_splitkILi128EEEvPKNS2_9DecDwSpecEiiiPfP13__nv_bfloat16S9_', 1124 bytes spill stores, 1124 bytes spill loads
ptxas info    : (C7515) Potential Performance Loss: wgmma.mma_async instructions are serialized due to non wgmma instructions defining accumulator registers of a wgmma between start and end of the pipeline stage in the function '_ZN2sg5fused4sm905dectc24dectc_dw_run_tile_splitkILi128EEEvPKNS2_9DecDwSpecEiiiPfP13__nv_bfloat16S9_'
ptxas warning : Registers are spilled to local memory in function '_ZN2sg5fused4sm9027fused_decoder_megakernel_tcILNS1_5OptIdE7EEEvNS0_17PersistentContextEPfNS1_15DecoderTokenCtxES5_fiNS1_13FusedOptStateE', 52 bytes spill stores, 108 bytes spill loads
ptxas warning : Registers are spilled to local memory in function '_ZN2sg5fused4sm905dectc20dectc_gemm_fwd_ntileILi128EEEvPK13__nv_bfloat16S6_PS4_iiiS7_S7_', 2192 bytes spill stores, 2192 bytes spill loads
ptxas warning : Registers are spilled to local memory in function '_ZN2sg5fused4sm905dectc23dectc_gemm_dx_f32_ntileILi128EEEvPK13__nv_bfloat16S6_PfiiiPS4_S8_', 1204 bytes spill stores, 1204 bytes spill loads
ptxas info    : (C7515) Potential Performance Loss: wgmma.mma_async instructions are serialized due to non wgmma instructions defining accumulator registers of a wgmma between start and end of the pipeline stage in the function '_ZN2sg5fused4sm905dectc24dectc_dw_run_tile_splitkILi128EEEvPKNS2_9DecDwSpecEiiiPfP13__nv_bfloat16S9_'
ptxas warning : Registers are spilled to local memory in function '_ZN2sg5fused4sm9027fused_decoder_megakernel_tcILNS1_5OptIdE5EEEvNS0_17PersistentContextEPfNS1_15DecoderTokenCtxES5_fiNS1_13FusedOptStateE', 24 bytes spill stores, 44 bytes spill loads
ptxas warning : Registers are spilled to local memory in function '_ZN2sg5fused4sm905dectc20dectc_gemm_fwd_ntileILi128EEEvPK13__nv_bfloat16S6_PS4_iiiS7_S7_', 2192 bytes spill stores, 2192 bytes spill loads
ptxas warning : Registers are spilled to local memory in function '_ZN2sg5fused4sm905dectc23dectc_gemm_dx_f32_ntileILi128EEEvPK13__nv_bfloat16S6_PfiiiPS4_S8_', 1072 bytes spill stores, 1072 bytes spill loads
ptxas info    : (C7515) Potential Performance Loss: wgmma.mma_async instructions are serialized due to non wgmma instructions defining accumulator registers of a wgmma between start and end of the pipeline stage in the function '_ZN2sg5fused4sm905dectc24dectc_dw_run_tile_splitkILi128EEEvPKNS2_9DecDwSpecEiiiPfP13__nv_bfloat16S9_'
ptxas warning : Registers are spilled to local memory in function '_ZN2sg5fused4sm9027fused_decoder_megakernel_tcILNS1_5OptIdE6EEEvNS0_17PersistentContextEPfNS1_15DecoderTokenCtxES5_fiNS1_13FusedOptStateE', 12 bytes spill stores, 44 bytes spill loads
ptxas warning : Registers are spilled to local memory in function '_ZN2sg5fused4sm905dectc20dectc_gemm_fwd_ntileILi128EEEvPK13__nv_bfloat16S6_PS4_iiiS7_S7_', 2192 bytes spill stores, 2192 bytes spill loads
ptxas warning : Registers are spilled to local memory in function '_ZN2sg5fused4sm905dectc23dectc_gemm_dx_f32_ntileILi128EEEvPK13__nv_bfloat16S6_PfiiiPS4_S8_', 1072 bytes spill stores, 1072 bytes spill loads
ptxas info    : (C7515) Potential Performance Loss: wgmma.mma_async instructions are serialized due to non wgmma instructions defining accumulator registers of a wgmma between start and end of the pipeline stage in the function '_ZN2sg5fused4sm905dectc24dectc_dw_run_tile_splitkILi128EEEvPKNS2_9DecDwSpecEiiiPfP13__nv_bfloat16S9_'
ptxas warning : Registers are spilled to local memory in function '_ZN2sg5fused4sm9027fused_decoder_megakernel_tcILNS1_5OptIdE3EEEvNS0_17PersistentContextEPfNS1_15DecoderTokenCtxES5_fiNS1_13FusedOptStateE', 12 bytes spill stores, 28 bytes spill loads
ptxas warning : Registers are spilled to local memory in function '_ZN2sg5fused4sm905dectc20dectc_gemm_fwd_ntileILi128EEEvPK13__nv_bfloat16S6_PS4_iiiS7_S7_', 2192 bytes spill stores, 2192 bytes spill loads
ptxas warning : Registers are spilled to local memory in function '_ZN2sg5fused4sm905dectc23dectc_gemm_dx_f32_ntileILi128EEEvPK13__nv_bfloat16S6_PfiiiPS4_S8_', 1072 bytes spill stores, 1072 bytes spill loads
ptxas info    : (C7515) Potential Performance Loss: wgmma.mma_async instructions are serialized due to non wgmma instructions defining accumulator registers of a wgmma between start and end of the pipeline stage in the function '_ZN2sg5fused4sm905dectc24dectc_dw_run_tile_splitkILi128EEEvPKNS2_9DecDwSpecEiiiPfP13__nv_bfloat16S9_'
ptxas warning : Registers are spilled to local memory in function '_ZN2sg5fused4sm9027fused_decoder_megakernel_tcILNS1_5OptIdE2EEEvNS0_17PersistentContextEPfNS1_15DecoderTokenCtxES5_fiNS1_13FusedOptStateE', 12 bytes spill stores, 44 bytes spill loads
ptxas warning : Registers are spilled to local memory in function '_ZN2sg5fused4sm905dectc20dectc_gemm_fwd_ntileILi128EEEvPK13__nv_bfloat16S6_PS4_iiiS7_S7_', 2192 bytes spill stores, 2192 bytes spill loads
ptxas warning : Registers are spilled to local memory in function '_ZN2sg5fused4sm905dectc23dectc_gemm_dx_f32_ntileILi128EEEvPK13__nv_bfloat16S6_PfiiiPS4_S8_', 1072 bytes spill stores, 1072 bytes spill loads
ptxas info    : (C7515) Potential Performance Loss: wgmma.mma_async instructions are serialized due to non wgmma instructions defining accumulator registers of a wgmma between start and end of the pipeline stage in the function '_ZN2sg5fused4sm905dectc24dectc_dw_run_tile_splitkILi128EEEvPKNS2_9DecDwSpecEiiiPfP13__nv_bfloat16S9_'
ptxas warning : Registers are spilled to local memory in function '_ZN2sg5fused4sm9027fused_decoder_megakernel_tcILNS1_5OptIdE1EEEvNS0_17PersistentContextEPfNS1_15DecoderTokenCtxES5_fiNS1_13FusedOptStateE', 12 bytes spill stores, 44 bytes spill loads
ptxas warning : Registers are spilled to local memory in function '_ZN2sg5fused4sm905dectc20dectc_gemm_fwd_ntileILi128EEEvPK13__nv_bfloat16S6_PS4_iiiS7_S7_', 2192 bytes spill stores, 2192 bytes spill loads
ptxas warning : Registers are spilled to local memory in function '_ZN2sg5fused4sm905dectc23dectc_gemm_dx_f32_ntileILi128EEEvPK13__nv_bfloat16S6_PfiiiPS4_S8_', 1072 bytes spill stores, 1072 bytes spill loads
ptxas info    : (C7515) Potential Performance Loss: wgmma.mma_async instructions are serialized due to non wgmma instructions defining accumulator registers of a wgmma between start and end of the pipeline stage in the function '_ZN2sg5fused4sm905dectc24dectc_dw_run_tile_splitkILi128EEEvPKNS2_9DecDwSpecEiiiPfP13__nv_bfloat16S9_'
ptxas warning : Registers are spilled to local memory in function '_ZN2sg5fused4sm9027fused_decoder_megakernel_tcILNS1_5OptIdE0EEEvNS0_17PersistentContextEPfNS1_15DecoderTokenCtxES5_fiNS1_13FusedOptStateE', 12 bytes spill stores, 44 bytes spill loads
ptxas warning : Registers are spilled to local memory in function '_ZN2sg5fused4sm905dectc20dectc_gemm_fwd_ntileILi128EEEvPK13__nv_bfloat16S6_PS4_iiiS7_S7_', 2192 bytes spill stores, 2192 bytes spill loads
ptxas warning : Registers are spilled to local memory in function '_ZN2sg5fused4sm905dectc23dectc_gemm_dx_f32_ntileILi128EEEvPK13__nv_bfloat16S6_PfiiiPS4_S8_', 1072 bytes spill stores, 1072 bytes spill loads
ptxas info    : 23 bytes gmem
ptxas info    : Compiling entry function '_ZN2sg5fused4sm9027fused_decoder_megakernel_tcILNS1_5OptIdE10EEEvNS0_17PersistentContextEPfNS1_15DecoderTokenCtxES5_fiNS1_13FusedOptStateE' for 'sm_90a'
ptxas info    : Function properties for _ZN2sg5fused4sm9027fused_decoder_megakernel_tcILNS1_5OptIdE10EEEvNS0_17PersistentContextEPfNS1_15DecoderTokenCtxES5_fiNS1_13FusedOptStateE
    2592 bytes stack frame, 304 bytes spill stores, 528 bytes spill loads
ptxas info    : Used 255 registers, 2592 bytes cumulative stack size, 43188 bytes smem
ptxas info    : Function properties for _ZN2sg5fused4sm905dectc18dectc_forward_tileERKNS1_10DecWeightsERKNS2_6DecWBfEiiRKNS2_7DecActsERKNS2_14DecTileScratchEPKiSG_P13__nv_bfloat16SI_Pf
    0 bytes stack frame, 4 bytes spill stores, 0 bytes spill loads
ptxas info    : Function properties for _ZN2sg5fused4sm905dectc19dectc_backward_tileERKNS1_10DecWeightsERKNS2_6DecWBfEiiiRKNS2_7DecActsERKNS2_14DecTileScratchEPKiPfSH_P13__nv_bfloat16SJ_SH_
    0 bytes stack frame, 0 bytes spill stores, 4 bytes spill loads
ptxas info    : Function properties for _ZN2sg5fused4sm905dectc20dectc_gemm_fwd_ntileILi128EEEvPK13__nv_bfloat16S6_PS4_iiiS7_S7_
    0 bytes stack frame, 2208 bytes spill stores, 2208 bytes spill loads
ptxas info    : Function properties for _ZN2sg5fused4sm905dectc22dectc_dw_reduce_splitkILi128EEEvPKNS2_9DecDwSpecEiiPKfPfii
    0 bytes stack frame, 0 bytes spill stores, 0 bytes spill loads
ptxas info    : Function properties for _ZN2sg5fused4sm905dectc23dectc_gemm_dx_f32_ntileILi128EEEvPK13__nv_bfloat16S6_PfiiiPS4_S8_
    0 bytes stack frame, 2220 bytes spill stores, 2220 bytes spill loads
ptxas info    : Function properties for _ZN2sg5fused4sm905dectc24dectc_dw_run_tile_splitkILi128EEEvPKNS2_9DecDwSpecEiiiPfP13__nv_bfloat16S9_
    0 bytes stack frame, 1168 bytes spill stores, 1168 bytes spill loads
ptxas info    : Function properties for _ZN2sg5fused4sm905dectc24dectc_gemm_fwd_f32_ntileILi128EEEvPK13__nv_bfloat16S6_PfiiiPS4_S8_
    0 bytes stack frame, 0 bytes spill stores, 0 bytes spill loads
ptxas info    : Compiling entry function '_ZN2sg5fused4sm9027fused_decoder_megakernel_tcILNS1_5OptIdE9EEEvNS0_17PersistentContextEPfNS1_15DecoderTokenCtxES5_fiNS1_13FusedOptStateE' for 'sm_90a'
ptxas info    : Function properties for _ZN2sg5fused4sm9027fused_decoder_megakernel_tcILNS1_5OptIdE9EEEvNS0_17PersistentContextEPfNS1_15DecoderTokenCtxES5_fiNS1_13FusedOptStateE
    2400 bytes stack frame, 124 bytes spill stores, 488 bytes spill loads
ptxas info    : Used 255 registers, 2400 bytes cumulative stack size, 43700 bytes smem
ptxas info    : Function properties for _ZN2sg5fused4sm905dectc18dectc_forward_tileERKNS1_10DecWeightsERKNS2_6DecWBfEiiRKNS2_7DecActsERKNS2_14DecTileScratchEPKiSG_P13__nv_bfloat16SI_Pf
    0 bytes stack frame, 0 bytes spill stores, 4 bytes spill loads
ptxas info    : Function properties for _ZN2sg5fused4sm905dectc19dectc_backward_tileERKNS1_10DecWeightsERKNS2_6DecWBfEiiiRKNS2_7DecActsERKNS2_14DecTileScratchEPKiPfSH_P13__nv_bfloat16SJ_SH_
    0 bytes stack frame, 0 bytes spill stores, 0 bytes spill loads
ptxas info    : Function properties for _ZN2sg5fused4sm905dectc20dectc_gemm_fwd_ntileILi128EEEvPK13__nv_bfloat16S6_PS4_iiiS7_S7_
    0 bytes stack frame, 2184 bytes spill stores, 2184 bytes spill loads
ptxas info    : Function properties for _ZN2sg5fused4sm905dectc22dectc_dw_reduce_splitkILi128EEEvPKNS2_9DecDwSpecEiiPKfPfii
    0 bytes stack frame, 0 bytes spill stores, 0 bytes spill loads
ptxas info    : Function properties for _ZN2sg5fused4sm905dectc23dectc_gemm_dx_f32_ntileILi128EEEvPK13__nv_bfloat16S6_PfiiiPS4_S8_
    0 bytes stack frame, 2200 bytes spill stores, 2200 bytes spill loads
ptxas info    : Function properties for _ZN2sg5fused4sm905dectc24dectc_dw_run_tile_splitkILi128EEEvPKNS2_9DecDwSpecEiiiPfP13__nv_bfloat16S9_
    0 bytes stack frame, 1124 bytes spill stores, 1124 bytes spill loads
ptxas info    : Function properties for _ZN2sg5fused4sm905dectc24dectc_gemm_fwd_f32_ntileILi128EEEvPK13__nv_bfloat16S6_PfiiiPS4_S8_
    0 bytes stack frame, 0 bytes spill stores, 0 bytes spill loads
ptxas info    : Compiling entry function '_ZN2sg5fused4sm9027fused_decoder_megakernel_tcILNS1_5OptIdE8EEEvNS0_17PersistentContextEPfNS1_15DecoderTokenCtxES5_fiNS1_13FusedOptStateE' for 'sm_90a'
ptxas info    : Function properties for _ZN2sg5fused4sm9027fused_decoder_megakernel_tcILNS1_5OptIdE8EEEvNS0_17PersistentContextEPfNS1_15DecoderTokenCtxES5_fiNS1_13FusedOptStateE
    2400 bytes stack frame, 124 bytes spill stores, 488 bytes spill loads
ptxas info    : Used 255 registers, 2400 bytes cumulative stack size, 43828 bytes smem
ptxas info    : Function properties for _ZN2sg5fused4sm905dectc18dectc_forward_tileERKNS1_10DecWeightsERKNS2_6DecWBfEiiRKNS2_7DecActsERKNS2_14DecTileScratchEPKiSG_P13__nv_bfloat16SI_Pf
    0 bytes stack frame, 0 bytes spill stores, 4 bytes spill loads
ptxas info    : Function properties for _ZN2sg5fused4sm905dectc19dectc_backward_tileERKNS1_10DecWeightsERKNS2_6DecWBfEiiiRKNS2_7DecActsERKNS2_14DecTileScratchEPKiPfSH_P13__nv_bfloat16SJ_SH_
    0 bytes stack frame, 0 bytes spill stores, 0 bytes spill loads
ptxas info    : Function properties for _ZN2sg5fused4sm905dectc20dectc_gemm_fwd_ntileILi128EEEvPK13__nv_bfloat16S6_PS4_iiiS7_S7_
    0 bytes stack frame, 2184 bytes spill stores, 2184 bytes spill loads
ptxas info    : Function properties for _ZN2sg5fused4sm905dectc22dectc_dw_reduce_splitkILi128EEEvPKNS2_9DecDwSpecEiiPKfPfii
    0 bytes stack frame, 0 bytes spill stores, 0 bytes spill loads
ptxas info    : Function properties for _ZN2sg5fused4sm905dectc23dectc_gemm_dx_f32_ntileILi128EEEvPK13__nv_bfloat16S6_PfiiiPS4_S8_
    0 bytes stack frame, 2200 bytes spill stores, 2200 bytes spill loads
ptxas info    : Function properties for _ZN2sg5fused4sm905dectc24dectc_dw_run_tile_splitkILi128EEEvPKNS2_9DecDwSpecEiiiPfP13__nv_bfloat16S9_
    0 bytes stack frame, 1124 bytes spill stores, 1124 bytes spill loads
ptxas info    : Function properties for _ZN2sg5fused4sm905dectc24dectc_gemm_fwd_f32_ntileILi128EEEvPK13__nv_bfloat16S6_PfiiiPS4_S8_
    0 bytes stack frame, 0 bytes spill stores, 0 bytes spill loads
ptxas info    : Compiling entry function '_ZN2sg5fused4sm9027fused_decoder_megakernel_tcILNS1_5OptIdE4EEEvNS0_17PersistentContextEPfNS1_15DecoderTokenCtxES5_fiNS1_13FusedOptStateE' for 'sm_90a'
ptxas info    : Function properties for _ZN2sg5fused4sm9027fused_decoder_megakernel_tcILNS1_5OptIdE4EEEvNS0_17PersistentContextEPfNS1_15DecoderTokenCtxES5_fiNS1_13FusedOptStateE
    2400 bytes stack frame, 124 bytes spill stores, 488 bytes spill loads
ptxas info    : Used 255 registers, 2400 bytes cumulative stack size, 43188 bytes smem
ptxas info    : Function properties for _ZN2sg5fused4sm905dectc18dectc_forward_tileERKNS1_10DecWeightsERKNS2_6DecWBfEiiRKNS2_7DecActsERKNS2_14DecTileScratchEPKiSG_P13__nv_bfloat16SI_Pf
    0 bytes stack frame, 0 bytes spill stores, 4 bytes spill loads
ptxas info    : Function properties for _ZN2sg5fused4sm905dectc19dectc_backward_tileERKNS1_10DecWeightsERKNS2_6DecWBfEiiiRKNS2_7DecActsERKNS2_14DecTileScratchEPKiPfSH_P13__nv_bfloat16SJ_SH_
    0 bytes stack frame, 0 bytes spill stores, 0 bytes spill loads
ptxas info    : Function properties for _ZN2sg5fused4sm905dectc20dectc_gemm_fwd_ntileILi128EEEvPK13__nv_bfloat16S6_PS4_iiiS7_S7_
    0 bytes stack frame, 2184 bytes spill stores, 2184 bytes spill loads
ptxas info    : Function properties for _ZN2sg5fused4sm905dectc22dectc_dw_reduce_splitkILi128EEEvPKNS2_9DecDwSpecEiiPKfPfii
    0 bytes stack frame, 0 bytes spill stores, 0 bytes spill loads
ptxas info    : Function properties for _ZN2sg5fused4sm905dectc23dectc_gemm_dx_f32_ntileILi128EEEvPK13__nv_bfloat16S6_PfiiiPS4_S8_
    0 bytes stack frame, 2200 bytes spill stores, 2200 bytes spill loads
ptxas info    : Function properties for _ZN2sg5fused4sm905dectc24dectc_dw_run_tile_splitkILi128EEEvPKNS2_9DecDwSpecEiiiPfP13__nv_bfloat16S9_
    0 bytes stack frame, 1124 bytes spill stores, 1124 bytes spill loads
ptxas info    : Function properties for _ZN2sg5fused4sm905dectc24dectc_gemm_fwd_f32_ntileILi128EEEvPK13__nv_bfloat16S6_PfiiiPS4_S8_
    0 bytes stack frame, 0 bytes spill stores, 0 bytes spill loads
ptxas info    : Compiling entry function '_ZN2sg5fused4sm9027fused_decoder_megakernel_tcILNS1_5OptIdE7EEEvNS0_17PersistentContextEPfNS1_15DecoderTokenCtxES5_fiNS1_13FusedOptStateE' for 'sm_90a'
ptxas info    : Function properties for _ZN2sg5fused4sm9027fused_decoder_megakernel_tcILNS1_5OptIdE7EEEvNS0_17PersistentContextEPfNS1_15DecoderTokenCtxES5_fiNS1_13FusedOptStateE
    1840 bytes stack frame, 52 bytes spill stores, 108 bytes spill loads
ptxas info    : Used 255 registers, 1840 bytes cumulative stack size, 43316 bytes smem
ptxas info    : Function properties for _ZN2sg5fused4sm905dectc18dectc_forward_tileERKNS1_10DecWeightsERKNS2_6DecWBfEiiRKNS2_7DecActsERKNS2_14DecTileScratchEPKiSG_P13__nv_bfloat16SI_Pf
    0 bytes stack frame, 0 bytes spill stores, 0 bytes spill loads
ptxas info    : Function properties for _ZN2sg5fused4sm905dectc19dectc_backward_tileERKNS1_10DecWeightsERKNS2_6DecWBfEiiiRKNS2_7DecActsERKNS2_14DecTileScratchEPKiPfSH_P13__nv_bfloat16SJ_SH_
    0 bytes stack frame, 0 bytes spill stores, 0 bytes spill loads
ptxas info    : Function properties for _ZN2sg5fused4sm905dectc20dectc_gemm_fwd_ntileILi128EEEvPK13__nv_bfloat16S6_PS4_iiiS7_S7_
    0 bytes stack frame, 2192 bytes spill stores, 2192 bytes spill loads
ptxas info    : Function properties for _ZN2sg5fused4sm905dectc22dectc_dw_reduce_splitkILi128EEEvPKNS2_9DecDwSpecEiiPKfPfii
    0 bytes stack frame, 0 bytes spill stores, 8 bytes spill loads
ptxas info    : Function properties for _ZN2sg5fused4sm905dectc23dectc_gemm_dx_f32_ntileILi128EEEvPK13__nv_bfloat16S6_PfiiiPS4_S8_
    0 bytes stack frame, 1204 bytes spill stores, 1204 bytes spill loads
ptxas info    : Function properties for _ZN2sg5fused4sm905dectc24dectc_dw_run_tile_splitkILi128EEEvPKNS2_9DecDwSpecEiiiPfP13__nv_bfloat16S9_
    0 bytes stack frame, 0 bytes spill stores, 16 bytes spill loads
ptxas info    : Function properties for _ZN2sg5fused4sm905dectc24dectc_gemm_fwd_f32_ntileILi128EEEvPK13__nv_bfloat16S6_PfiiiPS4_S8_
    0 bytes stack frame, 0 bytes spill stores, 0 bytes spill loads
ptxas info    : Compiling entry function '_ZN2sg5fused4sm9027fused_decoder_megakernel_tcILNS1_5OptIdE5EEEvNS0_17PersistentContextEPfNS1_15DecoderTokenCtxES5_fiNS1_13FusedOptStateE' for 'sm_90a'
ptxas info    : Function properties for _ZN2sg5fused4sm9027fused_decoder_megakernel_tcILNS1_5OptIdE5EEEvNS0_17PersistentContextEPfNS1_15DecoderTokenCtxES5_fiNS1_13FusedOptStateE
    1792 bytes stack frame, 24 bytes spill stores, 44 bytes spill loads
ptxas info    : Used 255 registers, 1792 bytes cumulative stack size, 43444 bytes smem
ptxas info    : Function properties for _ZN2sg5fused4sm905dectc18dectc_forward_tileERKNS1_10DecWeightsERKNS2_6DecWBfEiiRKNS2_7DecActsERKNS2_14DecTileScratchEPKiSG_P13__nv_bfloat16SI_Pf
    0 bytes stack frame, 0 bytes spill stores, 0 bytes spill loads
ptxas info    : Function properties for _ZN2sg5fused4sm905dectc19dectc_backward_tileERKNS1_10DecWeightsERKNS2_6DecWBfEiiiRKNS2_7DecActsERKNS2_14DecTileScratchEPKiPfSH_P13__nv_bfloat16SJ_SH_
    0 bytes stack frame, 0 bytes spill stores, 0 bytes spill loads
ptxas info    : Function properties for _ZN2sg5fused4sm905dectc20dectc_gemm_fwd_ntileILi128EEEvPK13__nv_bfloat16S6_PS4_iiiS7_S7_
    0 bytes stack frame, 2192 bytes spill stores, 2192 bytes spill loads
ptxas info    : Function properties for _ZN2sg5fused4sm905dectc22dectc_dw_reduce_splitkILi128EEEvPKNS2_9DecDwSpecEiiPKfPfii
    0 bytes stack frame, 0 bytes spill stores, 0 bytes spill loads
ptxas info    : Function properties for _ZN2sg5fused4sm905dectc23dectc_gemm_dx_f32_ntileILi128EEEvPK13__nv_bfloat16S6_PfiiiPS4_S8_
    0 bytes stack frame, 1072 bytes spill stores, 1072 bytes spill loads
ptxas info    : Function properties for _ZN2sg5fused4sm905dectc24dectc_dw_run_tile_splitkILi128EEEvPKNS2_9DecDwSpecEiiiPfP13__nv_bfloat16S9_
    0 bytes stack frame, 0 bytes spill stores, 0 bytes spill loads
ptxas info    : Function properties for _ZN2sg5fused4sm905dectc24dectc_gemm_fwd_f32_ntileILi128EEEvPK13__nv_bfloat16S6_PfiiiPS4_S8_
    0 bytes stack frame, 0 bytes spill stores, 0 bytes spill loads
ptxas info    : Compiling entry function '_ZN2sg5fused4sm9027fused_decoder_megakernel_tcILNS1_5OptIdE6EEEvNS0_17PersistentContextEPfNS1_15DecoderTokenCtxES5_fiNS1_13FusedOptStateE' for 'sm_90a'
ptxas info    : Function properties for _ZN2sg5fused4sm9027fused_decoder_megakernel_tcILNS1_5OptIdE6EEEvNS0_17PersistentContextEPfNS1_15DecoderTokenCtxES5_fiNS1_13FusedOptStateE
    1792 bytes stack frame, 12 bytes spill stores, 44 bytes spill loads
ptxas info    : Used 255 registers, 1792 bytes cumulative stack size, 43188 bytes smem
ptxas info    : Function properties for _ZN2sg5fused4sm905dectc18dectc_forward_tileERKNS1_10DecWeightsERKNS2_6DecWBfEiiRKNS2_7DecActsERKNS2_14DecTileScratchEPKiSG_P13__nv_bfloat16SI_Pf
    0 bytes stack frame, 0 bytes spill stores, 0 bytes spill loads
ptxas info    : Function properties for _ZN2sg5fused4sm905dectc19dectc_backward_tileERKNS1_10DecWeightsERKNS2_6DecWBfEiiiRKNS2_7DecActsERKNS2_14DecTileScratchEPKiPfSH_P13__nv_bfloat16SJ_SH_
    0 bytes stack frame, 0 bytes spill stores, 0 bytes spill loads
ptxas info    : Function properties for _ZN2sg5fused4sm905dectc20dectc_gemm_fwd_ntileILi128EEEvPK13__nv_bfloat16S6_PS4_iiiS7_S7_
    0 bytes stack frame, 2192 bytes spill stores, 2192 bytes spill loads
ptxas info    : Function properties for _ZN2sg5fused4sm905dectc22dectc_dw_reduce_splitkILi128EEEvPKNS2_9DecDwSpecEiiPKfPfii
    0 bytes stack frame, 0 bytes spill stores, 0 bytes spill loads
ptxas info    : Function properties for _ZN2sg5fused4sm905dectc23dectc_gemm_dx_f32_ntileILi128EEEvPK13__nv_bfloat16S6_PfiiiPS4_S8_
    0 bytes stack frame, 1072 bytes spill stores, 1072 bytes spill loads
ptxas info    : Function properties for _ZN2sg5fused4sm905dectc24dectc_dw_run_tile_splitkILi128EEEvPKNS2_9DecDwSpecEiiiPfP13__nv_bfloat16S9_
    0 bytes stack frame, 0 bytes spill stores, 0 bytes spill loads
ptxas info    : Function properties for _ZN2sg5fused4sm905dectc24dectc_gemm_fwd_f32_ntileILi128EEEvPK13__nv_bfloat16S6_PfiiiPS4_S8_
    0 bytes stack frame, 0 bytes spill stores, 0 bytes spill loads
ptxas info    : Compiling entry function '_ZN2sg5fused4sm9027fused_decoder_megakernel_tcILNS1_5OptIdE3EEEvNS0_17PersistentContextEPfNS1_15DecoderTokenCtxES5_fiNS1_13FusedOptStateE' for 'sm_90a'
ptxas info    : Function properties for _ZN2sg5fused4sm9027fused_decoder_megakernel_tcILNS1_5OptIdE3EEEvNS0_17PersistentContextEPfNS1_15DecoderTokenCtxES5_fiNS1_13FusedOptStateE
    1792 bytes stack frame, 12 bytes spill stores, 28 bytes spill loads
ptxas info    : Used 255 registers, 1792 bytes cumulative stack size, 43188 bytes smem
ptxas info    : Function properties for _ZN2sg5fused4sm905dectc18dectc_forward_tileERKNS1_10DecWeightsERKNS2_6DecWBfEiiRKNS2_7DecActsERKNS2_14DecTileScratchEPKiSG_P13__nv_bfloat16SI_Pf
    0 bytes stack frame, 0 bytes spill stores, 0 bytes spill loads
ptxas info    : Function properties for _ZN2sg5fused4sm905dectc19dectc_backward_tileERKNS1_10DecWeightsERKNS2_6DecWBfEiiiRKNS2_7DecActsERKNS2_14DecTileScratchEPKiPfSH_P13__nv_bfloat16SJ_SH_
    0 bytes stack frame, 0 bytes spill stores, 0 bytes spill loads
ptxas info    : Function properties for _ZN2sg5fused4sm905dectc20dectc_gemm_fwd_ntileILi128EEEvPK13__nv_bfloat16S6_PS4_iiiS7_S7_
    0 bytes stack frame, 2192 bytes spill stores, 2192 bytes spill loads
ptxas info    : Function properties for _ZN2sg5fused4sm905dectc22dectc_dw_reduce_splitkILi128EEEvPKNS2_9DecDwSpecEiiPKfPfii
    0 bytes stack frame, 0 bytes spill stores, 0 bytes spill loads
ptxas info    : Function properties for _ZN2sg5fused4sm905dectc23dectc_gemm_dx_f32_ntileILi128EEEvPK13__nv_bfloat16S6_PfiiiPS4_S8_
    0 bytes stack frame, 1072 bytes spill stores, 1072 bytes spill loads
ptxas info    : Function properties for _ZN2sg5fused4sm905dectc24dectc_dw_run_tile_splitkILi128EEEvPKNS2_9DecDwSpecEiiiPfP13__nv_bfloat16S9_
    0 bytes stack frame, 0 bytes spill stores, 0 bytes spill loads
ptxas info    : Function properties for _ZN2sg5fused4sm905dectc24dectc_gemm_fwd_f32_ntileILi128EEEvPK13__nv_bfloat16S6_PfiiiPS4_S8_
    0 bytes stack frame, 0 bytes spill stores, 0 bytes spill loads
ptxas info    : Compiling entry function '_ZN2sg5fused4sm9027fused_decoder_megakernel_tcILNS1_5OptIdE2EEEvNS0_17PersistentContextEPfNS1_15DecoderTokenCtxES5_fiNS1_13FusedOptStateE' for 'sm_90a'
ptxas info    : Function properties for _ZN2sg5fused4sm9027fused_decoder_megakernel_tcILNS1_5OptIdE2EEEvNS0_17PersistentContextEPfNS1_15DecoderTokenCtxES5_fiNS1_13FusedOptStateE
    1792 bytes stack frame, 12 bytes spill stores, 44 bytes spill loads
ptxas info    : Used 255 registers, 1792 bytes cumulative stack size, 43188 bytes smem
ptxas info    : Function properties for _ZN2sg5fused4sm905dectc18dectc_forward_tileERKNS1_10DecWeightsERKNS2_6DecWBfEiiRKNS2_7DecActsERKNS2_14DecTileScratchEPKiSG_P13__nv_bfloat16SI_Pf
    0 bytes stack frame, 0 bytes spill stores, 0 bytes spill loads
ptxas info    : Function properties for _ZN2sg5fused4sm905dectc19dectc_backward_tileERKNS1_10DecWeightsERKNS2_6DecWBfEiiiRKNS2_7DecActsERKNS2_14DecTileScratchEPKiPfSH_P13__nv_bfloat16SJ_SH_
    0 bytes stack frame, 0 bytes spill stores, 0 bytes spill loads
ptxas info    : Function properties for _ZN2sg5fused4sm905dectc20dectc_gemm_fwd_ntileILi128EEEvPK13__nv_bfloat16S6_PS4_iiiS7_S7_
    0 bytes stack frame, 2192 bytes spill stores, 2192 bytes spill loads
ptxas info    : Function properties for _ZN2sg5fused4sm905dectc22dectc_dw_reduce_splitkILi128EEEvPKNS2_9DecDwSpecEiiPKfPfii
    0 bytes stack frame, 0 bytes spill stores, 0 bytes spill loads
ptxas info    : Function properties for _ZN2sg5fused4sm905dectc23dectc_gemm_dx_f32_ntileILi128EEEvPK13__nv_bfloat16S6_PfiiiPS4_S8_
    0 bytes stack frame, 1072 bytes spill stores, 1072 bytes spill loads
ptxas info    : Function properties for _ZN2sg5fused4sm905dectc24dectc_dw_run_tile_splitkILi128EEEvPKNS2_9DecDwSpecEiiiPfP13__nv_bfloat16S9_
    0 bytes stack frame, 0 bytes spill stores, 0 bytes spill loads
ptxas info    : Function properties for _ZN2sg5fused4sm905dectc24dectc_gemm_fwd_f32_ntileILi128EEEvPK13__nv_bfloat16S6_PfiiiPS4_S8_
    0 bytes stack frame, 0 bytes spill stores, 0 bytes spill loads
ptxas info    : Compiling entry function '_ZN2sg5fused4sm9027fused_decoder_megakernel_tcILNS1_5OptIdE1EEEvNS0_17PersistentContextEPfNS1_15DecoderTokenCtxES5_fiNS1_13FusedOptStateE' for 'sm_90a'
ptxas info    : Function properties for _ZN2sg5fused4sm9027fused_decoder_megakernel_tcILNS1_5OptIdE1EEEvNS0_17PersistentContextEPfNS1_15DecoderTokenCtxES5_fiNS1_13FusedOptStateE
    1792 bytes stack frame, 12 bytes spill stores, 44 bytes spill loads
ptxas info    : Used 255 registers, 1792 bytes cumulative stack size, 43188 bytes smem
ptxas info    : Function properties for _ZN2sg5fused4sm905dectc18dectc_forward_tileERKNS1_10DecWeightsERKNS2_6DecWBfEiiRKNS2_7DecActsERKNS2_14DecTileScratchEPKiSG_P13__nv_bfloat16SI_Pf
    0 bytes stack frame, 0 bytes spill stores, 0 bytes spill loads
ptxas info    : Function properties for _ZN2sg5fused4sm905dectc19dectc_backward_tileERKNS1_10DecWeightsERKNS2_6DecWBfEiiiRKNS2_7DecActsERKNS2_14DecTileScratchEPKiPfSH_P13__nv_bfloat16SJ_SH_
    0 bytes stack frame, 0 bytes spill stores, 0 bytes spill loads
ptxas info    : Function properties for _ZN2sg5fused4sm905dectc20dectc_gemm_fwd_ntileILi128EEEvPK13__nv_bfloat16S6_PS4_iiiS7_S7_
    0 bytes stack frame, 2192 bytes spill stores, 2192 bytes spill loads
ptxas info    : Function properties for _ZN2sg5fused4sm905dectc22dectc_dw_reduce_splitkILi128EEEvPKNS2_9DecDwSpecEiiPKfPfii
    0 bytes stack frame, 0 bytes spill stores, 0 bytes spill loads
ptxas info    : Function properties for _ZN2sg5fused4sm905dectc23dectc_gemm_dx_f32_ntileILi128EEEvPK13__nv_bfloat16S6_PfiiiPS4_S8_
    0 bytes stack frame, 1072 bytes spill stores, 1072 bytes spill loads
ptxas info    : Function properties for _ZN2sg5fused4sm905dectc24dectc_dw_run_tile_splitkILi128EEEvPKNS2_9DecDwSpecEiiiPfP13__nv_bfloat16S9_
    0 bytes stack frame, 0 bytes spill stores, 0 bytes spill loads
ptxas info    : Function properties for _ZN2sg5fused4sm905dectc24dectc_gemm_fwd_f32_ntileILi128EEEvPK13__nv_bfloat16S6_PfiiiPS4_S8_
    0 bytes stack frame, 0 bytes spill stores, 0 bytes spill loads
ptxas info    : Compiling entry function '_ZN2sg5fused4sm9027fused_decoder_megakernel_tcILNS1_5OptIdE0EEEvNS0_17PersistentContextEPfNS1_15DecoderTokenCtxES5_fiNS1_13FusedOptStateE' for 'sm_90a'
ptxas info    : Function properties for _ZN2sg5fused4sm9027fused_decoder_megakernel_tcILNS1_5OptIdE0EEEvNS0_17PersistentContextEPfNS1_15DecoderTokenCtxES5_fiNS1_13FusedOptStateE
    1792 bytes stack frame, 12 bytes spill stores, 44 bytes spill loads
ptxas info    : Used 255 registers, 1792 bytes cumulative stack size, 43188 bytes smem
ptxas info    : Function properties for _ZN2sg5fused4sm905dectc18dectc_forward_tileERKNS1_10DecWeightsERKNS2_6DecWBfEiiRKNS2_7DecActsERKNS2_14DecTileScratchEPKiSG_P13__nv_bfloat16SI_Pf
    0 bytes stack frame, 0 bytes spill stores, 0 bytes spill loads
ptxas info    : Function properties for _ZN2sg5fused4sm905dectc19dectc_backward_tileERKNS1_10DecWeightsERKNS2_6DecWBfEiiiRKNS2_7DecActsERKNS2_14DecTileScratchEPKiPfSH_P13__nv_bfloat16SJ_SH_
    0 bytes stack frame, 0 bytes spill stores, 0 bytes spill loads
ptxas info    : Function properties for _ZN2sg5fused4sm905dectc20dectc_gemm_fwd_ntileILi128EEEvPK13__nv_bfloat16S6_PS4_iiiS7_S7_
    0 bytes stack frame, 2192 bytes spill stores, 2192 bytes spill loads
ptxas info    : Function properties for _ZN2sg5fused4sm905dectc22dectc_dw_reduce_splitkILi128EEEvPKNS2_9DecDwSpecEiiPKfPfii
    0 bytes stack frame, 0 bytes spill stores, 0 bytes spill loads
ptxas info    : Function properties for _ZN2sg5fused4sm905dectc23dectc_gemm_dx_f32_ntileILi128EEEvPK13__nv_bfloat16S6_PfiiiPS4_S8_
    0 bytes stack frame, 1072 bytes spill stores, 1072 bytes spill loads
ptxas info    : Function properties for _ZN2sg5fused4sm905dectc24dectc_dw_run_tile_splitkILi128EEEvPKNS2_9DecDwSpecEiiiPfP13__nv_bfloat16S9_
    0 bytes stack frame, 0 bytes spill stores, 0 bytes spill loads
ptxas info    : Function properties for _ZN2sg5fused4sm905dectc24dectc_gemm_fwd_f32_ntileILi128EEEvPK13__nv_bfloat16S6_PfiiiPS4_S8_
    0 bytes stack frame, 0 bytes spill stores, 0 bytes spill loads
ptxas info    : Compiling entry function '_ZN3cub17CUB_200302_900_NS11EmptyKernelIvEEvv' for 'sm_90a'
ptxas info    : Function properties for _ZN3cub17CUB_200302_900_NS11EmptyKernelIvEEvv
    0 bytes stack frame, 0 bytes spill stores, 0 bytes spill loads
ptxas info    : Used 4 registers
rc=0
