/dev/shm/expC1V4/csrc/algorithms/muon.h(76): warning #737-D: using-declaration ignored -- it refers to the current namespace
  using sg::algorithms::adamw_step;
        ^

Remark: The warnings can be suppressed with "-diag-suppress <warning-number>"

/dev/shm/expC1V4/csrc/algorithms/muon.h(76): warning #737-D: using-declaration ignored -- it refers to the current namespace
  using sg::algorithms::adamw_step;
        ^

Remark: The warnings can be suppressed with "-diag-suppress <warning-number>"

ptxas info    : (C7515) Potential Performance Loss: wgmma.mma_async instructions are serialized due to non wgmma instructions defining accumulator registers of a wgmma between start and end of the pipeline stage in the function '_ZN2sg5fused4sm905dectc24dectc_dw_run_tile_splitkILi128EEEvPKNS2_9DecDwSpecEiiiPfP13__nv_bfloat16S9_'
ptxas warning : Registers are spilled to local memory in function '_ZN2sg5fused4sm9027fused_decoder_megakernel_tcILNS1_5OptIdE10EEEvNS0_17PersistentContextEPfNS1_15DecoderTokenCtxES5_fiNS1_13FusedOptStateE', 404 bytes spill stores, 736 bytes spill loads
ptxas warning : Registers are spilled to local memory in function '_ZN2sg5fused4sm905dectc14dectc_gemm_fwdILi128EEEvPK13__nv_bfloat16S6_PS4_iiS7_S7_', 2272 bytes spill stores, 2272 bytes spill loads
ptxas warning : Registers are spilled to local memory in function '_ZN2sg5fused4sm905dectc17dectc_gemm_dx_f32ILi128EEEvPK13__nv_bfloat16S6_PfiiPS4_S8_', 2272 bytes spill stores, 2272 bytes spill loads
ptxas warning : Registers are spilled to local memory in function '_ZN2sg5fused4sm905dectc18dectc_gemm_fwd_f32ILi128EEEvPK13__nv_bfloat16S6_PfiiPS4_S8_', 1236 bytes spill stores, 1236 bytes spill loads
ptxas info    : (C7515) Potential Performance Loss: wgmma.mma_async instructions are serialized due to non wgmma instructions defining accumulator registers of a wgmma between start and end of the pipeline stage in the function '_ZN2sg5fused4sm905dectc24dectc_dw_run_tile_splitkILi128EEEvPKNS2_9DecDwSpecEiiiPfP13__nv_bfloat16S9_'
ptxas warning : Registers are spilled to local memory in function '_ZN2sg5fused4sm9027fused_decoder_megakernel_tcILNS1_5OptIdE9EEEvNS0_17PersistentContextEPfNS1_15DecoderTokenCtxES5_fiNS1_13FusedOptStateE', 300 bytes spill stores, 1288 bytes spill loads
ptxas warning : Registers are spilled to local memory in function '_ZN2sg5fused4sm905dectc14dectc_gemm_fwdILi128EEEvPK13__nv_bfloat16S6_PS4_iiS7_S7_', 2228 bytes spill stores, 2228 bytes spill loads
ptxas warning : Registers are spilled to local memory in function '_ZN2sg5fused4sm905dectc17dectc_gemm_dx_f32ILi128EEEvPK13__nv_bfloat16S6_PfiiPS4_S8_', 2320 bytes spill stores, 2328 bytes spill loads
ptxas warning : Registers are spilled to local memory in function '_ZN2sg5fused4sm905dectc18dectc_gemm_fwd_f32ILi128EEEvPK13__nv_bfloat16S6_PfiiPS4_S8_', 1264 bytes spill stores, 1272 bytes spill loads
ptxas info    : (C7515) Potential Performance Loss: wgmma.mma_async instructions are serialized due to non wgmma instructions defining accumulator registers of a wgmma between start and end of the pipeline stage in the function '_ZN2sg5fused4sm905dectc24dectc_dw_run_tile_splitkILi128EEEvPKNS2_9DecDwSpecEiiiPfP13__nv_bfloat16S9_'
ptxas warning : Registers are spilled to local memory in function '_ZN2sg5fused4sm9027fused_decoder_megakernel_tcILNS1_5OptIdE8EEEvNS0_17PersistentContextEPfNS1_15DecoderTokenCtxES5_fiNS1_13FusedOptStateE', 156 bytes spill stores, 768 bytes spill loads
ptxas warning : Registers are spilled to local memory in function '_ZN2sg5fused4sm905dectc14dectc_gemm_fwdILi128EEEvPK13__nv_bfloat16S6_PS4_iiS7_S7_', 2272 bytes spill stores, 2272 bytes spill loads
ptxas warning : Registers are spilled to local memory in function '_ZN2sg5fused4sm905dectc17dectc_gemm_dx_f32ILi128EEEvPK13__nv_bfloat16S6_PfiiPS4_S8_', 2272 bytes spill stores, 2272 bytes spill loads
ptxas warning : Registers are spilled to local memory in function '_ZN2sg5fused4sm905dectc18dectc_gemm_fwd_f32ILi128EEEvPK13__nv_bfloat16S6_PfiiPS4_S8_', 1228 bytes spill stores, 1228 bytes spill loads
ptxas info    : (C7515) Potential Performance Loss: wgmma.mma_async instructions are serialized due to non wgmma instructions defining accumulator registers of a wgmma between start and end of the pipeline stage in the function '_ZN2sg5fused4sm905dectc24dectc_dw_run_tile_splitkILi128EEEvPKNS2_9DecDwSpecEiiiPfP13__nv_bfloat16S9_'
ptxas warning : Registers are spilled to local memory in function '_ZN2sg5fused4sm9027fused_decoder_megakernel_tcILNS1_5OptIdE4EEEvNS0_17PersistentContextEPfNS1_15DecoderTokenCtxES5_fiNS1_13FusedOptStateE', 300 bytes spill stores, 1288 bytes spill loads
ptxas warning : Registers are spilled to local memory in function '_ZN2sg5fused4sm905dectc14dectc_gemm_fwdILi128EEEvPK13__nv_bfloat16S6_PS4_iiS7_S7_', 2228 bytes spill stores, 2228 bytes spill loads
ptxas warning : Registers are spilled to local memory in function '_ZN2sg5fused4sm905dectc17dectc_gemm_dx_f32ILi128EEEvPK13__nv_bfloat16S6_PfiiPS4_S8_', 2320 bytes spill stores, 2328 bytes spill loads
ptxas warning : Registers are spilled to local memory in function '_ZN2sg5fused4sm905dectc18dectc_gemm_fwd_f32ILi128EEEvPK13__nv_bfloat16S6_PfiiPS4_S8_', 1264 bytes spill stores, 1272 bytes spill loads
ptxas info    : (C7515) Potential Performance Loss: wgmma.mma_async instructions are serialized due to non wgmma instructions defining accumulator registers of a wgmma between start and end of the pipeline stage in the function '_ZN2sg5fused4sm905dectc24dectc_dw_run_tile_splitkILi128EEEvPKNS2_9DecDwSpecEiiiPfP13__nv_bfloat16S9_'
ptxas warning : Registers are spilled to local memory in function '_ZN2sg5fused4sm9027fused_decoder_megakernel_tcILNS1_5OptIdE7EEEvNS0_17PersistentContextEPfNS1_15DecoderTokenCtxES5_fiNS1_13FusedOptStateE', 204 bytes spill stores, 664 bytes spill loads
ptxas warning : Registers are spilled to local memory in function '_ZN2sg5fused4sm905dectc14dectc_gemm_fwdILi128EEEvPK13__nv_bfloat16S6_PS4_iiS7_S7_', 2184 bytes spill stores, 2184 bytes spill loads
ptxas warning : Registers are spilled to local memory in function '_ZN2sg5fused4sm905dectc17dectc_gemm_dx_f32ILi128EEEvPK13__nv_bfloat16S6_PfiiPS4_S8_', 1256 bytes spill stores, 1264 bytes spill loads
ptxas info    : (C7515) Potential Performance Loss: wgmma.mma_async instructions are serialized due to non wgmma instructions defining accumulator registers of a wgmma between start and end of the pipeline stage in the function '_ZN2sg5fused4sm905dectc24dectc_dw_run_tile_splitkILi128EEEvPKNS2_9DecDwSpecEiiiPfP13__nv_bfloat16S9_'
ptxas warning : Registers are spilled to local memory in function '_ZN2sg5fused4sm9027fused_decoder_megakernel_tcILNS1_5OptIdE5EEEvNS0_17PersistentContextEPfNS1_15DecoderTokenCtxES5_fiNS1_13FusedOptStateE', 212 bytes spill stores, 628 bytes spill loads
ptxas warning : Registers are spilled to local memory in function '_ZN2sg5fused4sm905dectc14dectc_gemm_fwdILi128EEEvPK13__nv_bfloat16S6_PS4_iiS7_S7_', 2184 bytes spill stores, 2184 bytes spill loads
ptxas warning : Registers are spilled to local memory in function '_ZN2sg5fused4sm905dectc17dectc_gemm_dx_f32ILi128EEEvPK13__nv_bfloat16S6_PfiiPS4_S8_', 1252 bytes spill stores, 1260 bytes spill loads
ptxas info    : (C7515) Potential Performance Loss: wgmma.mma_async instructions are serialized due to non wgmma instructions defining accumulator registers of a wgmma between start and end of the pipeline stage in the function '_ZN2sg5fused4sm905dectc24dectc_dw_run_tile_splitkILi128EEEvPKNS2_9DecDwSpecEiiiPfP13__nv_bfloat16S9_'
ptxas warning : Registers are spilled to local memory in function '_ZN2sg5fused4sm9027fused_decoder_megakernel_tcILNS1_5OptIdE6EEEvNS0_17PersistentContextEPfNS1_15DecoderTokenCtxES5_fiNS1_13FusedOptStateE', 200 bytes spill stores, 552 bytes spill loads
ptxas warning : Registers are spilled to local memory in function '_ZN2sg5fused4sm905dectc14dectc_gemm_fwdILi128EEEvPK13__nv_bfloat16S6_PS4_iiS7_S7_', 2184 bytes spill stores, 2184 bytes spill loads
ptxas warning : Registers are spilled to local memory in function '_ZN2sg5fused4sm905dectc17dectc_gemm_dx_f32ILi128EEEvPK13__nv_bfloat16S6_PfiiPS4_S8_', 1252 bytes spill stores, 1260 bytes spill loads
ptxas info    : (C7515) Potential Performance Loss: wgmma.mma_async instructions are serialized due to non wgmma instructions defining accumulator registers of a wgmma between start and end of the pipeline stage in the function '_ZN2sg5fused4sm905dectc24dectc_dw_run_tile_splitkILi128EEEvPKNS2_9DecDwSpecEiiiPfP13__nv_bfloat16S9_'
ptxas warning : Registers are spilled to local memory in function '_ZN2sg5fused4sm9027fused_decoder_megakernel_tcILNS1_5OptIdE3EEEvNS0_17PersistentContextEPfNS1_15DecoderTokenCtxES5_fiNS1_13FusedOptStateE', 200 bytes spill stores, 616 bytes spill loads
ptxas warning : Registers are spilled to local memory in function '_ZN2sg5fused4sm905dectc14dectc_gemm_fwdILi128EEEvPK13__nv_bfloat16S6_PS4_iiS7_S7_', 2184 bytes spill stores, 2184 bytes spill loads
ptxas warning : Registers are spilled to local memory in function '_ZN2sg5fused4sm905dectc17dectc_gemm_dx_f32ILi128EEEvPK13__nv_bfloat16S6_PfiiPS4_S8_', 1252 bytes spill stores, 1260 bytes spill loads
ptxas info    : (C7515) Potential Performance Loss: wgmma.mma_async instructions are serialized due to non wgmma instructions defining accumulator registers of a wgmma between start and end of the pipeline stage in the function '_ZN2sg5fused4sm905dectc24dectc_dw_run_tile_splitkILi128EEEvPKNS2_9DecDwSpecEiiiPfP13__nv_bfloat16S9_'
ptxas warning : Registers are spilled to local memory in function '_ZN2sg5fused4sm9027fused_decoder_megakernel_tcILNS1_5OptIdE2EEEvNS0_17PersistentContextEPfNS1_15DecoderTokenCtxES5_fiNS1_13FusedOptStateE', 200 bytes spill stores, 548 bytes spill loads
ptxas warning : Registers are spilled to local memory in function '_ZN2sg5fused4sm905dectc14dectc_gemm_fwdILi128EEEvPK13__nv_bfloat16S6_PS4_iiS7_S7_', 2184 bytes spill stores, 2184 bytes spill loads
ptxas warning : Registers are spilled to local memory in function '_ZN2sg5fused4sm905dectc17dectc_gemm_dx_f32ILi128EEEvPK13__nv_bfloat16S6_PfiiPS4_S8_', 1252 bytes spill stores, 1260 bytes spill loads
ptxas info    : (C7515) Potential Performance Loss: wgmma.mma_async instructions are serialized due to non wgmma instructions defining accumulator registers of a wgmma between start and end of the pipeline stage in the function '_ZN2sg5fused4sm905dectc24dectc_dw_run_tile_splitkILi128EEEvPKNS2_9DecDwSpecEiiiPfP13__nv_bfloat16S9_'
ptxas warning : Registers are spilled to local memory in function '_ZN2sg5fused4sm9027fused_decoder_megakernel_tcILNS1_5OptIdE1EEEvNS0_17PersistentContextEPfNS1_15DecoderTokenCtxES5_fiNS1_13FusedOptStateE', 200 bytes spill stores, 548 bytes spill loads
ptxas warning : Registers are spilled to local memory in function '_ZN2sg5fused4sm905dectc14dectc_gemm_fwdILi128EEEvPK13__nv_bfloat16S6_PS4_iiS7_S7_', 2184 bytes spill stores, 2184 bytes spill loads
ptxas warning : Registers are spilled to local memory in function '_ZN2sg5fused4sm905dectc17dectc_gemm_dx_f32ILi128EEEvPK13__nv_bfloat16S6_PfiiPS4_S8_', 1252 bytes spill stores, 1260 bytes spill loads
ptxas info    : (C7515) Potential Performance Loss: wgmma.mma_async instructions are serialized due to non wgmma instructions defining accumulator registers of a wgmma between start and end of the pipeline stage in the function '_ZN2sg5fused4sm905dectc24dectc_dw_run_tile_splitkILi128EEEvPKNS2_9DecDwSpecEiiiPfP13__nv_bfloat16S9_'
ptxas warning : Registers are spilled to local memory in function '_ZN2sg5fused4sm9027fused_decoder_megakernel_tcILNS1_5OptIdE0EEEvNS0_17PersistentContextEPfNS1_15DecoderTokenCtxES5_fiNS1_13FusedOptStateE', 200 bytes spill stores, 548 bytes spill loads
ptxas warning : Registers are spilled to local memory in function '_ZN2sg5fused4sm905dectc14dectc_gemm_fwdILi128EEEvPK13__nv_bfloat16S6_PS4_iiS7_S7_', 2184 bytes spill stores, 2184 bytes spill loads
ptxas warning : Registers are spilled to local memory in function '_ZN2sg5fused4sm905dectc17dectc_gemm_dx_f32ILi128EEEvPK13__nv_bfloat16S6_PfiiPS4_S8_', 1252 bytes spill stores, 1260 bytes spill loads
ptxas info    : 23 bytes gmem
ptxas info    : Compiling entry function '_ZN2sg5fused4sm9027fused_decoder_megakernel_tcILNS1_5OptIdE10EEEvNS0_17PersistentContextEPfNS1_15DecoderTokenCtxES5_fiNS1_13FusedOptStateE' for 'sm_90a'
ptxas info    : Function properties for _ZN2sg5fused4sm9027fused_decoder_megakernel_tcILNS1_5OptIdE10EEEvNS0_17PersistentContextEPfNS1_15DecoderTokenCtxES5_fiNS1_13FusedOptStateE
    2592 bytes stack frame, 404 bytes spill stores, 736 bytes spill loads
ptxas info    : Used 255 registers, 2592 bytes cumulative stack size, 43188 bytes smem
ptxas info    : Function properties for _ZN2sg5fused4sm905dectc14dectc_gemm_fwdILi128EEEvPK13__nv_bfloat16S6_PS4_iiS7_S7_
    0 bytes stack frame, 2272 bytes spill stores, 2272 bytes spill loads
ptxas info    : Function properties for _ZN2sg5fused4sm905dectc17dectc_gemm_dx_f32ILi128EEEvPK13__nv_bfloat16S6_PfiiPS4_S8_
    0 bytes stack frame, 2272 bytes spill stores, 2272 bytes spill loads
ptxas info    : Function properties for _ZN2sg5fused4sm905dectc18dectc_gemm_fwd_f32ILi128EEEvPK13__nv_bfloat16S6_PfiiPS4_S8_
    0 bytes stack frame, 1236 bytes spill stores, 1236 bytes spill loads
ptxas info    : Function properties for _ZN2sg5fused4sm905dectc22dectc_dw_reduce_splitkILi128EEEvPKNS2_9DecDwSpecEiiPKfPfii
    0 bytes stack frame, 0 bytes spill stores, 0 bytes spill loads
ptxas info    : Function properties for _ZN2sg5fused4sm905dectc24dectc_dw_run_tile_splitkILi128EEEvPKNS2_9DecDwSpecEiiiPfP13__nv_bfloat16S9_
    0 bytes stack frame, 0 bytes spill stores, 0 bytes spill loads
ptxas info    : Compiling entry function '_ZN2sg5fused4sm9027fused_decoder_megakernel_tcILNS1_5OptIdE9EEEvNS0_17PersistentContextEPfNS1_15DecoderTokenCtxES5_fiNS1_13FusedOptStateE' for 'sm_90a'
ptxas info    : Function properties for _ZN2sg5fused4sm9027fused_decoder_megakernel_tcILNS1_5OptIdE9EEEvNS0_17PersistentContextEPfNS1_15DecoderTokenCtxES5_fiNS1_13FusedOptStateE
    2528 bytes stack frame, 300 bytes spill stores, 1288 bytes spill loads
ptxas info    : Used 255 registers, 2528 bytes cumulative stack size, 43700 bytes smem
ptxas info    : Function properties for _ZN2sg5fused4sm905dectc14dectc_gemm_fwdILi128EEEvPK13__nv_bfloat16S6_PS4_iiS7_S7_
    0 bytes stack frame, 2228 bytes spill stores, 2228 bytes spill loads
ptxas info    : Function properties for _ZN2sg5fused4sm905dectc17dectc_gemm_dx_f32ILi128EEEvPK13__nv_bfloat16S6_PfiiPS4_S8_
    0 bytes stack frame, 2320 bytes spill stores, 2328 bytes spill loads
ptxas info    : Function properties for _ZN2sg5fused4sm905dectc18dectc_gemm_fwd_f32ILi128EEEvPK13__nv_bfloat16S6_PfiiPS4_S8_
    0 bytes stack frame, 1264 bytes spill stores, 1272 bytes spill loads
ptxas info    : Function properties for _ZN2sg5fused4sm905dectc22dectc_dw_reduce_splitkILi128EEEvPKNS2_9DecDwSpecEiiPKfPfii
    0 bytes stack frame, 0 bytes spill stores, 0 bytes spill loads
ptxas info    : Function properties for _ZN2sg5fused4sm905dectc24dectc_dw_run_tile_splitkILi128EEEvPKNS2_9DecDwSpecEiiiPfP13__nv_bfloat16S9_
    0 bytes stack frame, 0 bytes spill stores, 0 bytes spill loads
ptxas info    : Compiling entry function '_ZN2sg5fused4sm9027fused_decoder_megakernel_tcILNS1_5OptIdE8EEEvNS0_17PersistentContextEPfNS1_15DecoderTokenCtxES5_fiNS1_13FusedOptStateE' for 'sm_90a'
ptxas info    : Function properties for _ZN2sg5fused4sm9027fused_decoder_megakernel_tcILNS1_5OptIdE8EEEvNS0_17PersistentContextEPfNS1_15DecoderTokenCtxES5_fiNS1_13FusedOptStateE
    2448 bytes stack frame, 156 bytes spill stores, 768 bytes spill loads
ptxas info    : Used 255 registers, 2448 bytes cumulative stack size, 43828 bytes smem
ptxas info    : Function properties for _ZN2sg5fused4sm905dectc14dectc_gemm_fwdILi128EEEvPK13__nv_bfloat16S6_PS4_iiS7_S7_
    0 bytes stack frame, 2272 bytes spill stores, 2272 bytes spill loads
ptxas info    : Function properties for _ZN2sg5fused4sm905dectc17dectc_gemm_dx_f32ILi128EEEvPK13__nv_bfloat16S6_PfiiPS4_S8_
    0 bytes stack frame, 2272 bytes spill stores, 2272 bytes spill loads
ptxas info    : Function properties for _ZN2sg5fused4sm905dectc18dectc_gemm_fwd_f32ILi128EEEvPK13__nv_bfloat16S6_PfiiPS4_S8_
    0 bytes stack frame, 1228 bytes spill stores, 1228 bytes spill loads
ptxas info    : Function properties for _ZN2sg5fused4sm905dectc22dectc_dw_reduce_splitkILi128EEEvPKNS2_9DecDwSpecEiiPKfPfii
    0 bytes stack frame, 0 bytes spill stores, 0 bytes spill loads
ptxas info    : Function properties for _ZN2sg5fused4sm905dectc24dectc_dw_run_tile_splitkILi128EEEvPKNS2_9DecDwSpecEiiiPfP13__nv_bfloat16S9_
    0 bytes stack frame, 0 bytes spill stores, 0 bytes spill loads
ptxas info    : Compiling entry function '_ZN2sg5fused4sm9027fused_decoder_megakernel_tcILNS1_5OptIdE4EEEvNS0_17PersistentContextEPfNS1_15DecoderTokenCtxES5_fiNS1_13FusedOptStateE' for 'sm_90a'
ptxas info    : Function properties for _ZN2sg5fused4sm9027fused_decoder_megakernel_tcILNS1_5OptIdE4EEEvNS0_17PersistentContextEPfNS1_15DecoderTokenCtxES5_fiNS1_13FusedOptStateE
    2528 bytes stack frame, 300 bytes spill stores, 1288 bytes spill loads
ptxas info    : Used 255 registers, 2528 bytes cumulative stack size, 43188 bytes smem
ptxas info    : Function properties for _ZN2sg5fused4sm905dectc14dectc_gemm_fwdILi128EEEvPK13__nv_bfloat16S6_PS4_iiS7_S7_
    0 bytes stack frame, 2228 bytes spill stores, 2228 bytes spill loads
ptxas info    : Function properties for _ZN2sg5fused4sm905dectc17dectc_gemm_dx_f32ILi128EEEvPK13__nv_bfloat16S6_PfiiPS4_S8_
    0 bytes stack frame, 2320 bytes spill stores, 2328 bytes spill loads
ptxas info    : Function properties for _ZN2sg5fused4sm905dectc18dectc_gemm_fwd_f32ILi128EEEvPK13__nv_bfloat16S6_PfiiPS4_S8_
    0 bytes stack frame, 1264 bytes spill stores, 1272 bytes spill loads
ptxas info    : Function properties for _ZN2sg5fused4sm905dectc22dectc_dw_reduce_splitkILi128EEEvPKNS2_9DecDwSpecEiiPKfPfii
    0 bytes stack frame, 0 bytes spill stores, 0 bytes spill loads
ptxas info    : Function properties for _ZN2sg5fused4sm905dectc24dectc_dw_run_tile_splitkILi128EEEvPKNS2_9DecDwSpecEiiiPfP13__nv_bfloat16S9_
    0 bytes stack frame, 0 bytes spill stores, 0 bytes spill loads
ptxas info    : Compiling entry function '_ZN2sg5fused4sm9027fused_decoder_megakernel_tcILNS1_5OptIdE7EEEvNS0_17PersistentContextEPfNS1_15DecoderTokenCtxES5_fiNS1_13FusedOptStateE' for 'sm_90a'
ptxas info    : Function properties for _ZN2sg5fused4sm9027fused_decoder_megakernel_tcILNS1_5OptIdE7EEEvNS0_17PersistentContextEPfNS1_15DecoderTokenCtxES5_fiNS1_13FusedOptStateE
    1936 bytes stack frame, 204 bytes spill stores, 664 bytes spill loads
ptxas info    : Used 255 registers, 1936 bytes cumulative stack size, 43316 bytes smem
ptxas info    : Function properties for _ZN2sg5fused4sm905dectc14dectc_gemm_fwdILi128EEEvPK13__nv_bfloat16S6_PS4_iiS7_S7_
    0 bytes stack frame, 2184 bytes spill stores, 2184 bytes spill loads
ptxas info    : Function properties for _ZN2sg5fused4sm905dectc17dectc_gemm_dx_f32ILi128EEEvPK13__nv_bfloat16S6_PfiiPS4_S8_
    0 bytes stack frame, 1256 bytes spill stores, 1264 bytes spill loads
ptxas info    : Function properties for _ZN2sg5fused4sm905dectc18dectc_gemm_fwd_f32ILi128EEEvPK13__nv_bfloat16S6_PfiiPS4_S8_
    0 bytes stack frame, 0 bytes spill stores, 0 bytes spill loads
ptxas info    : Function properties for _ZN2sg5fused4sm905dectc22dectc_dw_reduce_splitkILi128EEEvPKNS2_9DecDwSpecEiiPKfPfii
    0 bytes stack frame, 0 bytes spill stores, 0 bytes spill loads
ptxas info    : Function properties for _ZN2sg5fused4sm905dectc24dectc_dw_run_tile_splitkILi128EEEvPKNS2_9DecDwSpecEiiiPfP13__nv_bfloat16S9_
    0 bytes stack frame, 0 bytes spill stores, 0 bytes spill loads
ptxas info    : Compiling entry function '_ZN2sg5fused4sm9027fused_decoder_megakernel_tcILNS1_5OptIdE5EEEvNS0_17PersistentContextEPfNS1_15DecoderTokenCtxES5_fiNS1_13FusedOptStateE' for 'sm_90a'
ptxas info    : Function properties for _ZN2sg5fused4sm9027fused_decoder_megakernel_tcILNS1_5OptIdE5EEEvNS0_17PersistentContextEPfNS1_15DecoderTokenCtxES5_fiNS1_13FusedOptStateE
    1936 bytes stack frame, 212 bytes spill stores, 628 bytes spill loads
ptxas info    : Used 255 registers, 1936 bytes cumulative stack size, 43444 bytes smem
ptxas info    : Function properties for _ZN2sg5fused4sm905dectc14dectc_gemm_fwdILi128EEEvPK13__nv_bfloat16S6_PS4_iiS7_S7_
    0 bytes stack frame, 2184 bytes spill stores, 2184 bytes spill loads
ptxas info    : Function properties for _ZN2sg5fused4sm905dectc17dectc_gemm_dx_f32ILi128EEEvPK13__nv_bfloat16S6_PfiiPS4_S8_
    0 bytes stack frame, 1252 bytes spill stores, 1260 bytes spill loads
ptxas info    : Function properties for _ZN2sg5fused4sm905dectc18dectc_gemm_fwd_f32ILi128EEEvPK13__nv_bfloat16S6_PfiiPS4_S8_
    0 bytes stack frame, 0 bytes spill stores, 0 bytes spill loads
ptxas info    : Function properties for _ZN2sg5fused4sm905dectc22dectc_dw_reduce_splitkILi128EEEvPKNS2_9DecDwSpecEiiPKfPfii
    0 bytes stack frame, 0 bytes spill stores, 0 bytes spill loads
ptxas info    : Function properties for _ZN2sg5fused4sm905dectc24dectc_dw_run_tile_splitkILi128EEEvPKNS2_9DecDwSpecEiiiPfP13__nv_bfloat16S9_
    0 bytes stack frame, 0 bytes spill stores, 0 bytes spill loads
ptxas info    : Compiling entry function '_ZN2sg5fused4sm9027fused_decoder_megakernel_tcILNS1_5OptIdE6EEEvNS0_17PersistentContextEPfNS1_15DecoderTokenCtxES5_fiNS1_13FusedOptStateE' for 'sm_90a'
ptxas info    : Function properties for _ZN2sg5fused4sm9027fused_decoder_megakernel_tcILNS1_5OptIdE6EEEvNS0_17PersistentContextEPfNS1_15DecoderTokenCtxES5_fiNS1_13FusedOptStateE
    1920 bytes stack frame, 200 bytes spill stores, 552 bytes spill loads
ptxas info    : Used 255 registers, 1920 bytes cumulative stack size, 43188 bytes smem
ptxas info    : Function properties for _ZN2sg5fused4sm905dectc14dectc_gemm_fwdILi128EEEvPK13__nv_bfloat16S6_PS4_iiS7_S7_
    0 bytes stack frame, 2184 bytes spill stores, 2184 bytes spill loads
ptxas info    : Function properties for _ZN2sg5fused4sm905dectc17dectc_gemm_dx_f32ILi128EEEvPK13__nv_bfloat16S6_PfiiPS4_S8_
    0 bytes stack frame, 1252 bytes spill stores, 1260 bytes spill loads
ptxas info    : Function properties for _ZN2sg5fused4sm905dectc18dectc_gemm_fwd_f32ILi128EEEvPK13__nv_bfloat16S6_PfiiPS4_S8_
    0 bytes stack frame, 0 bytes spill stores, 0 bytes spill loads
ptxas info    : Function properties for _ZN2sg5fused4sm905dectc22dectc_dw_reduce_splitkILi128EEEvPKNS2_9DecDwSpecEiiPKfPfii
    0 bytes stack frame, 0 bytes spill stores, 0 bytes spill loads
ptxas info    : Function properties for _ZN2sg5fused4sm905dectc24dectc_dw_run_tile_splitkILi128EEEvPKNS2_9DecDwSpecEiiiPfP13__nv_bfloat16S9_
    0 bytes stack frame, 0 bytes spill stores, 0 bytes spill loads
ptxas info    : Compiling entry function '_ZN2sg5fused4sm9027fused_decoder_megakernel_tcILNS1_5OptIdE3EEEvNS0_17PersistentContextEPfNS1_15DecoderTokenCtxES5_fiNS1_13FusedOptStateE' for 'sm_90a'
ptxas info    : Function properties for _ZN2sg5fused4sm9027fused_decoder_megakernel_tcILNS1_5OptIdE3EEEvNS0_17PersistentContextEPfNS1_15DecoderTokenCtxES5_fiNS1_13FusedOptStateE
    1920 bytes stack frame, 200 bytes spill stores, 616 bytes spill loads
ptxas info    : Used 255 registers, 1920 bytes cumulative stack size, 43188 bytes smem
ptxas info    : Function properties for _ZN2sg5fused4sm905dectc14dectc_gemm_fwdILi128EEEvPK13__nv_bfloat16S6_PS4_iiS7_S7_
    0 bytes stack frame, 2184 bytes spill stores, 2184 bytes spill loads
ptxas info    : Function properties for _ZN2sg5fused4sm905dectc17dectc_gemm_dx_f32ILi128EEEvPK13__nv_bfloat16S6_PfiiPS4_S8_
    0 bytes stack frame, 1252 bytes spill stores, 1260 bytes spill loads
ptxas info    : Function properties for _ZN2sg5fused4sm905dectc18dectc_gemm_fwd_f32ILi128EEEvPK13__nv_bfloat16S6_PfiiPS4_S8_
    0 bytes stack frame, 0 bytes spill stores, 0 bytes spill loads
ptxas info    : Function properties for _ZN2sg5fused4sm905dectc22dectc_dw_reduce_splitkILi128EEEvPKNS2_9DecDwSpecEiiPKfPfii
    0 bytes stack frame, 0 bytes spill stores, 0 bytes spill loads
ptxas info    : Function properties for _ZN2sg5fused4sm905dectc24dectc_dw_run_tile_splitkILi128EEEvPKNS2_9DecDwSpecEiiiPfP13__nv_bfloat16S9_
    0 bytes stack frame, 0 bytes spill stores, 0 bytes spill loads
ptxas info    : Compiling entry function '_ZN2sg5fused4sm9027fused_decoder_megakernel_tcILNS1_5OptIdE2EEEvNS0_17PersistentContextEPfNS1_15DecoderTokenCtxES5_fiNS1_13FusedOptStateE' for 'sm_90a'
ptxas info    : Function properties for _ZN2sg5fused4sm9027fused_decoder_megakernel_tcILNS1_5OptIdE2EEEvNS0_17PersistentContextEPfNS1_15DecoderTokenCtxES5_fiNS1_13FusedOptStateE
    1920 bytes stack frame, 200 bytes spill stores, 548 bytes spill loads
ptxas info    : Used 255 registers, 1920 bytes cumulative stack size, 43188 bytes smem
ptxas info    : Function properties for _ZN2sg5fused4sm905dectc14dectc_gemm_fwdILi128EEEvPK13__nv_bfloat16S6_PS4_iiS7_S7_
    0 bytes stack frame, 2184 bytes spill stores, 2184 bytes spill loads
ptxas info    : Function properties for _ZN2sg5fused4sm905dectc17dectc_gemm_dx_f32ILi128EEEvPK13__nv_bfloat16S6_PfiiPS4_S8_
    0 bytes stack frame, 1252 bytes spill stores, 1260 bytes spill loads
ptxas info    : Function properties for _ZN2sg5fused4sm905dectc18dectc_gemm_fwd_f32ILi128EEEvPK13__nv_bfloat16S6_PfiiPS4_S8_
    0 bytes stack frame, 0 bytes spill stores, 0 bytes spill loads
ptxas info    : Function properties for _ZN2sg5fused4sm905dectc22dectc_dw_reduce_splitkILi128EEEvPKNS2_9DecDwSpecEiiPKfPfii
    0 bytes stack frame, 0 bytes spill stores, 0 bytes spill loads
ptxas info    : Function properties for _ZN2sg5fused4sm905dectc24dectc_dw_run_tile_splitkILi128EEEvPKNS2_9DecDwSpecEiiiPfP13__nv_bfloat16S9_
    0 bytes stack frame, 0 bytes spill stores, 0 bytes spill loads
ptxas info    : Compiling entry function '_ZN2sg5fused4sm9027fused_decoder_megakernel_tcILNS1_5OptIdE1EEEvNS0_17PersistentContextEPfNS1_15DecoderTokenCtxES5_fiNS1_13FusedOptStateE' for 'sm_90a'
ptxas info    : Function properties for _ZN2sg5fused4sm9027fused_decoder_megakernel_tcILNS1_5OptIdE1EEEvNS0_17PersistentContextEPfNS1_15DecoderTokenCtxES5_fiNS1_13FusedOptStateE
    1920 bytes stack frame, 200 bytes spill stores, 548 bytes spill loads
ptxas info    : Used 255 registers, 1920 bytes cumulative stack size, 43188 bytes smem
ptxas info    : Function properties for _ZN2sg5fused4sm905dectc14dectc_gemm_fwdILi128EEEvPK13__nv_bfloat16S6_PS4_iiS7_S7_
    0 bytes stack frame, 2184 bytes spill stores, 2184 bytes spill loads
ptxas info    : Function properties for _ZN2sg5fused4sm905dectc17dectc_gemm_dx_f32ILi128EEEvPK13__nv_bfloat16S6_PfiiPS4_S8_
    0 bytes stack frame, 1252 bytes spill stores, 1260 bytes spill loads
ptxas info    : Function properties for _ZN2sg5fused4sm905dectc18dectc_gemm_fwd_f32ILi128EEEvPK13__nv_bfloat16S6_PfiiPS4_S8_
    0 bytes stack frame, 0 bytes spill stores, 0 bytes spill loads
ptxas info    : Function properties for _ZN2sg5fused4sm905dectc22dectc_dw_reduce_splitkILi128EEEvPKNS2_9DecDwSpecEiiPKfPfii
    0 bytes stack frame, 0 bytes spill stores, 0 bytes spill loads
ptxas info    : Function properties for _ZN2sg5fused4sm905dectc24dectc_dw_run_tile_splitkILi128EEEvPKNS2_9DecDwSpecEiiiPfP13__nv_bfloat16S9_
    0 bytes stack frame, 0 bytes spill stores, 0 bytes spill loads
ptxas info    : Compiling entry function '_ZN2sg5fused4sm9027fused_decoder_megakernel_tcILNS1_5OptIdE0EEEvNS0_17PersistentContextEPfNS1_15DecoderTokenCtxES5_fiNS1_13FusedOptStateE' for 'sm_90a'
ptxas info    : Function properties for _ZN2sg5fused4sm9027fused_decoder_megakernel_tcILNS1_5OptIdE0EEEvNS0_17PersistentContextEPfNS1_15DecoderTokenCtxES5_fiNS1_13FusedOptStateE
    1920 bytes stack frame, 200 bytes spill stores, 548 bytes spill loads
ptxas info    : Used 255 registers, 1920 bytes cumulative stack size, 43188 bytes smem
ptxas info    : Function properties for _ZN2sg5fused4sm905dectc14dectc_gemm_fwdILi128EEEvPK13__nv_bfloat16S6_PS4_iiS7_S7_
    0 bytes stack frame, 2184 bytes spill stores, 2184 bytes spill loads
ptxas info    : Function properties for _ZN2sg5fused4sm905dectc17dectc_gemm_dx_f32ILi128EEEvPK13__nv_bfloat16S6_PfiiPS4_S8_
    0 bytes stack frame, 1252 bytes spill stores, 1260 bytes spill loads
ptxas info    : Function properties for _ZN2sg5fused4sm905dectc18dectc_gemm_fwd_f32ILi128EEEvPK13__nv_bfloat16S6_PfiiPS4_S8_
    0 bytes stack frame, 0 bytes spill stores, 0 bytes spill loads
ptxas info    : Function properties for _ZN2sg5fused4sm905dectc22dectc_dw_reduce_splitkILi128EEEvPKNS2_9DecDwSpecEiiPKfPfii
    0 bytes stack frame, 0 bytes spill stores, 0 bytes spill loads
ptxas info    : Function properties for _ZN2sg5fused4sm905dectc24dectc_dw_run_tile_splitkILi128EEEvPKNS2_9DecDwSpecEiiiPfP13__nv_bfloat16S9_
    0 bytes stack frame, 0 bytes spill stores, 0 bytes spill loads
ptxas info    : Compiling entry function '_ZN3cub17CUB_200302_900_NS11EmptyKernelIvEEvv' for 'sm_90a'
ptxas info    : Function properties for _ZN3cub17CUB_200302_900_NS11EmptyKernelIvEEvv
    0 bytes stack frame, 0 bytes spill stores, 0 bytes spill loads
ptxas info    : Used 4 registers
rc=0
