/dev/shm/laneB-base/csrc/algorithms/muon.h(76): warning #737-D: using-declaration ignored -- it refers to the current namespace
  using sg::algorithms::adamw_step;
        ^

Remark: The warnings can be suppressed with "-diag-suppress <warning-number>"

/dev/shm/laneB-base/csrc/algorithms/muon.h(76): warning #737-D: using-declaration ignored -- it refers to the current namespace
  using sg::algorithms::adamw_step;
        ^

Remark: The warnings can be suppressed with "-diag-suppress <warning-number>"

ptxas info    : (C7515) Potential Performance Loss: wgmma.mma_async instructions are serialized due to non wgmma instructions defining accumulator registers of a wgmma between start and end of the pipeline stage in the function '_ZN2sg5fused4sm904mbtc18mbtc_backward_tileERKNS1_12MambaWeightsEiiiRKNS2_6MbActsERKNS2_13MbTileScratchERKNS2_9MbPartialEPKiSG_P13__nv_bfloat16SI_PfSJ_SJ_'
ptxas warning : Registers are spilled to local memory in function '_ZN2sg5fused4sm9025fused_mamba_megakernel_tcILNS1_5OptIdE10EEEvNS0_17PersistentContextEPfNS1_13MambaTokenCtxES5_fiNS1_13FusedOptStateE', 3648 bytes spill stores, 4384 bytes spill loads
ptxas warning : Registers are spilled to local memory in function '_ZN2sg5fused4sm904mbtc17mbtc_forward_tileERKNS1_12MambaWeightsEiiRKNS2_6MbActsERKNS2_13MbTileScratchEPKiSD_P13__nv_bfloat16SF_Pf', 3612 bytes spill stores, 3884 bytes spill loads
ptxas warning : Registers are spilled to local memory in function '_ZN2sg5fused4sm904mbtc18mbtc_backward_tileERKNS1_12MambaWeightsEiiiRKNS2_6MbActsERKNS2_13MbTileScratchERKNS2_9MbPartialEPKiSG_P13__nv_bfloat16SI_PfSJ_SJ_', 2920 bytes spill stores, 4392 bytes spill loads
ptxas info    : (C7515) Potential Performance Loss: wgmma.mma_async instructions are serialized due to non wgmma instructions defining accumulator registers of a wgmma between start and end of the pipeline stage in the function '_ZN2sg5fused4sm904mbtc18mbtc_backward_tileERKNS1_12MambaWeightsEiiiRKNS2_6MbActsERKNS2_13MbTileScratchERKNS2_9MbPartialEPKiSG_P13__nv_bfloat16SI_PfSJ_SJ_'
ptxas warning : Registers are spilled to local memory in function '_ZN2sg5fused4sm9025fused_mamba_megakernel_tcILNS1_5OptIdE9EEEvNS0_17PersistentContextEPfNS1_13MambaTokenCtxES5_fiNS1_13FusedOptStateE', 3396 bytes spill stores, 4096 bytes spill loads
ptxas warning : Registers are spilled to local memory in function '_ZN2sg5fused4sm904mbtc17mbtc_forward_tileERKNS1_12MambaWeightsEiiRKNS2_6MbActsERKNS2_13MbTileScratchEPKiSD_P13__nv_bfloat16SF_Pf', 3556 bytes spill stores, 3600 bytes spill loads
ptxas warning : Registers are spilled to local memory in function '_ZN2sg5fused4sm904mbtc18mbtc_backward_tileERKNS1_12MambaWeightsEiiiRKNS2_6MbActsERKNS2_13MbTileScratchERKNS2_9MbPartialEPKiSG_P13__nv_bfloat16SI_PfSJ_SJ_', 2500 bytes spill stores, 4068 bytes spill loads
ptxas info    : (C7515) Potential Performance Loss: wgmma.mma_async instructions are serialized due to non wgmma instructions defining accumulator registers of a wgmma between start and end of the pipeline stage in the function '_ZN2sg5fused4sm904mbtc18mbtc_backward_tileERKNS1_12MambaWeightsEiiiRKNS2_6MbActsERKNS2_13MbTileScratchERKNS2_9MbPartialEPKiSG_P13__nv_bfloat16SI_PfSJ_SJ_'
ptxas warning : Registers are spilled to local memory in function '_ZN2sg5fused4sm9025fused_mamba_megakernel_tcILNS1_5OptIdE8EEEvNS0_17PersistentContextEPfNS1_13MambaTokenCtxES5_fiNS1_13FusedOptStateE', 3396 bytes spill stores, 4112 bytes spill loads
ptxas warning : Registers are spilled to local memory in function '_ZN2sg5fused4sm904mbtc17mbtc_forward_tileERKNS1_12MambaWeightsEiiRKNS2_6MbActsERKNS2_13MbTileScratchEPKiSD_P13__nv_bfloat16SF_Pf', 3556 bytes spill stores, 3600 bytes spill loads
ptxas warning : Registers are spilled to local memory in function '_ZN2sg5fused4sm904mbtc18mbtc_backward_tileERKNS1_12MambaWeightsEiiiRKNS2_6MbActsERKNS2_13MbTileScratchERKNS2_9MbPartialEPKiSG_P13__nv_bfloat16SI_PfSJ_SJ_', 2500 bytes spill stores, 4068 bytes spill loads
ptxas info    : (C7515) Potential Performance Loss: wgmma.mma_async instructions are serialized due to non wgmma instructions defining accumulator registers of a wgmma between start and end of the pipeline stage in the function '_ZN2sg5fused4sm904mbtc18mbtc_backward_tileERKNS1_12MambaWeightsEiiiRKNS2_6MbActsERKNS2_13MbTileScratchERKNS2_9MbPartialEPKiSG_P13__nv_bfloat16SI_PfSJ_SJ_'
ptxas warning : Registers are spilled to local memory in function '_ZN2sg5fused4sm9025fused_mamba_megakernel_tcILNS1_5OptIdE7EEEvNS0_17PersistentContextEPfNS1_13MambaTokenCtxES5_fiNS1_13FusedOptStateE', 48 bytes spill stores, 108 bytes spill loads
ptxas warning : Registers are spilled to local memory in function '_ZN2sg5fused4sm904mbtc17mbtc_forward_tileERKNS1_12MambaWeightsEiiRKNS2_6MbActsERKNS2_13MbTileScratchEPKiSD_P13__nv_bfloat16SF_Pf', 3552 bytes spill stores, 3532 bytes spill loads
ptxas warning : Registers are spilled to local memory in function '_ZN2sg5fused4sm904mbtc18mbtc_backward_tileERKNS1_12MambaWeightsEiiiRKNS2_6MbActsERKNS2_13MbTileScratchERKNS2_9MbPartialEPKiSG_P13__nv_bfloat16SI_PfSJ_SJ_', 2252 bytes spill stores, 3804 bytes spill loads
ptxas info    : (C7515) Potential Performance Loss: wgmma.mma_async instructions are serialized due to non wgmma instructions defining accumulator registers of a wgmma between start and end of the pipeline stage in the function '_ZN2sg5fused4sm904mbtc18mbtc_backward_tileERKNS1_12MambaWeightsEiiiRKNS2_6MbActsERKNS2_13MbTileScratchERKNS2_9MbPartialEPKiSG_P13__nv_bfloat16SI_PfSJ_SJ_'
ptxas warning : Registers are spilled to local memory in function '_ZN2sg5fused4sm9025fused_mamba_megakernel_tcILNS1_5OptIdE4EEEvNS0_17PersistentContextEPfNS1_13MambaTokenCtxES5_fiNS1_13FusedOptStateE', 3396 bytes spill stores, 4072 bytes spill loads
ptxas warning : Registers are spilled to local memory in function '_ZN2sg5fused4sm904mbtc17mbtc_forward_tileERKNS1_12MambaWeightsEiiRKNS2_6MbActsERKNS2_13MbTileScratchEPKiSD_P13__nv_bfloat16SF_Pf', 3556 bytes spill stores, 3600 bytes spill loads
ptxas warning : Registers are spilled to local memory in function '_ZN2sg5fused4sm904mbtc18mbtc_backward_tileERKNS1_12MambaWeightsEiiiRKNS2_6MbActsERKNS2_13MbTileScratchERKNS2_9MbPartialEPKiSG_P13__nv_bfloat16SI_PfSJ_SJ_', 2500 bytes spill stores, 4068 bytes spill loads
ptxas info    : (C7515) Potential Performance Loss: wgmma.mma_async instructions are serialized due to non wgmma instructions defining accumulator registers of a wgmma between start and end of the pipeline stage in the function '_ZN2sg5fused4sm904mbtc18mbtc_backward_tileERKNS1_12MambaWeightsEiiiRKNS2_6MbActsERKNS2_13MbTileScratchERKNS2_9MbPartialEPKiSG_P13__nv_bfloat16SI_PfSJ_SJ_'
ptxas warning : Registers are spilled to local memory in function '_ZN2sg5fused4sm9025fused_mamba_megakernel_tcILNS1_5OptIdE5EEEvNS0_17PersistentContextEPfNS1_13MambaTokenCtxES5_fiNS1_13FusedOptStateE', 20 bytes spill stores, 28 bytes spill loads
ptxas warning : Registers are spilled to local memory in function '_ZN2sg5fused4sm904mbtc17mbtc_forward_tileERKNS1_12MambaWeightsEiiRKNS2_6MbActsERKNS2_13MbTileScratchEPKiSD_P13__nv_bfloat16SF_Pf', 3536 bytes spill stores, 3516 bytes spill loads
ptxas warning : Registers are spilled to local memory in function '_ZN2sg5fused4sm904mbtc18mbtc_backward_tileERKNS1_12MambaWeightsEiiiRKNS2_6MbActsERKNS2_13MbTileScratchERKNS2_9MbPartialEPKiSG_P13__nv_bfloat16SI_PfSJ_SJ_', 2148 bytes spill stores, 3692 bytes spill loads
ptxas info    : (C7515) Potential Performance Loss: wgmma.mma_async instructions are serialized due to non wgmma instructions defining accumulator registers of a wgmma between start and end of the pipeline stage in the function '_ZN2sg5fused4sm904mbtc18mbtc_backward_tileERKNS1_12MambaWeightsEiiiRKNS2_6MbActsERKNS2_13MbTileScratchERKNS2_9MbPartialEPKiSG_P13__nv_bfloat16SI_PfSJ_SJ_'
ptxas warning : Registers are spilled to local memory in function '_ZN2sg5fused4sm9025fused_mamba_megakernel_tcILNS1_5OptIdE6EEEvNS0_17PersistentContextEPfNS1_13MambaTokenCtxES5_fiNS1_13FusedOptStateE', 44 bytes spill stores, 100 bytes spill loads
ptxas warning : Registers are spilled to local memory in function '_ZN2sg5fused4sm904mbtc17mbtc_forward_tileERKNS1_12MambaWeightsEiiRKNS2_6MbActsERKNS2_13MbTileScratchEPKiSD_P13__nv_bfloat16SF_Pf', 3552 bytes spill stores, 3532 bytes spill loads
ptxas warning : Registers are spilled to local memory in function '_ZN2sg5fused4sm904mbtc18mbtc_backward_tileERKNS1_12MambaWeightsEiiiRKNS2_6MbActsERKNS2_13MbTileScratchERKNS2_9MbPartialEPKiSG_P13__nv_bfloat16SI_PfSJ_SJ_', 2252 bytes spill stores, 3804 bytes spill loads
ptxas info    : (C7515) Potential Performance Loss: wgmma.mma_async instructions are serialized due to non wgmma instructions defining accumulator registers of a wgmma between start and end of the pipeline stage in the function '_ZN2sg5fused4sm904mbtc18mbtc_backward_tileERKNS1_12MambaWeightsEiiiRKNS2_6MbActsERKNS2_13MbTileScratchERKNS2_9MbPartialEPKiSG_P13__nv_bfloat16SI_PfSJ_SJ_'
ptxas warning : Registers are spilled to local memory in function '_ZN2sg5fused4sm9025fused_mamba_megakernel_tcILNS1_5OptIdE3EEEvNS0_17PersistentContextEPfNS1_13MambaTokenCtxES5_fiNS1_13FusedOptStateE', 8 bytes spill stores, 12 bytes spill loads
ptxas warning : Registers are spilled to local memory in function '_ZN2sg5fused4sm904mbtc17mbtc_forward_tileERKNS1_12MambaWeightsEiiRKNS2_6MbActsERKNS2_13MbTileScratchEPKiSD_P13__nv_bfloat16SF_Pf', 3536 bytes spill stores, 3516 bytes spill loads
ptxas warning : Registers are spilled to local memory in function '_ZN2sg5fused4sm904mbtc18mbtc_backward_tileERKNS1_12MambaWeightsEiiiRKNS2_6MbActsERKNS2_13MbTileScratchERKNS2_9MbPartialEPKiSG_P13__nv_bfloat16SI_PfSJ_SJ_', 2148 bytes spill stores, 3692 bytes spill loads
ptxas info    : (C7515) Potential Performance Loss: wgmma.mma_async instructions are serialized due to non wgmma instructions defining accumulator registers of a wgmma between start and end of the pipeline stage in the function '_ZN2sg5fused4sm904mbtc18mbtc_backward_tileERKNS1_12MambaWeightsEiiiRKNS2_6MbActsERKNS2_13MbTileScratchERKNS2_9MbPartialEPKiSG_P13__nv_bfloat16SI_PfSJ_SJ_'
ptxas warning : Registers are spilled to local memory in function '_ZN2sg5fused4sm9025fused_mamba_megakernel_tcILNS1_5OptIdE2EEEvNS0_17PersistentContextEPfNS1_13MambaTokenCtxES5_fiNS1_13FusedOptStateE', 44 bytes spill stores, 100 bytes spill loads
ptxas warning : Registers are spilled to local memory in function '_ZN2sg5fused4sm904mbtc17mbtc_forward_tileERKNS1_12MambaWeightsEiiRKNS2_6MbActsERKNS2_13MbTileScratchEPKiSD_P13__nv_bfloat16SF_Pf', 3552 bytes spill stores, 3532 bytes spill loads
ptxas warning : Registers are spilled to local memory in function '_ZN2sg5fused4sm904mbtc18mbtc_backward_tileERKNS1_12MambaWeightsEiiiRKNS2_6MbActsERKNS2_13MbTileScratchERKNS2_9MbPartialEPKiSG_P13__nv_bfloat16SI_PfSJ_SJ_', 2252 bytes spill stores, 3804 bytes spill loads
ptxas info    : (C7515) Potential Performance Loss: wgmma.mma_async instructions are serialized due to non wgmma instructions defining accumulator registers of a wgmma between start and end of the pipeline stage in the function '_ZN2sg5fused4sm904mbtc18mbtc_backward_tileERKNS1_12MambaWeightsEiiiRKNS2_6MbActsERKNS2_13MbTileScratchERKNS2_9MbPartialEPKiSG_P13__nv_bfloat16SI_PfSJ_SJ_'
ptxas warning : Registers are spilled to local memory in function '_ZN2sg5fused4sm9025fused_mamba_megakernel_tcILNS1_5OptIdE1EEEvNS0_17PersistentContextEPfNS1_13MambaTokenCtxES5_fiNS1_13FusedOptStateE', 44 bytes spill stores, 100 bytes spill loads
ptxas warning : Registers are spilled to local memory in function '_ZN2sg5fused4sm904mbtc17mbtc_forward_tileERKNS1_12MambaWeightsEiiRKNS2_6MbActsERKNS2_13MbTileScratchEPKiSD_P13__nv_bfloat16SF_Pf', 3552 bytes spill stores, 3532 bytes spill loads
ptxas warning : Registers are spilled to local memory in function '_ZN2sg5fused4sm904mbtc18mbtc_backward_tileERKNS1_12MambaWeightsEiiiRKNS2_6MbActsERKNS2_13MbTileScratchERKNS2_9MbPartialEPKiSG_P13__nv_bfloat16SI_PfSJ_SJ_', 2252 bytes spill stores, 3804 bytes spill loads
ptxas info    : (C7515) Potential Performance Loss: wgmma.mma_async instructions are serialized due to non wgmma instructions defining accumulator registers of a wgmma between start and end of the pipeline stage in the function '_ZN2sg5fused4sm904mbtc18mbtc_backward_tileERKNS1_12MambaWeightsEiiiRKNS2_6MbActsERKNS2_13MbTileScratchERKNS2_9MbPartialEPKiSG_P13__nv_bfloat16SI_PfSJ_SJ_'
ptxas warning : Registers are spilled to local memory in function '_ZN2sg5fused4sm9025fused_mamba_megakernel_tcILNS1_5OptIdE0EEEvNS0_17PersistentContextEPfNS1_13MambaTokenCtxES5_fiNS1_13FusedOptStateE', 44 bytes spill stores, 100 bytes spill loads
ptxas warning : Registers are spilled to local memory in function '_ZN2sg5fused4sm904mbtc17mbtc_forward_tileERKNS1_12MambaWeightsEiiRKNS2_6MbActsERKNS2_13MbTileScratchEPKiSD_P13__nv_bfloat16SF_Pf', 3552 bytes spill stores, 3532 bytes spill loads
ptxas warning : Registers are spilled to local memory in function '_ZN2sg5fused4sm904mbtc18mbtc_backward_tileERKNS1_12MambaWeightsEiiiRKNS2_6MbActsERKNS2_13MbTileScratchERKNS2_9MbPartialEPKiSG_P13__nv_bfloat16SI_PfSJ_SJ_', 2252 bytes spill stores, 3804 bytes spill loads
ptxas info    : 23 bytes gmem
ptxas info    : Compiling entry function '_ZN2sg5fused4sm9025fused_mamba_megakernel_tcILNS1_5OptIdE10EEEvNS0_17PersistentContextEPfNS1_13MambaTokenCtxES5_fiNS1_13FusedOptStateE' for 'sm_90a'
ptxas info    : Function properties for _ZN2sg5fused4sm9025fused_mamba_megakernel_tcILNS1_5OptIdE10EEEvNS0_17PersistentContextEPfNS1_13MambaTokenCtxES5_fiNS1_13FusedOptStateE
    2896 bytes stack frame, 3648 bytes spill stores, 4384 bytes spill loads
ptxas info    : Used 255 registers, 2896 bytes cumulative stack size, 18884 bytes smem
ptxas info    : Function properties for _ZN2sg5fused4sm904mbtc17mbtc_forward_tileERKNS1_12MambaWeightsEiiRKNS2_6MbActsERKNS2_13MbTileScratchEPKiSD_P13__nv_bfloat16SF_Pf
    0 bytes stack frame, 3612 bytes spill stores, 3884 bytes spill loads
ptxas info    : Function properties for _ZN2sg5fused4sm904mbtc18mbtc_backward_tileERKNS1_12MambaWeightsEiiiRKNS2_6MbActsERKNS2_13MbTileScratchERKNS2_9MbPartialEPKiSG_P13__nv_bfloat16SI_PfSJ_SJ_
    0 bytes stack frame, 2920 bytes spill stores, 4392 bytes spill loads
ptxas info    : Compiling entry function '_ZN2sg5fused4sm9025fused_mamba_megakernel_tcILNS1_5OptIdE9EEEvNS0_17PersistentContextEPfNS1_13MambaTokenCtxES5_fiNS1_13FusedOptStateE' for 'sm_90a'
ptxas info    : Function properties for _ZN2sg5fused4sm9025fused_mamba_megakernel_tcILNS1_5OptIdE9EEEvNS0_17PersistentContextEPfNS1_13MambaTokenCtxES5_fiNS1_13FusedOptStateE
    2704 bytes stack frame, 3396 bytes spill stores, 4096 bytes spill loads
ptxas info    : Used 255 registers, 2704 bytes cumulative stack size, 19396 bytes smem
ptxas info    : Function properties for _ZN2sg5fused4sm904mbtc17mbtc_forward_tileERKNS1_12MambaWeightsEiiRKNS2_6MbActsERKNS2_13MbTileScratchEPKiSD_P13__nv_bfloat16SF_Pf
    0 bytes stack frame, 3556 bytes spill stores, 3600 bytes spill loads
ptxas info    : Function properties for _ZN2sg5fused4sm904mbtc18mbtc_backward_tileERKNS1_12MambaWeightsEiiiRKNS2_6MbActsERKNS2_13MbTileScratchERKNS2_9MbPartialEPKiSG_P13__nv_bfloat16SI_PfSJ_SJ_
    0 bytes stack frame, 2500 bytes spill stores, 4068 bytes spill loads
ptxas info    : Compiling entry function '_ZN2sg5fused4sm9025fused_mamba_megakernel_tcILNS1_5OptIdE8EEEvNS0_17PersistentContextEPfNS1_13MambaTokenCtxES5_fiNS1_13FusedOptStateE' for 'sm_90a'
ptxas info    : Function properties for _ZN2sg5fused4sm9025fused_mamba_megakernel_tcILNS1_5OptIdE8EEEvNS0_17PersistentContextEPfNS1_13MambaTokenCtxES5_fiNS1_13FusedOptStateE
    2704 bytes stack frame, 3396 bytes spill stores, 4112 bytes spill loads
ptxas info    : Used 255 registers, 2704 bytes cumulative stack size, 19524 bytes smem
ptxas info    : Function properties for _ZN2sg5fused4sm904mbtc17mbtc_forward_tileERKNS1_12MambaWeightsEiiRKNS2_6MbActsERKNS2_13MbTileScratchEPKiSD_P13__nv_bfloat16SF_Pf
    0 bytes stack frame, 3556 bytes spill stores, 3600 bytes spill loads
ptxas info    : Function properties for _ZN2sg5fused4sm904mbtc18mbtc_backward_tileERKNS1_12MambaWeightsEiiiRKNS2_6MbActsERKNS2_13MbTileScratchERKNS2_9MbPartialEPKiSG_P13__nv_bfloat16SI_PfSJ_SJ_
    0 bytes stack frame, 2500 bytes spill stores, 4068 bytes spill loads
ptxas info    : Compiling entry function '_ZN2sg5fused4sm9025fused_mamba_megakernel_tcILNS1_5OptIdE7EEEvNS0_17PersistentContextEPfNS1_13MambaTokenCtxES5_fiNS1_13FusedOptStateE' for 'sm_90a'
ptxas info    : Function properties for _ZN2sg5fused4sm9025fused_mamba_megakernel_tcILNS1_5OptIdE7EEEvNS0_17PersistentContextEPfNS1_13MambaTokenCtxES5_fiNS1_13FusedOptStateE
    2192 bytes stack frame, 48 bytes spill stores, 108 bytes spill loads
ptxas info    : Used 255 registers, 2192 bytes cumulative stack size, 19012 bytes smem
ptxas info    : Function properties for _ZN2sg5fused4sm904mbtc17mbtc_forward_tileERKNS1_12MambaWeightsEiiRKNS2_6MbActsERKNS2_13MbTileScratchEPKiSD_P13__nv_bfloat16SF_Pf
    0 bytes stack frame, 3552 bytes spill stores, 3532 bytes spill loads
ptxas info    : Function properties for _ZN2sg5fused4sm904mbtc18mbtc_backward_tileERKNS1_12MambaWeightsEiiiRKNS2_6MbActsERKNS2_13MbTileScratchERKNS2_9MbPartialEPKiSG_P13__nv_bfloat16SI_PfSJ_SJ_
    0 bytes stack frame, 2252 bytes spill stores, 3804 bytes spill loads
ptxas info    : Compiling entry function '_ZN2sg5fused4sm9025fused_mamba_megakernel_tcILNS1_5OptIdE4EEEvNS0_17PersistentContextEPfNS1_13MambaTokenCtxES5_fiNS1_13FusedOptStateE' for 'sm_90a'
ptxas info    : Function properties for _ZN2sg5fused4sm9025fused_mamba_megakernel_tcILNS1_5OptIdE4EEEvNS0_17PersistentContextEPfNS1_13MambaTokenCtxES5_fiNS1_13FusedOptStateE
    2704 bytes stack frame, 3396 bytes spill stores, 4072 bytes spill loads
ptxas info    : Used 255 registers, 2704 bytes cumulative stack size, 18884 bytes smem
ptxas info    : Function properties for _ZN2sg5fused4sm904mbtc17mbtc_forward_tileERKNS1_12MambaWeightsEiiRKNS2_6MbActsERKNS2_13MbTileScratchEPKiSD_P13__nv_bfloat16SF_Pf
    0 bytes stack frame, 3556 bytes spill stores, 3600 bytes spill loads
ptxas info    : Function properties for _ZN2sg5fused4sm904mbtc18mbtc_backward_tileERKNS1_12MambaWeightsEiiiRKNS2_6MbActsERKNS2_13MbTileScratchERKNS2_9MbPartialEPKiSG_P13__nv_bfloat16SI_PfSJ_SJ_
    0 bytes stack frame, 2500 bytes spill stores, 4068 bytes spill loads
ptxas info    : Compiling entry function '_ZN2sg5fused4sm9025fused_mamba_megakernel_tcILNS1_5OptIdE5EEEvNS0_17PersistentContextEPfNS1_13MambaTokenCtxES5_fiNS1_13FusedOptStateE' for 'sm_90a'
ptxas info    : Function properties for _ZN2sg5fused4sm9025fused_mamba_megakernel_tcILNS1_5OptIdE5EEEvNS0_17PersistentContextEPfNS1_13MambaTokenCtxES5_fiNS1_13FusedOptStateE
    2176 bytes stack frame, 20 bytes spill stores, 28 bytes spill loads
ptxas info    : Used 255 registers, 2176 bytes cumulative stack size, 19140 bytes smem
ptxas info    : Function properties for _ZN2sg5fused4sm904mbtc17mbtc_forward_tileERKNS1_12MambaWeightsEiiRKNS2_6MbActsERKNS2_13MbTileScratchEPKiSD_P13__nv_bfloat16SF_Pf
    0 bytes stack frame, 3536 bytes spill stores, 3516 bytes spill loads
ptxas info    : Function properties for _ZN2sg5fused4sm904mbtc18mbtc_backward_tileERKNS1_12MambaWeightsEiiiRKNS2_6MbActsERKNS2_13MbTileScratchERKNS2_9MbPartialEPKiSG_P13__nv_bfloat16SI_PfSJ_SJ_
    0 bytes stack frame, 2148 bytes spill stores, 3692 bytes spill loads
ptxas info    : Compiling entry function '_ZN2sg5fused4sm9025fused_mamba_megakernel_tcILNS1_5OptIdE6EEEvNS0_17PersistentContextEPfNS1_13MambaTokenCtxES5_fiNS1_13FusedOptStateE' for 'sm_90a'
ptxas info    : Function properties for _ZN2sg5fused4sm9025fused_mamba_megakernel_tcILNS1_5OptIdE6EEEvNS0_17PersistentContextEPfNS1_13MambaTokenCtxES5_fiNS1_13FusedOptStateE
    2192 bytes stack frame, 44 bytes spill stores, 100 bytes spill loads
ptxas info    : Used 255 registers, 2192 bytes cumulative stack size, 18884 bytes smem
ptxas info    : Function properties for _ZN2sg5fused4sm904mbtc17mbtc_forward_tileERKNS1_12MambaWeightsEiiRKNS2_6MbActsERKNS2_13MbTileScratchEPKiSD_P13__nv_bfloat16SF_Pf
    0 bytes stack frame, 3552 bytes spill stores, 3532 bytes spill loads
ptxas info    : Function properties for _ZN2sg5fused4sm904mbtc18mbtc_backward_tileERKNS1_12MambaWeightsEiiiRKNS2_6MbActsERKNS2_13MbTileScratchERKNS2_9MbPartialEPKiSG_P13__nv_bfloat16SI_PfSJ_SJ_
    0 bytes stack frame, 2252 bytes spill stores, 3804 bytes spill loads
ptxas info    : Compiling entry function '_ZN2sg5fused4sm9025fused_mamba_megakernel_tcILNS1_5OptIdE3EEEvNS0_17PersistentContextEPfNS1_13MambaTokenCtxES5_fiNS1_13FusedOptStateE' for 'sm_90a'
ptxas info    : Function properties for _ZN2sg5fused4sm9025fused_mamba_megakernel_tcILNS1_5OptIdE3EEEvNS0_17PersistentContextEPfNS1_13MambaTokenCtxES5_fiNS1_13FusedOptStateE
    2160 bytes stack frame, 8 bytes spill stores, 12 bytes spill loads
ptxas info    : Used 255 registers, 2160 bytes cumulative stack size, 18884 bytes smem
ptxas info    : Function properties for _ZN2sg5fused4sm904mbtc17mbtc_forward_tileERKNS1_12MambaWeightsEiiRKNS2_6MbActsERKNS2_13MbTileScratchEPKiSD_P13__nv_bfloat16SF_Pf
    0 bytes stack frame, 3536 bytes spill stores, 3516 bytes spill loads
ptxas info    : Function properties for _ZN2sg5fused4sm904mbtc18mbtc_backward_tileERKNS1_12MambaWeightsEiiiRKNS2_6MbActsERKNS2_13MbTileScratchERKNS2_9MbPartialEPKiSG_P13__nv_bfloat16SI_PfSJ_SJ_
    0 bytes stack frame, 2148 bytes spill stores, 3692 bytes spill loads
ptxas info    : Compiling entry function '_ZN2sg5fused4sm9025fused_mamba_megakernel_tcILNS1_5OptIdE2EEEvNS0_17PersistentContextEPfNS1_13MambaTokenCtxES5_fiNS1_13FusedOptStateE' for 'sm_90a'
ptxas info    : Function properties for _ZN2sg5fused4sm9025fused_mamba_megakernel_tcILNS1_5OptIdE2EEEvNS0_17PersistentContextEPfNS1_13MambaTokenCtxES5_fiNS1_13FusedOptStateE
    2192 bytes stack frame, 44 bytes spill stores, 100 bytes spill loads
ptxas info    : Used 255 registers, 2192 bytes cumulative stack size, 18884 bytes smem
ptxas info    : Function properties for _ZN2sg5fused4sm904mbtc17mbtc_forward_tileERKNS1_12MambaWeightsEiiRKNS2_6MbActsERKNS2_13MbTileScratchEPKiSD_P13__nv_bfloat16SF_Pf
    0 bytes stack frame, 3552 bytes spill stores, 3532 bytes spill loads
ptxas info    : Function properties for _ZN2sg5fused4sm904mbtc18mbtc_backward_tileERKNS1_12MambaWeightsEiiiRKNS2_6MbActsERKNS2_13MbTileScratchERKNS2_9MbPartialEPKiSG_P13__nv_bfloat16SI_PfSJ_SJ_
    0 bytes stack frame, 2252 bytes spill stores, 3804 bytes spill loads
ptxas info    : Compiling entry function '_ZN2sg5fused4sm9025fused_mamba_megakernel_tcILNS1_5OptIdE1EEEvNS0_17PersistentContextEPfNS1_13MambaTokenCtxES5_fiNS1_13FusedOptStateE' for 'sm_90a'
ptxas info    : Function properties for _ZN2sg5fused4sm9025fused_mamba_megakernel_tcILNS1_5OptIdE1EEEvNS0_17PersistentContextEPfNS1_13MambaTokenCtxES5_fiNS1_13FusedOptStateE
    2192 bytes stack frame, 44 bytes spill stores, 100 bytes spill loads
ptxas info    : Used 255 registers, 2192 bytes cumulative stack size, 18884 bytes smem
ptxas info    : Function properties for _ZN2sg5fused4sm904mbtc17mbtc_forward_tileERKNS1_12MambaWeightsEiiRKNS2_6MbActsERKNS2_13MbTileScratchEPKiSD_P13__nv_bfloat16SF_Pf
    0 bytes stack frame, 3552 bytes spill stores, 3532 bytes spill loads
ptxas info    : Function properties for _ZN2sg5fused4sm904mbtc18mbtc_backward_tileERKNS1_12MambaWeightsEiiiRKNS2_6MbActsERKNS2_13MbTileScratchERKNS2_9MbPartialEPKiSG_P13__nv_bfloat16SI_PfSJ_SJ_
    0 bytes stack frame, 2252 bytes spill stores, 3804 bytes spill loads
ptxas info    : Compiling entry function '_ZN2sg5fused4sm9025fused_mamba_megakernel_tcILNS1_5OptIdE0EEEvNS0_17PersistentContextEPfNS1_13MambaTokenCtxES5_fiNS1_13FusedOptStateE' for 'sm_90a'
ptxas info    : Function properties for _ZN2sg5fused4sm9025fused_mamba_megakernel_tcILNS1_5OptIdE0EEEvNS0_17PersistentContextEPfNS1_13MambaTokenCtxES5_fiNS1_13FusedOptStateE
    2192 bytes stack frame, 44 bytes spill stores, 100 bytes spill loads
ptxas info    : Used 255 registers, 2192 bytes cumulative stack size, 18884 bytes smem
ptxas info    : Function properties for _ZN2sg5fused4sm904mbtc17mbtc_forward_tileERKNS1_12MambaWeightsEiiRKNS2_6MbActsERKNS2_13MbTileScratchEPKiSD_P13__nv_bfloat16SF_Pf
    0 bytes stack frame, 3552 bytes spill stores, 3532 bytes spill loads
ptxas info    : Function properties for _ZN2sg5fused4sm904mbtc18mbtc_backward_tileERKNS1_12MambaWeightsEiiiRKNS2_6MbActsERKNS2_13MbTileScratchERKNS2_9MbPartialEPKiSG_P13__nv_bfloat16SI_PfSJ_SJ_
    0 bytes stack frame, 2252 bytes spill stores, 3804 bytes spill loads
ptxas info    : Compiling entry function '_ZN3cub17CUB_200302_900_NS11EmptyKernelIvEEvv' for 'sm_90a'
ptxas info    : Function properties for _ZN3cub17CUB_200302_900_NS11EmptyKernelIvEEvv
    0 bytes stack frame, 0 bytes spill stores, 0 bytes spill loads
ptxas info    : Used 4 registers
rc=0
