/dev/shm/expMbW/csrc/algorithms/muon.h(76): warning #737-D: using-declaration ignored -- it refers to the current namespace
  using sg::algorithms::adamw_step;
        ^

Remark: The warnings can be suppressed with "-diag-suppress <warning-number>"

/dev/shm/expMbW/csrc/algorithms/muon.h(76): warning #737-D: using-declaration ignored -- it refers to the current namespace
  using sg::algorithms::adamw_step;
        ^

Remark: The warnings can be suppressed with "-diag-suppress <warning-number>"

ptxas info    : (C7515) Potential Performance Loss: wgmma.mma_async instructions are serialized due to non wgmma instructions defining accumulator registers of a wgmma between start and end of the pipeline stage in the function '_ZN2sg5fused4sm904mbtc23mbtc_dw_run_tile_splitkILi128EEEvPKNS2_8MbDwSpecEiiiPfP13__nv_bfloat16S9_'
ptxas warning : Registers are spilled to local memory in function '_ZN2sg5fused4sm9025fused_mamba_megakernel_tcILNS1_5OptIdE10EEEvNS0_17PersistentContextEPfNS1_13MambaTokenCtxES5_fiNS1_13FusedOptStateE', 380 bytes spill stores, 1132 bytes spill loads
ptxas warning : Registers are spilled to local memory in function '_ZN2sg5fused4sm904mbtc16mbtc_gemm_dx_f32ILi128EEEvPK13__nv_bfloat16PKfPfiiPS4_SA_', 2204 bytes spill stores, 2204 bytes spill loads
ptxas warning : Registers are spilled to local memory in function '_ZN2sg5fused4sm904mbtc17mbtc_forward_tileERKNS1_12MambaWeightsEiiRKNS2_6MbActsERKNS2_13MbTileScratchEPKiSD_P13__nv_bfloat16SF_Pf', 2124 bytes spill stores, 2304 bytes spill loads
ptxas warning : Registers are spilled to local memory in function '_ZN2sg5fused4sm904mbtc17mbtc_gemm_fwd_f32ILi128EEEvPK13__nv_bfloat16PKfPfiiPS4_SA_', 2208 bytes spill stores, 2208 bytes spill loads
ptxas warning : Registers are spilled to local memory in function '_ZN2sg5fused4sm904mbtc18mbtc_backward_tileERKNS1_12MambaWeightsEiiiRKNS2_6MbActsERKNS2_13MbTileScratchERKNS2_9MbPartialEPKiSG_P13__nv_bfloat16SI_PfSJ_SJ_', 3456 bytes spill stores, 4644 bytes spill loads
ptxas info    : (C7515) Potential Performance Loss: wgmma.mma_async instructions are serialized due to non wgmma instructions defining accumulator registers of a wgmma between start and end of the pipeline stage in the function '_ZN2sg5fused4sm904mbtc23mbtc_dw_run_tile_splitkILi128EEEvPKNS2_8MbDwSpecEiiiPfP13__nv_bfloat16S9_'
ptxas warning : Registers are spilled to local memory in function '_ZN2sg5fused4sm9025fused_mamba_megakernel_tcILNS1_5OptIdE9EEEvNS0_17PersistentContextEPfNS1_13MambaTokenCtxES5_fiNS1_13FusedOptStateE', 168 bytes spill stores, 508 bytes spill loads
ptxas warning : Registers are spilled to local memory in function '_ZN2sg5fused4sm904mbtc16mbtc_gemm_dx_f32ILi128EEEvPK13__nv_bfloat16PKfPfiiPS4_SA_', 2192 bytes spill stores, 2192 bytes spill loads
ptxas warning : Registers are spilled to local memory in function '_ZN2sg5fused4sm904mbtc17mbtc_forward_tileERKNS1_12MambaWeightsEiiRKNS2_6MbActsERKNS2_13MbTileScratchEPKiSD_P13__nv_bfloat16SF_Pf', 2092 bytes spill stores, 2272 bytes spill loads
ptxas warning : Registers are spilled to local memory in function '_ZN2sg5fused4sm904mbtc17mbtc_gemm_fwd_f32ILi128EEEvPK13__nv_bfloat16PKfPfiiPS4_SA_', 2184 bytes spill stores, 2184 bytes spill loads
ptxas warning : Registers are spilled to local memory in function '_ZN2sg5fused4sm904mbtc18mbtc_backward_tileERKNS1_12MambaWeightsEiiiRKNS2_6MbActsERKNS2_13MbTileScratchERKNS2_9MbPartialEPKiSG_P13__nv_bfloat16SI_PfSJ_SJ_', 3200 bytes spill stores, 4380 bytes spill loads
ptxas info    : (C7515) Potential Performance Loss: wgmma.mma_async instructions are serialized due to non wgmma instructions defining accumulator registers of a wgmma between start and end of the pipeline stage in the function '_ZN2sg5fused4sm904mbtc23mbtc_dw_run_tile_splitkILi128EEEvPKNS2_8MbDwSpecEiiiPfP13__nv_bfloat16S9_'
ptxas warning : Registers are spilled to local memory in function '_ZN2sg5fused4sm9025fused_mamba_megakernel_tcILNS1_5OptIdE8EEEvNS0_17PersistentContextEPfNS1_13MambaTokenCtxES5_fiNS1_13FusedOptStateE', 168 bytes spill stores, 508 bytes spill loads
ptxas warning : Registers are spilled to local memory in function '_ZN2sg5fused4sm904mbtc16mbtc_gemm_dx_f32ILi128EEEvPK13__nv_bfloat16PKfPfiiPS4_SA_', 2192 bytes spill stores, 2192 bytes spill loads
ptxas warning : Registers are spilled to local memory in function '_ZN2sg5fused4sm904mbtc17mbtc_forward_tileERKNS1_12MambaWeightsEiiRKNS2_6MbActsERKNS2_13MbTileScratchEPKiSD_P13__nv_bfloat16SF_Pf', 2092 bytes spill stores, 2272 bytes spill loads
ptxas warning : Registers are spilled to local memory in function '_ZN2sg5fused4sm904mbtc17mbtc_gemm_fwd_f32ILi128EEEvPK13__nv_bfloat16PKfPfiiPS4_SA_', 2184 bytes spill stores, 2184 bytes spill loads
ptxas warning : Registers are spilled to local memory in function '_ZN2sg5fused4sm904mbtc18mbtc_backward_tileERKNS1_12MambaWeightsEiiiRKNS2_6MbActsERKNS2_13MbTileScratchERKNS2_9MbPartialEPKiSG_P13__nv_bfloat16SI_PfSJ_SJ_', 3200 bytes spill stores, 4380 bytes spill loads
ptxas info    : (C7515) Potential Performance Loss: wgmma.mma_async instructions are serialized due to non wgmma instructions defining accumulator registers of a wgmma between start and end of the pipeline stage in the function '_ZN2sg5fused4sm904mbtc23mbtc_dw_run_tile_splitkILi128EEEvPKNS2_8MbDwSpecEiiiPfP13__nv_bfloat16S9_'
ptxas warning : Registers are spilled to local memory in function '_ZN2sg5fused4sm9025fused_mamba_megakernel_tcILNS1_5OptIdE7EEEvNS0_17PersistentContextEPfNS1_13MambaTokenCtxES5_fiNS1_13FusedOptStateE', 8 bytes spill stores, 12 bytes spill loads
ptxas warning : Registers are spilled to local memory in function '_ZN2sg5fused4sm904mbtc16mbtc_gemm_dx_f32ILi128EEEvPK13__nv_bfloat16PKfPfiiPS4_SA_', 2180 bytes spill stores, 2180 bytes spill loads
ptxas warning : Registers are spilled to local memory in function '_ZN2sg5fused4sm904mbtc17mbtc_forward_tileERKNS1_12MambaWeightsEiiRKNS2_6MbActsERKNS2_13MbTileScratchEPKiSD_P13__nv_bfloat16SF_Pf', 2088 bytes spill stores, 2244 bytes spill loads
ptxas warning : Registers are spilled to local memory in function '_ZN2sg5fused4sm904mbtc17mbtc_gemm_fwd_f32ILi128EEEvPK13__nv_bfloat16PKfPfiiPS4_SA_', 1136 bytes spill stores, 1136 bytes spill loads
ptxas warning : Registers are spilled to local memory in function '_ZN2sg5fused4sm904mbtc18mbtc_backward_tileERKNS1_12MambaWeightsEiiiRKNS2_6MbActsERKNS2_13MbTileScratchERKNS2_9MbPartialEPKiSG_P13__nv_bfloat16SI_PfSJ_SJ_', 2216 bytes spill stores, 3676 bytes spill loads
ptxas info    : (C7515) Potential Performance Loss: wgmma.mma_async instructions are serialized due to non wgmma instructions defining accumulator registers of a wgmma between start and end of the pipeline stage in the function '_ZN2sg5fused4sm904mbtc23mbtc_dw_run_tile_splitkILi128EEEvPKNS2_8MbDwSpecEiiiPfP13__nv_bfloat16S9_'
ptxas warning : Registers are spilled to local memory in function '_ZN2sg5fused4sm9025fused_mamba_megakernel_tcILNS1_5OptIdE4EEEvNS0_17PersistentContextEPfNS1_13MambaTokenCtxES5_fiNS1_13FusedOptStateE', 176 bytes spill stores, 616 bytes spill loads
ptxas warning : Registers are spilled to local memory in function '_ZN2sg5fused4sm904mbtc16mbtc_gemm_dx_f32ILi128EEEvPK13__nv_bfloat16PKfPfiiPS4_SA_', 2192 bytes spill stores, 2192 bytes spill loads
ptxas warning : Registers are spilled to local memory in function '_ZN2sg5fused4sm904mbtc17mbtc_forward_tileERKNS1_12MambaWeightsEiiRKNS2_6MbActsERKNS2_13MbTileScratchEPKiSD_P13__nv_bfloat16SF_Pf', 2092 bytes spill stores, 2272 bytes spill loads
ptxas warning : Registers are spilled to local memory in function '_ZN2sg5fused4sm904mbtc17mbtc_gemm_fwd_f32ILi128EEEvPK13__nv_bfloat16PKfPfiiPS4_SA_', 2184 bytes spill stores, 2184 bytes spill loads
ptxas warning : Registers are spilled to local memory in function '_ZN2sg5fused4sm904mbtc18mbtc_backward_tileERKNS1_12MambaWeightsEiiiRKNS2_6MbActsERKNS2_13MbTileScratchERKNS2_9MbPartialEPKiSG_P13__nv_bfloat16SI_PfSJ_SJ_', 3200 bytes spill stores, 4380 bytes spill loads
ptxas info    : (C7515) Potential Performance Loss: wgmma.mma_async instructions are serialized due to non wgmma instructions defining accumulator registers of a wgmma between start and end of the pipeline stage in the function '_ZN2sg5fused4sm904mbtc23mbtc_dw_run_tile_splitkILi128EEEvPKNS2_8MbDwSpecEiiiPfP13__nv_bfloat16S9_'
ptxas warning : Registers are spilled to local memory in function '_ZN2sg5fused4sm9025fused_mamba_megakernel_tcILNS1_5OptIdE5EEEvNS0_17PersistentContextEPfNS1_13MambaTokenCtxES5_fiNS1_13FusedOptStateE', 20 bytes spill stores, 28 bytes spill loads
ptxas warning : Registers are spilled to local memory in function '_ZN2sg5fused4sm904mbtc16mbtc_gemm_dx_f32ILi128EEEvPK13__nv_bfloat16PKfPfiiPS4_SA_', 2180 bytes spill stores, 2180 bytes spill loads
ptxas warning : Registers are spilled to local memory in function '_ZN2sg5fused4sm904mbtc17mbtc_forward_tileERKNS1_12MambaWeightsEiiRKNS2_6MbActsERKNS2_13MbTileScratchEPKiSD_P13__nv_bfloat16SF_Pf', 2096 bytes spill stores, 2272 bytes spill loads
ptxas warning : Registers are spilled to local memory in function '_ZN2sg5fused4sm904mbtc17mbtc_gemm_fwd_f32ILi128EEEvPK13__nv_bfloat16PKfPfiiPS4_SA_', 1144 bytes spill stores, 1144 bytes spill loads
ptxas warning : Registers are spilled to local memory in function '_ZN2sg5fused4sm904mbtc18mbtc_backward_tileERKNS1_12MambaWeightsEiiiRKNS2_6MbActsERKNS2_13MbTileScratchERKNS2_9MbPartialEPKiSG_P13__nv_bfloat16SI_PfSJ_SJ_', 2216 bytes spill stores, 3676 bytes spill loads
ptxas info    : (C7515) Potential Performance Loss: wgmma.mma_async instructions are serialized due to non wgmma instructions defining accumulator registers of a wgmma between start and end of the pipeline stage in the function '_ZN2sg5fused4sm904mbtc23mbtc_dw_run_tile_splitkILi128EEEvPKNS2_8MbDwSpecEiiiPfP13__nv_bfloat16S9_'
ptxas warning : Registers are spilled to local memory in function '_ZN2sg5fused4sm9025fused_mamba_megakernel_tcILNS1_5OptIdE6EEEvNS0_17PersistentContextEPfNS1_13MambaTokenCtxES5_fiNS1_13FusedOptStateE', 8 bytes spill stores, 12 bytes spill loads
ptxas warning : Registers are spilled to local memory in function '_ZN2sg5fused4sm904mbtc16mbtc_gemm_dx_f32ILi128EEEvPK13__nv_bfloat16PKfPfiiPS4_SA_', 2180 bytes spill stores, 2180 bytes spill loads
ptxas warning : Registers are spilled to local memory in function '_ZN2sg5fused4sm904mbtc17mbtc_forward_tileERKNS1_12MambaWeightsEiiRKNS2_6MbActsERKNS2_13MbTileScratchEPKiSD_P13__nv_bfloat16SF_Pf', 2088 bytes spill stores, 2244 bytes spill loads
ptxas warning : Registers are spilled to local memory in function '_ZN2sg5fused4sm904mbtc17mbtc_gemm_fwd_f32ILi128EEEvPK13__nv_bfloat16PKfPfiiPS4_SA_', 1136 bytes spill stores, 1136 bytes spill loads
ptxas warning : Registers are spilled to local memory in function '_ZN2sg5fused4sm904mbtc18mbtc_backward_tileERKNS1_12MambaWeightsEiiiRKNS2_6MbActsERKNS2_13MbTileScratchERKNS2_9MbPartialEPKiSG_P13__nv_bfloat16SI_PfSJ_SJ_', 2216 bytes spill stores, 3676 bytes spill loads
ptxas info    : (C7515) Potential Performance Loss: wgmma.mma_async instructions are serialized due to non wgmma instructions defining accumulator registers of a wgmma between start and end of the pipeline stage in the function '_ZN2sg5fused4sm904mbtc23mbtc_dw_run_tile_splitkILi128EEEvPKNS2_8MbDwSpecEiiiPfP13__nv_bfloat16S9_'
ptxas warning : Registers are spilled to local memory in function '_ZN2sg5fused4sm9025fused_mamba_megakernel_tcILNS1_5OptIdE3EEEvNS0_17PersistentContextEPfNS1_13MambaTokenCtxES5_fiNS1_13FusedOptStateE', 8 bytes spill stores, 12 bytes spill loads
ptxas warning : Registers are spilled to local memory in function '_ZN2sg5fused4sm904mbtc16mbtc_gemm_dx_f32ILi128EEEvPK13__nv_bfloat16PKfPfiiPS4_SA_', 2180 bytes spill stores, 2180 bytes spill loads
ptxas warning : Registers are spilled to local memory in function '_ZN2sg5fused4sm904mbtc17mbtc_forward_tileERKNS1_12MambaWeightsEiiRKNS2_6MbActsERKNS2_13MbTileScratchEPKiSD_P13__nv_bfloat16SF_Pf', 2088 bytes spill stores, 2244 bytes spill loads
ptxas warning : Registers are spilled to local memory in function '_ZN2sg5fused4sm904mbtc17mbtc_gemm_fwd_f32ILi128EEEvPK13__nv_bfloat16PKfPfiiPS4_SA_', 1136 bytes spill stores, 1136 bytes spill loads
ptxas warning : Registers are spilled to local memory in function '_ZN2sg5fused4sm904mbtc18mbtc_backward_tileERKNS1_12MambaWeightsEiiiRKNS2_6MbActsERKNS2_13MbTileScratchERKNS2_9MbPartialEPKiSG_P13__nv_bfloat16SI_PfSJ_SJ_', 2216 bytes spill stores, 3676 bytes spill loads
ptxas info    : (C7515) Potential Performance Loss: wgmma.mma_async instructions are serialized due to non wgmma instructions defining accumulator registers of a wgmma between start and end of the pipeline stage in the function '_ZN2sg5fused4sm904mbtc23mbtc_dw_run_tile_splitkILi128EEEvPKNS2_8MbDwSpecEiiiPfP13__nv_bfloat16S9_'
ptxas warning : Registers are spilled to local memory in function '_ZN2sg5fused4sm9025fused_mamba_megakernel_tcILNS1_5OptIdE2EEEvNS0_17PersistentContextEPfNS1_13MambaTokenCtxES5_fiNS1_13FusedOptStateE', 8 bytes spill stores, 12 bytes spill loads
ptxas warning : Registers are spilled to local memory in function '_ZN2sg5fused4sm904mbtc16mbtc_gemm_dx_f32ILi128EEEvPK13__nv_bfloat16PKfPfiiPS4_SA_', 2180 bytes spill stores, 2180 bytes spill loads
ptxas warning : Registers are spilled to local memory in function '_ZN2sg5fused4sm904mbtc17mbtc_forward_tileERKNS1_12MambaWeightsEiiRKNS2_6MbActsERKNS2_13MbTileScratchEPKiSD_P13__nv_bfloat16SF_Pf', 2088 bytes spill stores, 2244 bytes spill loads
ptxas warning : Registers are spilled to local memory in function '_ZN2sg5fused4sm904mbtc17mbtc_gemm_fwd_f32ILi128EEEvPK13__nv_bfloat16PKfPfiiPS4_SA_', 1136 bytes spill stores, 1136 bytes spill loads
ptxas warning : Registers are spilled to local memory in function '_ZN2sg5fused4sm904mbtc18mbtc_backward_tileERKNS1_12MambaWeightsEiiiRKNS2_6MbActsERKNS2_13MbTileScratchERKNS2_9MbPartialEPKiSG_P13__nv_bfloat16SI_PfSJ_SJ_', 2216 bytes spill stores, 3676 bytes spill loads
ptxas info    : (C7515) Potential Performance Loss: wgmma.mma_async instructions are serialized due to non wgmma instructions defining accumulator registers of a wgmma between start and end of the pipeline stage in the function '_ZN2sg5fused4sm904mbtc23mbtc_dw_run_tile_splitkILi128EEEvPKNS2_8MbDwSpecEiiiPfP13__nv_bfloat16S9_'
ptxas warning : Registers are spilled to local memory in function '_ZN2sg5fused4sm9025fused_mamba_megakernel_tcILNS1_5OptIdE1EEEvNS0_17PersistentContextEPfNS1_13MambaTokenCtxES5_fiNS1_13FusedOptStateE', 8 bytes spill stores, 12 bytes spill loads
ptxas warning : Registers are spilled to local memory in function '_ZN2sg5fused4sm904mbtc16mbtc_gemm_dx_f32ILi128EEEvPK13__nv_bfloat16PKfPfiiPS4_SA_', 2180 bytes spill stores, 2180 bytes spill loads
ptxas warning : Registers are spilled to local memory in function '_ZN2sg5fused4sm904mbtc17mbtc_forward_tileERKNS1_12MambaWeightsEiiRKNS2_6MbActsERKNS2_13MbTileScratchEPKiSD_P13__nv_bfloat16SF_Pf', 2088 bytes spill stores, 2244 bytes spill loads
ptxas warning : Registers are spilled to local memory in function '_ZN2sg5fused4sm904mbtc17mbtc_gemm_fwd_f32ILi128EEEvPK13__nv_bfloat16PKfPfiiPS4_SA_', 1136 bytes spill stores, 1136 bytes spill loads
ptxas warning : Registers are spilled to local memory in function '_ZN2sg5fused4sm904mbtc18mbtc_backward_tileERKNS1_12MambaWeightsEiiiRKNS2_6MbActsERKNS2_13MbTileScratchERKNS2_9MbPartialEPKiSG_P13__nv_bfloat16SI_PfSJ_SJ_', 2216 bytes spill stores, 3676 bytes spill loads
ptxas info    : (C7515) Potential Performance Loss: wgmma.mma_async instructions are serialized due to non wgmma instructions defining accumulator registers of a wgmma between start and end of the pipeline stage in the function '_ZN2sg5fused4sm904mbtc23mbtc_dw_run_tile_splitkILi128EEEvPKNS2_8MbDwSpecEiiiPfP13__nv_bfloat16S9_'
ptxas warning : Registers are spilled to local memory in function '_ZN2sg5fused4sm9025fused_mamba_megakernel_tcILNS1_5OptIdE0EEEvNS0_17PersistentContextEPfNS1_13MambaTokenCtxES5_fiNS1_13FusedOptStateE', 8 bytes spill stores, 12 bytes spill loads
ptxas warning : Registers are spilled to local memory in function '_ZN2sg5fused4sm904mbtc16mbtc_gemm_dx_f32ILi128EEEvPK13__nv_bfloat16PKfPfiiPS4_SA_', 2180 bytes spill stores, 2180 bytes spill loads
ptxas warning : Registers are spilled to local memory in function '_ZN2sg5fused4sm904mbtc17mbtc_forward_tileERKNS1_12MambaWeightsEiiRKNS2_6MbActsERKNS2_13MbTileScratchEPKiSD_P13__nv_bfloat16SF_Pf', 2088 bytes spill stores, 2244 bytes spill loads
ptxas warning : Registers are spilled to local memory in function '_ZN2sg5fused4sm904mbtc17mbtc_gemm_fwd_f32ILi128EEEvPK13__nv_bfloat16PKfPfiiPS4_SA_', 1136 bytes spill stores, 1136 bytes spill loads
ptxas warning : Registers are spilled to local memory in function '_ZN2sg5fused4sm904mbtc18mbtc_backward_tileERKNS1_12MambaWeightsEiiiRKNS2_6MbActsERKNS2_13MbTileScratchERKNS2_9MbPartialEPKiSG_P13__nv_bfloat16SI_PfSJ_SJ_', 2216 bytes spill stores, 3676 bytes spill loads
ptxas info    : 23 bytes gmem
ptxas info    : Compiling entry function '_ZN2sg5fused4sm9025fused_mamba_megakernel_tcILNS1_5OptIdE10EEEvNS0_17PersistentContextEPfNS1_13MambaTokenCtxES5_fiNS1_13FusedOptStateE' for 'sm_90a'
ptxas info    : Function properties for _ZN2sg5fused4sm9025fused_mamba_megakernel_tcILNS1_5OptIdE10EEEvNS0_17PersistentContextEPfNS1_13MambaTokenCtxES5_fiNS1_13FusedOptStateE
    4016 bytes stack frame, 380 bytes spill stores, 1132 bytes spill loads
ptxas info    : Used 255 registers, 4016 bytes cumulative stack size, 18884 bytes smem
ptxas info    : Function properties for _ZN2sg5fused4sm904mbtc16mbtc_gemm_dx_f32ILi128EEEvPK13__nv_bfloat16PKfPfiiPS4_SA_
    0 bytes stack frame, 2204 bytes spill stores, 2204 bytes spill loads
ptxas info    : Function properties for _ZN2sg5fused4sm904mbtc17mbtc_forward_tileERKNS1_12MambaWeightsEiiRKNS2_6MbActsERKNS2_13MbTileScratchEPKiSD_P13__nv_bfloat16SF_Pf
    0 bytes stack frame, 2124 bytes spill stores, 2304 bytes spill loads
ptxas info    : Function properties for _ZN2sg5fused4sm904mbtc17mbtc_gemm_fwd_f32ILi128EEEvPK13__nv_bfloat16PKfPfiiPS4_SA_
    0 bytes stack frame, 2208 bytes spill stores, 2208 bytes spill loads
ptxas info    : Function properties for _ZN2sg5fused4sm904mbtc18mbtc_backward_tileERKNS1_12MambaWeightsEiiiRKNS2_6MbActsERKNS2_13MbTileScratchERKNS2_9MbPartialEPKiSG_P13__nv_bfloat16SI_PfSJ_SJ_
    0 bytes stack frame, 3456 bytes spill stores, 4644 bytes spill loads
ptxas info    : Function properties for _ZN2sg5fused4sm904mbtc21mbtc_dw_reduce_splitkILi128EEEvPKNS2_8MbDwSpecEiiPKfPfii
    0 bytes stack frame, 0 bytes spill stores, 0 bytes spill loads
ptxas info    : Function properties for _ZN2sg5fused4sm904mbtc23mbtc_dw_run_tile_splitkILi128EEEvPKNS2_8MbDwSpecEiiiPfP13__nv_bfloat16S9_
    0 bytes stack frame, 0 bytes spill stores, 0 bytes spill loads
ptxas info    : Compiling entry function '_ZN2sg5fused4sm9025fused_mamba_megakernel_tcILNS1_5OptIdE9EEEvNS0_17PersistentContextEPfNS1_13MambaTokenCtxES5_fiNS1_13FusedOptStateE' for 'sm_90a'
ptxas info    : Function properties for _ZN2sg5fused4sm9025fused_mamba_megakernel_tcILNS1_5OptIdE9EEEvNS0_17PersistentContextEPfNS1_13MambaTokenCtxES5_fiNS1_13FusedOptStateE
    3680 bytes stack frame, 168 bytes spill stores, 508 bytes spill loads
ptxas info    : Used 255 registers, 3680 bytes cumulative stack size, 19396 bytes smem
ptxas info    : Function properties for _ZN2sg5fused4sm904mbtc16mbtc_gemm_dx_f32ILi128EEEvPK13__nv_bfloat16PKfPfiiPS4_SA_
    0 bytes stack frame, 2192 bytes spill stores, 2192 bytes spill loads
ptxas info    : Function properties for _ZN2sg5fused4sm904mbtc17mbtc_forward_tileERKNS1_12MambaWeightsEiiRKNS2_6MbActsERKNS2_13MbTileScratchEPKiSD_P13__nv_bfloat16SF_Pf
    0 bytes stack frame, 2092 bytes spill stores, 2272 bytes spill loads
ptxas info    : Function properties for _ZN2sg5fused4sm904mbtc17mbtc_gemm_fwd_f32ILi128EEEvPK13__nv_bfloat16PKfPfiiPS4_SA_
    0 bytes stack frame, 2184 bytes spill stores, 2184 bytes spill loads
ptxas info    : Function properties for _ZN2sg5fused4sm904mbtc18mbtc_backward_tileERKNS1_12MambaWeightsEiiiRKNS2_6MbActsERKNS2_13MbTileScratchERKNS2_9MbPartialEPKiSG_P13__nv_bfloat16SI_PfSJ_SJ_
    0 bytes stack frame, 3200 bytes spill stores, 4380 bytes spill loads
ptxas info    : Function properties for _ZN2sg5fused4sm904mbtc21mbtc_dw_reduce_splitkILi128EEEvPKNS2_8MbDwSpecEiiPKfPfii
    0 bytes stack frame, 0 bytes spill stores, 0 bytes spill loads
ptxas info    : Function properties for _ZN2sg5fused4sm904mbtc23mbtc_dw_run_tile_splitkILi128EEEvPKNS2_8MbDwSpecEiiiPfP13__nv_bfloat16S9_
    0 bytes stack frame, 0 bytes spill stores, 0 bytes spill loads
ptxas info    : Compiling entry function '_ZN2sg5fused4sm9025fused_mamba_megakernel_tcILNS1_5OptIdE8EEEvNS0_17PersistentContextEPfNS1_13MambaTokenCtxES5_fiNS1_13FusedOptStateE' for 'sm_90a'
ptxas info    : Function properties for _ZN2sg5fused4sm9025fused_mamba_megakernel_tcILNS1_5OptIdE8EEEvNS0_17PersistentContextEPfNS1_13MambaTokenCtxES5_fiNS1_13FusedOptStateE
    3680 bytes stack frame, 168 bytes spill stores, 508 bytes spill loads
ptxas info    : Used 255 registers, 3680 bytes cumulative stack size, 19524 bytes smem
ptxas info    : Function properties for _ZN2sg5fused4sm904mbtc16mbtc_gemm_dx_f32ILi128EEEvPK13__nv_bfloat16PKfPfiiPS4_SA_
    0 bytes stack frame, 2192 bytes spill stores, 2192 bytes spill loads
ptxas info    : Function properties for _ZN2sg5fused4sm904mbtc17mbtc_forward_tileERKNS1_12MambaWeightsEiiRKNS2_6MbActsERKNS2_13MbTileScratchEPKiSD_P13__nv_bfloat16SF_Pf
    0 bytes stack frame, 2092 bytes spill stores, 2272 bytes spill loads
ptxas info    : Function properties for _ZN2sg5fused4sm904mbtc17mbtc_gemm_fwd_f32ILi128EEEvPK13__nv_bfloat16PKfPfiiPS4_SA_
    0 bytes stack frame, 2184 bytes spill stores, 2184 bytes spill loads
ptxas info    : Function properties for _ZN2sg5fused4sm904mbtc18mbtc_backward_tileERKNS1_12MambaWeightsEiiiRKNS2_6MbActsERKNS2_13MbTileScratchERKNS2_9MbPartialEPKiSG_P13__nv_bfloat16SI_PfSJ_SJ_
    0 bytes stack frame, 3200 bytes spill stores, 4380 bytes spill loads
ptxas info    : Function properties for _ZN2sg5fused4sm904mbtc21mbtc_dw_reduce_splitkILi128EEEvPKNS2_8MbDwSpecEiiPKfPfii
    0 bytes stack frame, 0 bytes spill stores, 0 bytes spill loads
ptxas info    : Function properties for _ZN2sg5fused4sm904mbtc23mbtc_dw_run_tile_splitkILi128EEEvPKNS2_8MbDwSpecEiiiPfP13__nv_bfloat16S9_
    0 bytes stack frame, 0 bytes spill stores, 0 bytes spill loads
ptxas info    : Compiling entry function '_ZN2sg5fused4sm9025fused_mamba_megakernel_tcILNS1_5OptIdE7EEEvNS0_17PersistentContextEPfNS1_13MambaTokenCtxES5_fiNS1_13FusedOptStateE' for 'sm_90a'
ptxas info    : Function properties for _ZN2sg5fused4sm9025fused_mamba_megakernel_tcILNS1_5OptIdE7EEEvNS0_17PersistentContextEPfNS1_13MambaTokenCtxES5_fiNS1_13FusedOptStateE
    3024 bytes stack frame, 8 bytes spill stores, 12 bytes spill loads
ptxas info    : Used 255 registers, 3024 bytes cumulative stack size, 19012 bytes smem
ptxas info    : Function properties for _ZN2sg5fused4sm904mbtc16mbtc_gemm_dx_f32ILi128EEEvPK13__nv_bfloat16PKfPfiiPS4_SA_
    0 bytes stack frame, 2180 bytes spill stores, 2180 bytes spill loads
ptxas info    : Function properties for _ZN2sg5fused4sm904mbtc17mbtc_forward_tileERKNS1_12MambaWeightsEiiRKNS2_6MbActsERKNS2_13MbTileScratchEPKiSD_P13__nv_bfloat16SF_Pf
    0 bytes stack frame, 2088 bytes spill stores, 2244 bytes spill loads
ptxas info    : Function properties for _ZN2sg5fused4sm904mbtc17mbtc_gemm_fwd_f32ILi128EEEvPK13__nv_bfloat16PKfPfiiPS4_SA_
    0 bytes stack frame, 1136 bytes spill stores, 1136 bytes spill loads
ptxas info    : Function properties for _ZN2sg5fused4sm904mbtc18mbtc_backward_tileERKNS1_12MambaWeightsEiiiRKNS2_6MbActsERKNS2_13MbTileScratchERKNS2_9MbPartialEPKiSG_P13__nv_bfloat16SI_PfSJ_SJ_
    0 bytes stack frame, 2216 bytes spill stores, 3676 bytes spill loads
ptxas info    : Function properties for _ZN2sg5fused4sm904mbtc21mbtc_dw_reduce_splitkILi128EEEvPKNS2_8MbDwSpecEiiPKfPfii
    0 bytes stack frame, 0 bytes spill stores, 0 bytes spill loads
ptxas info    : Function properties for _ZN2sg5fused4sm904mbtc23mbtc_dw_run_tile_splitkILi128EEEvPKNS2_8MbDwSpecEiiiPfP13__nv_bfloat16S9_
    0 bytes stack frame, 0 bytes spill stores, 0 bytes spill loads
ptxas info    : Compiling entry function '_ZN2sg5fused4sm9025fused_mamba_megakernel_tcILNS1_5OptIdE4EEEvNS0_17PersistentContextEPfNS1_13MambaTokenCtxES5_fiNS1_13FusedOptStateE' for 'sm_90a'
ptxas info    : Function properties for _ZN2sg5fused4sm9025fused_mamba_megakernel_tcILNS1_5OptIdE4EEEvNS0_17PersistentContextEPfNS1_13MambaTokenCtxES5_fiNS1_13FusedOptStateE
    3664 bytes stack frame, 176 bytes spill stores, 616 bytes spill loads
ptxas info    : Used 255 registers, 3664 bytes cumulative stack size, 18884 bytes smem
ptxas info    : Function properties for _ZN2sg5fused4sm904mbtc16mbtc_gemm_dx_f32ILi128EEEvPK13__nv_bfloat16PKfPfiiPS4_SA_
    0 bytes stack frame, 2192 bytes spill stores, 2192 bytes spill loads
ptxas info    : Function properties for _ZN2sg5fused4sm904mbtc17mbtc_forward_tileERKNS1_12MambaWeightsEiiRKNS2_6MbActsERKNS2_13MbTileScratchEPKiSD_P13__nv_bfloat16SF_Pf
    0 bytes stack frame, 2092 bytes spill stores, 2272 bytes spill loads
ptxas info    : Function properties for _ZN2sg5fused4sm904mbtc17mbtc_gemm_fwd_f32ILi128EEEvPK13__nv_bfloat16PKfPfiiPS4_SA_
    0 bytes stack frame, 2184 bytes spill stores, 2184 bytes spill loads
ptxas info    : Function properties for _ZN2sg5fused4sm904mbtc18mbtc_backward_tileERKNS1_12MambaWeightsEiiiRKNS2_6MbActsERKNS2_13MbTileScratchERKNS2_9MbPartialEPKiSG_P13__nv_bfloat16SI_PfSJ_SJ_
    0 bytes stack frame, 3200 bytes spill stores, 4380 bytes spill loads
ptxas info    : Function properties for _ZN2sg5fused4sm904mbtc21mbtc_dw_reduce_splitkILi128EEEvPKNS2_8MbDwSpecEiiPKfPfii
    0 bytes stack frame, 0 bytes spill stores, 0 bytes spill loads
ptxas info    : Function properties for _ZN2sg5fused4sm904mbtc23mbtc_dw_run_tile_splitkILi128EEEvPKNS2_8MbDwSpecEiiiPfP13__nv_bfloat16S9_
    0 bytes stack frame, 0 bytes spill stores, 0 bytes spill loads
ptxas info    : Compiling entry function '_ZN2sg5fused4sm9025fused_mamba_megakernel_tcILNS1_5OptIdE5EEEvNS0_17PersistentContextEPfNS1_13MambaTokenCtxES5_fiNS1_13FusedOptStateE' for 'sm_90a'
ptxas info    : Function properties for _ZN2sg5fused4sm9025fused_mamba_megakernel_tcILNS1_5OptIdE5EEEvNS0_17PersistentContextEPfNS1_13MambaTokenCtxES5_fiNS1_13FusedOptStateE
    3008 bytes stack frame, 20 bytes spill stores, 28 bytes spill loads
ptxas info    : Used 255 registers, 3008 bytes cumulative stack size, 19140 bytes smem
ptxas info    : Function properties for _ZN2sg5fused4sm904mbtc16mbtc_gemm_dx_f32ILi128EEEvPK13__nv_bfloat16PKfPfiiPS4_SA_
    0 bytes stack frame, 2180 bytes spill stores, 2180 bytes spill loads
ptxas info    : Function properties for _ZN2sg5fused4sm904mbtc17mbtc_forward_tileERKNS1_12MambaWeightsEiiRKNS2_6MbActsERKNS2_13MbTileScratchEPKiSD_P13__nv_bfloat16SF_Pf
    0 bytes stack frame, 2096 bytes spill stores, 2272 bytes spill loads
ptxas info    : Function properties for _ZN2sg5fused4sm904mbtc17mbtc_gemm_fwd_f32ILi128EEEvPK13__nv_bfloat16PKfPfiiPS4_SA_
    0 bytes stack frame, 1144 bytes spill stores, 1144 bytes spill loads
ptxas info    : Function properties for _ZN2sg5fused4sm904mbtc18mbtc_backward_tileERKNS1_12MambaWeightsEiiiRKNS2_6MbActsERKNS2_13MbTileScratchERKNS2_9MbPartialEPKiSG_P13__nv_bfloat16SI_PfSJ_SJ_
    0 bytes stack frame, 2216 bytes spill stores, 3676 bytes spill loads
ptxas info    : Function properties for _ZN2sg5fused4sm904mbtc21mbtc_dw_reduce_splitkILi128EEEvPKNS2_8MbDwSpecEiiPKfPfii
    0 bytes stack frame, 0 bytes spill stores, 0 bytes spill loads
ptxas info    : Function properties for _ZN2sg5fused4sm904mbtc23mbtc_dw_run_tile_splitkILi128EEEvPKNS2_8MbDwSpecEiiiPfP13__nv_bfloat16S9_
    0 bytes stack frame, 0 bytes spill stores, 0 bytes spill loads
ptxas info    : Compiling entry function '_ZN2sg5fused4sm9025fused_mamba_megakernel_tcILNS1_5OptIdE6EEEvNS0_17PersistentContextEPfNS1_13MambaTokenCtxES5_fiNS1_13FusedOptStateE' for 'sm_90a'
ptxas info    : Function properties for _ZN2sg5fused4sm9025fused_mamba_megakernel_tcILNS1_5OptIdE6EEEvNS0_17PersistentContextEPfNS1_13MambaTokenCtxES5_fiNS1_13FusedOptStateE
    3008 bytes stack frame, 8 bytes spill stores, 12 bytes spill loads
ptxas info    : Used 255 registers, 3008 bytes cumulative stack size, 18884 bytes smem
ptxas info    : Function properties for _ZN2sg5fused4sm904mbtc16mbtc_gemm_dx_f32ILi128EEEvPK13__nv_bfloat16PKfPfiiPS4_SA_
    0 bytes stack frame, 2180 bytes spill stores, 2180 bytes spill loads
ptxas info    : Function properties for _ZN2sg5fused4sm904mbtc17mbtc_forward_tileERKNS1_12MambaWeightsEiiRKNS2_6MbActsERKNS2_13MbTileScratchEPKiSD_P13__nv_bfloat16SF_Pf
    0 bytes stack frame, 2088 bytes spill stores, 2244 bytes spill loads
ptxas info    : Function properties for _ZN2sg5fused4sm904mbtc17mbtc_gemm_fwd_f32ILi128EEEvPK13__nv_bfloat16PKfPfiiPS4_SA_
    0 bytes stack frame, 1136 bytes spill stores, 1136 bytes spill loads
ptxas info    : Function properties for _ZN2sg5fused4sm904mbtc18mbtc_backward_tileERKNS1_12MambaWeightsEiiiRKNS2_6MbActsERKNS2_13MbTileScratchERKNS2_9MbPartialEPKiSG_P13__nv_bfloat16SI_PfSJ_SJ_
    0 bytes stack frame, 2216 bytes spill stores, 3676 bytes spill loads
ptxas info    : Function properties for _ZN2sg5fused4sm904mbtc21mbtc_dw_reduce_splitkILi128EEEvPKNS2_8MbDwSpecEiiPKfPfii
    0 bytes stack frame, 0 bytes spill stores, 0 bytes spill loads
ptxas info    : Function properties for _ZN2sg5fused4sm904mbtc23mbtc_dw_run_tile_splitkILi128EEEvPKNS2_8MbDwSpecEiiiPfP13__nv_bfloat16S9_
    0 bytes stack frame, 0 bytes spill stores, 0 bytes spill loads
ptxas info    : Compiling entry function '_ZN2sg5fused4sm9025fused_mamba_megakernel_tcILNS1_5OptIdE3EEEvNS0_17PersistentContextEPfNS1_13MambaTokenCtxES5_fiNS1_13FusedOptStateE' for 'sm_90a'
ptxas info    : Function properties for _ZN2sg5fused4sm9025fused_mamba_megakernel_tcILNS1_5OptIdE3EEEvNS0_17PersistentContextEPfNS1_13MambaTokenCtxES5_fiNS1_13FusedOptStateE
    3008 bytes stack frame, 8 bytes spill stores, 12 bytes spill loads
ptxas info    : Used 255 registers, 3008 bytes cumulative stack size, 18884 bytes smem
ptxas info    : Function properties for _ZN2sg5fused4sm904mbtc16mbtc_gemm_dx_f32ILi128EEEvPK13__nv_bfloat16PKfPfiiPS4_SA_
    0 bytes stack frame, 2180 bytes spill stores, 2180 bytes spill loads
ptxas info    : Function properties for _ZN2sg5fused4sm904mbtc17mbtc_forward_tileERKNS1_12MambaWeightsEiiRKNS2_6MbActsERKNS2_13MbTileScratchEPKiSD_P13__nv_bfloat16SF_Pf
    0 bytes stack frame, 2088 bytes spill stores, 2244 bytes spill loads
ptxas info    : Function properties for _ZN2sg5fused4sm904mbtc17mbtc_gemm_fwd_f32ILi128EEEvPK13__nv_bfloat16PKfPfiiPS4_SA_
    0 bytes stack frame, 1136 bytes spill stores, 1136 bytes spill loads
ptxas info    : Function properties for _ZN2sg5fused4sm904mbtc18mbtc_backward_tileERKNS1_12MambaWeightsEiiiRKNS2_6MbActsERKNS2_13MbTileScratchERKNS2_9MbPartialEPKiSG_P13__nv_bfloat16SI_PfSJ_SJ_
    0 bytes stack frame, 2216 bytes spill stores, 3676 bytes spill loads
ptxas info    : Function properties for _ZN2sg5fused4sm904mbtc21mbtc_dw_reduce_splitkILi128EEEvPKNS2_8MbDwSpecEiiPKfPfii
    0 bytes stack frame, 0 bytes spill stores, 0 bytes spill loads
ptxas info    : Function properties for _ZN2sg5fused4sm904mbtc23mbtc_dw_run_tile_splitkILi128EEEvPKNS2_8MbDwSpecEiiiPfP13__nv_bfloat16S9_
    0 bytes stack frame, 0 bytes spill stores, 0 bytes spill loads
ptxas info    : Compiling entry function '_ZN2sg5fused4sm9025fused_mamba_megakernel_tcILNS1_5OptIdE2EEEvNS0_17PersistentContextEPfNS1_13MambaTokenCtxES5_fiNS1_13FusedOptStateE' for 'sm_90a'
ptxas info    : Function properties for _ZN2sg5fused4sm9025fused_mamba_megakernel_tcILNS1_5OptIdE2EEEvNS0_17PersistentContextEPfNS1_13MambaTokenCtxES5_fiNS1_13FusedOptStateE
    3008 bytes stack frame, 8 bytes spill stores, 12 bytes spill loads
ptxas info    : Used 255 registers, 3008 bytes cumulative stack size, 18884 bytes smem
ptxas info    : Function properties for _ZN2sg5fused4sm904mbtc16mbtc_gemm_dx_f32ILi128EEEvPK13__nv_bfloat16PKfPfiiPS4_SA_
    0 bytes stack frame, 2180 bytes spill stores, 2180 bytes spill loads
ptxas info    : Function properties for _ZN2sg5fused4sm904mbtc17mbtc_forward_tileERKNS1_12MambaWeightsEiiRKNS2_6MbActsERKNS2_13MbTileScratchEPKiSD_P13__nv_bfloat16SF_Pf
    0 bytes stack frame, 2088 bytes spill stores, 2244 bytes spill loads
ptxas info    : Function properties for _ZN2sg5fused4sm904mbtc17mbtc_gemm_fwd_f32ILi128EEEvPK13__nv_bfloat16PKfPfiiPS4_SA_
    0 bytes stack frame, 1136 bytes spill stores, 1136 bytes spill loads
ptxas info    : Function properties for _ZN2sg5fused4sm904mbtc18mbtc_backward_tileERKNS1_12MambaWeightsEiiiRKNS2_6MbActsERKNS2_13MbTileScratchERKNS2_9MbPartialEPKiSG_P13__nv_bfloat16SI_PfSJ_SJ_
    0 bytes stack frame, 2216 bytes spill stores, 3676 bytes spill loads
ptxas info    : Function properties for _ZN2sg5fused4sm904mbtc21mbtc_dw_reduce_splitkILi128EEEvPKNS2_8MbDwSpecEiiPKfPfii
    0 bytes stack frame, 0 bytes spill stores, 0 bytes spill loads
ptxas info    : Function properties for _ZN2sg5fused4sm904mbtc23mbtc_dw_run_tile_splitkILi128EEEvPKNS2_8MbDwSpecEiiiPfP13__nv_bfloat16S9_
    0 bytes stack frame, 0 bytes spill stores, 0 bytes spill loads
ptxas info    : Compiling entry function '_ZN2sg5fused4sm9025fused_mamba_megakernel_tcILNS1_5OptIdE1EEEvNS0_17PersistentContextEPfNS1_13MambaTokenCtxES5_fiNS1_13FusedOptStateE' for 'sm_90a'
ptxas info    : Function properties for _ZN2sg5fused4sm9025fused_mamba_megakernel_tcILNS1_5OptIdE1EEEvNS0_17PersistentContextEPfNS1_13MambaTokenCtxES5_fiNS1_13FusedOptStateE
    3008 bytes stack frame, 8 bytes spill stores, 12 bytes spill loads
ptxas info    : Used 255 registers, 3008 bytes cumulative stack size, 18884 bytes smem
ptxas info    : Function properties for _ZN2sg5fused4sm904mbtc16mbtc_gemm_dx_f32ILi128EEEvPK13__nv_bfloat16PKfPfiiPS4_SA_
    0 bytes stack frame, 2180 bytes spill stores, 2180 bytes spill loads
ptxas info    : Function properties for _ZN2sg5fused4sm904mbtc17mbtc_forward_tileERKNS1_12MambaWeightsEiiRKNS2_6MbActsERKNS2_13MbTileScratchEPKiSD_P13__nv_bfloat16SF_Pf
    0 bytes stack frame, 2088 bytes spill stores, 2244 bytes spill loads
ptxas info    : Function properties for _ZN2sg5fused4sm904mbtc17mbtc_gemm_fwd_f32ILi128EEEvPK13__nv_bfloat16PKfPfiiPS4_SA_
    0 bytes stack frame, 1136 bytes spill stores, 1136 bytes spill loads
ptxas info    : Function properties for _ZN2sg5fused4sm904mbtc18mbtc_backward_tileERKNS1_12MambaWeightsEiiiRKNS2_6MbActsERKNS2_13MbTileScratchERKNS2_9MbPartialEPKiSG_P13__nv_bfloat16SI_PfSJ_SJ_
    0 bytes stack frame, 2216 bytes spill stores, 3676 bytes spill loads
ptxas info    : Function properties for _ZN2sg5fused4sm904mbtc21mbtc_dw_reduce_splitkILi128EEEvPKNS2_8MbDwSpecEiiPKfPfii
    0 bytes stack frame, 0 bytes spill stores, 0 bytes spill loads
ptxas info    : Function properties for _ZN2sg5fused4sm904mbtc23mbtc_dw_run_tile_splitkILi128EEEvPKNS2_8MbDwSpecEiiiPfP13__nv_bfloat16S9_
    0 bytes stack frame, 0 bytes spill stores, 0 bytes spill loads
ptxas info    : Compiling entry function '_ZN2sg5fused4sm9025fused_mamba_megakernel_tcILNS1_5OptIdE0EEEvNS0_17PersistentContextEPfNS1_13MambaTokenCtxES5_fiNS1_13FusedOptStateE' for 'sm_90a'
ptxas info    : Function properties for _ZN2sg5fused4sm9025fused_mamba_megakernel_tcILNS1_5OptIdE0EEEvNS0_17PersistentContextEPfNS1_13MambaTokenCtxES5_fiNS1_13FusedOptStateE
    3008 bytes stack frame, 8 bytes spill stores, 12 bytes spill loads
ptxas info    : Used 255 registers, 3008 bytes cumulative stack size, 18884 bytes smem
ptxas info    : Function properties for _ZN2sg5fused4sm904mbtc16mbtc_gemm_dx_f32ILi128EEEvPK13__nv_bfloat16PKfPfiiPS4_SA_
    0 bytes stack frame, 2180 bytes spill stores, 2180 bytes spill loads
ptxas info    : Function properties for _ZN2sg5fused4sm904mbtc17mbtc_forward_tileERKNS1_12MambaWeightsEiiRKNS2_6MbActsERKNS2_13MbTileScratchEPKiSD_P13__nv_bfloat16SF_Pf
    0 bytes stack frame, 2088 bytes spill stores, 2244 bytes spill loads
ptxas info    : Function properties for _ZN2sg5fused4sm904mbtc17mbtc_gemm_fwd_f32ILi128EEEvPK13__nv_bfloat16PKfPfiiPS4_SA_
    0 bytes stack frame, 1136 bytes spill stores, 1136 bytes spill loads
ptxas info    : Function properties for _ZN2sg5fused4sm904mbtc18mbtc_backward_tileERKNS1_12MambaWeightsEiiiRKNS2_6MbActsERKNS2_13MbTileScratchERKNS2_9MbPartialEPKiSG_P13__nv_bfloat16SI_PfSJ_SJ_
    0 bytes stack frame, 2216 bytes spill stores, 3676 bytes spill loads
ptxas info    : Function properties for _ZN2sg5fused4sm904mbtc21mbtc_dw_reduce_splitkILi128EEEvPKNS2_8MbDwSpecEiiPKfPfii
    0 bytes stack frame, 0 bytes spill stores, 0 bytes spill loads
ptxas info    : Function properties for _ZN2sg5fused4sm904mbtc23mbtc_dw_run_tile_splitkILi128EEEvPKNS2_8MbDwSpecEiiiPfP13__nv_bfloat16S9_
    0 bytes stack frame, 0 bytes spill stores, 0 bytes spill loads
ptxas info    : Compiling entry function '_ZN3cub17CUB_200302_900_NS11EmptyKernelIvEEvv' for 'sm_90a'
ptxas info    : Function properties for _ZN3cub17CUB_200302_900_NS11EmptyKernelIvEEvv
    0 bytes stack frame, 0 bytes spill stores, 0 bytes spill loads
ptxas info    : Used 4 registers
rc=0
