/dev/shm/expVitW/csrc/algorithms/muon.h(76): warning #737-D: using-declaration ignored -- it refers to the current namespace
  using sg::algorithms::adamw_step;
        ^

Remark: The warnings can be suppressed with "-diag-suppress <warning-number>"

/dev/shm/expVitW/csrc/algorithms/muon.h(76): warning #737-D: using-declaration ignored -- it refers to the current namespace
  using sg::algorithms::adamw_step;
        ^

Remark: The warnings can be suppressed with "-diag-suppress <warning-number>"

ptxas info    : (C7515) Potential Performance Loss: wgmma.mma_async instructions are serialized due to non wgmma instructions defining accumulator registers of a wgmma between start and end of the pipeline stage in the function '_ZN2sg5fused4sm905vittc24vittc_dw_run_tile_splitkILi128EEEvPKNS2_9VitDwSpecEiiiPK13__nv_bfloat16PfPS7_SB_'
ptxas warning : Registers are spilled to local memory in function '_ZN2sg5fused4sm9023fused_vit_megakernel_tcILNS1_5OptIdE10EEEvNS0_17PersistentContextEPfNS1_11ViTInputCtxES5_fiNS1_13FusedOptStateE', 376 bytes spill stores, 1144 bytes spill loads
ptxas warning : Registers are spilled to local memory in function '_ZN2sg5fused4sm905vittc14vittc_gemm_fwdILi128EEEvPK13__nv_bfloat16PKfPS4_iiiiS9_S9_', 2256 bytes spill stores, 2264 bytes spill loads
ptxas warning : Registers are spilled to local memory in function '_ZN2sg5fused4sm905vittc17vittc_gemm_dx_f32ILi128EEEvPK13__nv_bfloat16PKfPfiiPS4_SA_', 2404 bytes spill stores, 2404 bytes spill loads
ptxas warning : Registers are spilled to local memory in function '_ZN2sg5fused4sm905vittc18vittc_forward_tileERKNS1_10VitWeightsEiiRKNS2_7VitActsERKNS2_14VitTileScratchEPKfPKiP13__nv_bfloat16SH_Pf', 2068 bytes spill stores, 2068 bytes spill loads
ptxas warning : Registers are spilled to local memory in function '_ZN2sg5fused4sm905vittc18vittc_gemm_fwd_f32ILi128EEEvPK13__nv_bfloat16PKfPfiiPS4_SA_', 2400 bytes spill stores, 2400 bytes spill loads
ptxas warning : Registers are spilled to local memory in function '_ZN2sg5fused4sm905vittc19vittc_backward_tileERKNS1_10VitWeightsEiiiRKNS2_7VitActsERKNS2_14VitTileScratchEPKiPfSE_P13__nv_bfloat16SG_SE_', 36 bytes spill stores, 200 bytes spill loads
ptxas warning : Registers are spilled to local memory in function '_ZN2sg5fused4sm905vittc24vittc_dw_run_tile_splitkILi128EEEvPKNS2_9VitDwSpecEiiiPK13__nv_bfloat16PfPS7_SB_', 1120 bytes spill stores, 1120 bytes spill loads
ptxas info    : (C7515) Potential Performance Loss: wgmma.mma_async instructions are serialized due to non wgmma instructions defining accumulator registers of a wgmma between start and end of the pipeline stage in the function '_ZN2sg5fused4sm905vittc24vittc_dw_run_tile_splitkILi128EEEvPKNS2_9VitDwSpecEiiiPK13__nv_bfloat16PfPS7_SB_'
ptxas warning : Registers are spilled to local memory in function '_ZN2sg5fused4sm9023fused_vit_megakernel_tcILNS1_5OptIdE9EEEvNS0_17PersistentContextEPfNS1_11ViTInputCtxES5_fiNS1_13FusedOptStateE', 180 bytes spill stores, 612 bytes spill loads
ptxas warning : Registers are spilled to local memory in function '_ZN2sg5fused4sm905vittc14vittc_gemm_fwdILi128EEEvPK13__nv_bfloat16PKfPS4_iiiiS9_S9_', 2252 bytes spill stores, 2252 bytes spill loads
ptxas warning : Registers are spilled to local memory in function '_ZN2sg5fused4sm905vittc17vittc_gemm_dx_f32ILi128EEEvPK13__nv_bfloat16PKfPfiiPS4_SA_', 2384 bytes spill stores, 2384 bytes spill loads
ptxas warning : Registers are spilled to local memory in function '_ZN2sg5fused4sm905vittc18vittc_forward_tileERKNS1_10VitWeightsEiiRKNS2_7VitActsERKNS2_14VitTileScratchEPKfPKiP13__nv_bfloat16SH_Pf', 2060 bytes spill stores, 2060 bytes spill loads
ptxas warning : Registers are spilled to local memory in function '_ZN2sg5fused4sm905vittc18vittc_gemm_fwd_f32ILi128EEEvPK13__nv_bfloat16PKfPfiiPS4_SA_', 2400 bytes spill stores, 2400 bytes spill loads
ptxas warning : Registers are spilled to local memory in function '_ZN2sg5fused4sm905vittc19vittc_backward_tileERKNS1_10VitWeightsEiiiRKNS2_7VitActsERKNS2_14VitTileScratchEPKiPfSE_P13__nv_bfloat16SG_SE_', 36 bytes spill stores, 236 bytes spill loads
ptxas warning : Registers are spilled to local memory in function '_ZN2sg5fused4sm905vittc24vittc_dw_run_tile_splitkILi128EEEvPKNS2_9VitDwSpecEiiiPK13__nv_bfloat16PfPS7_SB_', 1096 bytes spill stores, 1096 bytes spill loads
ptxas info    : (C7515) Potential Performance Loss: wgmma.mma_async instructions are serialized due to non wgmma instructions defining accumulator registers of a wgmma between start and end of the pipeline stage in the function '_ZN2sg5fused4sm905vittc24vittc_dw_run_tile_splitkILi128EEEvPKNS2_9VitDwSpecEiiiPK13__nv_bfloat16PfPS7_SB_'
ptxas warning : Registers are spilled to local memory in function '_ZN2sg5fused4sm9023fused_vit_megakernel_tcILNS1_5OptIdE8EEEvNS0_17PersistentContextEPfNS1_11ViTInputCtxES5_fiNS1_13FusedOptStateE', 180 bytes spill stores, 636 bytes spill loads
ptxas warning : Registers are spilled to local memory in function '_ZN2sg5fused4sm905vittc14vittc_gemm_fwdILi128EEEvPK13__nv_bfloat16PKfPS4_iiiiS9_S9_', 2252 bytes spill stores, 2252 bytes spill loads
ptxas warning : Registers are spilled to local memory in function '_ZN2sg5fused4sm905vittc17vittc_gemm_dx_f32ILi128EEEvPK13__nv_bfloat16PKfPfiiPS4_SA_', 2384 bytes spill stores, 2384 bytes spill loads
ptxas warning : Registers are spilled to local memory in function '_ZN2sg5fused4sm905vittc18vittc_forward_tileERKNS1_10VitWeightsEiiRKNS2_7VitActsERKNS2_14VitTileScratchEPKfPKiP13__nv_bfloat16SH_Pf', 2060 bytes spill stores, 2060 bytes spill loads
ptxas warning : Registers are spilled to local memory in function '_ZN2sg5fused4sm905vittc18vittc_gemm_fwd_f32ILi128EEEvPK13__nv_bfloat16PKfPfiiPS4_SA_', 2400 bytes spill stores, 2400 bytes spill loads
ptxas warning : Registers are spilled to local memory in function '_ZN2sg5fused4sm905vittc19vittc_backward_tileERKNS1_10VitWeightsEiiiRKNS2_7VitActsERKNS2_14VitTileScratchEPKiPfSE_P13__nv_bfloat16SG_SE_', 36 bytes spill stores, 236 bytes spill loads
ptxas warning : Registers are spilled to local memory in function '_ZN2sg5fused4sm905vittc24vittc_dw_run_tile_splitkILi128EEEvPKNS2_9VitDwSpecEiiiPK13__nv_bfloat16PfPS7_SB_', 1096 bytes spill stores, 1096 bytes spill loads
ptxas info    : (C7515) Potential Performance Loss: wgmma.mma_async instructions are serialized due to non wgmma instructions defining accumulator registers of a wgmma between start and end of the pipeline stage in the function '_ZN2sg5fused4sm905vittc24vittc_dw_run_tile_splitkILi128EEEvPKNS2_9VitDwSpecEiiiPK13__nv_bfloat16PfPS7_SB_'
ptxas warning : Registers are spilled to local memory in function '_ZN2sg5fused4sm9023fused_vit_megakernel_tcILNS1_5OptIdE4EEEvNS0_17PersistentContextEPfNS1_11ViTInputCtxES5_fiNS1_13FusedOptStateE', 184 bytes spill stores, 612 bytes spill loads
ptxas warning : Registers are spilled to local memory in function '_ZN2sg5fused4sm905vittc14vittc_gemm_fwdILi128EEEvPK13__nv_bfloat16PKfPS4_iiiiS9_S9_', 2252 bytes spill stores, 2252 bytes spill loads
ptxas warning : Registers are spilled to local memory in function '_ZN2sg5fused4sm905vittc17vittc_gemm_dx_f32ILi128EEEvPK13__nv_bfloat16PKfPfiiPS4_SA_', 2396 bytes spill stores, 2396 bytes spill loads
ptxas warning : Registers are spilled to local memory in function '_ZN2sg5fused4sm905vittc18vittc_forward_tileERKNS1_10VitWeightsEiiRKNS2_7VitActsERKNS2_14VitTileScratchEPKfPKiP13__nv_bfloat16SH_Pf', 2060 bytes spill stores, 2060 bytes spill loads
ptxas warning : Registers are spilled to local memory in function '_ZN2sg5fused4sm905vittc18vittc_gemm_fwd_f32ILi128EEEvPK13__nv_bfloat16PKfPfiiPS4_SA_', 2396 bytes spill stores, 2396 bytes spill loads
ptxas warning : Registers are spilled to local memory in function '_ZN2sg5fused4sm905vittc19vittc_backward_tileERKNS1_10VitWeightsEiiiRKNS2_7VitActsERKNS2_14VitTileScratchEPKiPfSE_P13__nv_bfloat16SG_SE_', 36 bytes spill stores, 200 bytes spill loads
ptxas warning : Registers are spilled to local memory in function '_ZN2sg5fused4sm905vittc24vittc_dw_run_tile_splitkILi128EEEvPKNS2_9VitDwSpecEiiiPK13__nv_bfloat16PfPS7_SB_', 1096 bytes spill stores, 1096 bytes spill loads
ptxas info    : (C7515) Potential Performance Loss: wgmma.mma_async instructions are serialized due to non wgmma instructions defining accumulator registers of a wgmma between start and end of the pipeline stage in the function '_ZN2sg5fused4sm905vittc24vittc_dw_run_tile_splitkILi128EEEvPKNS2_9VitDwSpecEiiiPK13__nv_bfloat16PfPS7_SB_'
ptxas warning : Registers are spilled to local memory in function '_ZN2sg5fused4sm9023fused_vit_megakernel_tcILNS1_5OptIdE7EEEvNS0_17PersistentContextEPfNS1_11ViTInputCtxES5_fiNS1_13FusedOptStateE', 64 bytes spill stores, 168 bytes spill loads
ptxas warning : Registers are spilled to local memory in function '_ZN2sg5fused4sm905vittc14vittc_gemm_fwdILi128EEEvPK13__nv_bfloat16PKfPS4_iiiiS9_S9_', 2244 bytes spill stores, 2244 bytes spill loads
ptxas warning : Registers are spilled to local memory in function '_ZN2sg5fused4sm905vittc17vittc_gemm_dx_f32ILi128EEEvPK13__nv_bfloat16PKfPfiiPS4_SA_', 2372 bytes spill stores, 2372 bytes spill loads
ptxas warning : Registers are spilled to local memory in function '_ZN2sg5fused4sm905vittc18vittc_forward_tileERKNS1_10VitWeightsEiiRKNS2_7VitActsERKNS2_14VitTileScratchEPKfPKiP13__nv_bfloat16SH_Pf', 1036 bytes spill stores, 1032 bytes spill loads
ptxas warning : Registers are spilled to local memory in function '_ZN2sg5fused4sm905vittc19vittc_backward_tileERKNS1_10VitWeightsEiiiRKNS2_7VitActsERKNS2_14VitTileScratchEPKiPfSE_P13__nv_bfloat16SG_SE_', 48 bytes spill stores, 236 bytes spill loads
ptxas warning : Registers are spilled to local memory in function '_ZN2sg5fused4sm905vittc24vittc_dw_run_tile_splitkILi128EEEvPKNS2_9VitDwSpecEiiiPK13__nv_bfloat16PfPS7_SB_', 1100 bytes spill stores, 1124 bytes spill loads
ptxas info    : (C7515) Potential Performance Loss: wgmma.mma_async instructions are serialized due to non wgmma instructions defining accumulator registers of a wgmma between start and end of the pipeline stage in the function '_ZN2sg5fused4sm905vittc24vittc_dw_run_tile_splitkILi128EEEvPKNS2_9VitDwSpecEiiiPK13__nv_bfloat16PfPS7_SB_'
ptxas warning : Registers are spilled to local memory in function '_ZN2sg5fused4sm9023fused_vit_megakernel_tcILNS1_5OptIdE5EEEvNS0_17PersistentContextEPfNS1_11ViTInputCtxES5_fiNS1_13FusedOptStateE', 100 bytes spill stores, 244 bytes spill loads
ptxas warning : Registers are spilled to local memory in function '_ZN2sg5fused4sm905vittc14vittc_gemm_fwdILi128EEEvPK13__nv_bfloat16PKfPS4_iiiiS9_S9_', 2244 bytes spill stores, 2244 bytes spill loads
ptxas warning : Registers are spilled to local memory in function '_ZN2sg5fused4sm905vittc17vittc_gemm_dx_f32ILi128EEEvPK13__nv_bfloat16PKfPfiiPS4_SA_', 2372 bytes spill stores, 2372 bytes spill loads
ptxas warning : Registers are spilled to local memory in function '_ZN2sg5fused4sm905vittc18vittc_forward_tileERKNS1_10VitWeightsEiiRKNS2_7VitActsERKNS2_14VitTileScratchEPKfPKiP13__nv_bfloat16SH_Pf', 1036 bytes spill stores, 1032 bytes spill loads
ptxas warning : Registers are spilled to local memory in function '_ZN2sg5fused4sm905vittc19vittc_backward_tileERKNS1_10VitWeightsEiiiRKNS2_7VitActsERKNS2_14VitTileScratchEPKiPfSE_P13__nv_bfloat16SG_SE_', 48 bytes spill stores, 236 bytes spill loads
ptxas warning : Registers are spilled to local memory in function '_ZN2sg5fused4sm905vittc24vittc_dw_run_tile_splitkILi128EEEvPKNS2_9VitDwSpecEiiiPK13__nv_bfloat16PfPS7_SB_', 1100 bytes spill stores, 1124 bytes spill loads
ptxas info    : (C7515) Potential Performance Loss: wgmma.mma_async instructions are serialized due to non wgmma instructions defining accumulator registers of a wgmma between start and end of the pipeline stage in the function '_ZN2sg5fused4sm905vittc24vittc_dw_run_tile_splitkILi128EEEvPKNS2_9VitDwSpecEiiiPK13__nv_bfloat16PfPS7_SB_'
ptxas warning : Registers are spilled to local memory in function '_ZN2sg5fused4sm9023fused_vit_megakernel_tcILNS1_5OptIdE6EEEvNS0_17PersistentContextEPfNS1_11ViTInputCtxES5_fiNS1_13FusedOptStateE', 28 bytes spill stores, 32 bytes spill loads
ptxas warning : Registers are spilled to local memory in function '_ZN2sg5fused4sm905vittc14vittc_gemm_fwdILi128EEEvPK13__nv_bfloat16PKfPS4_iiiiS9_S9_', 2244 bytes spill stores, 2244 bytes spill loads
ptxas warning : Registers are spilled to local memory in function '_ZN2sg5fused4sm905vittc17vittc_gemm_dx_f32ILi128EEEvPK13__nv_bfloat16PKfPfiiPS4_SA_', 2372 bytes spill stores, 2372 bytes spill loads
ptxas warning : Registers are spilled to local memory in function '_ZN2sg5fused4sm905vittc18vittc_forward_tileERKNS1_10VitWeightsEiiRKNS2_7VitActsERKNS2_14VitTileScratchEPKfPKiP13__nv_bfloat16SH_Pf', 1036 bytes spill stores, 1032 bytes spill loads
ptxas warning : Registers are spilled to local memory in function '_ZN2sg5fused4sm905vittc19vittc_backward_tileERKNS1_10VitWeightsEiiiRKNS2_7VitActsERKNS2_14VitTileScratchEPKiPfSE_P13__nv_bfloat16SG_SE_', 48 bytes spill stores, 212 bytes spill loads
ptxas warning : Registers are spilled to local memory in function '_ZN2sg5fused4sm905vittc24vittc_dw_run_tile_splitkILi128EEEvPKNS2_9VitDwSpecEiiiPK13__nv_bfloat16PfPS7_SB_', 1088 bytes spill stores, 1088 bytes spill loads
ptxas info    : (C7515) Potential Performance Loss: wgmma.mma_async instructions are serialized due to non wgmma instructions defining accumulator registers of a wgmma between start and end of the pipeline stage in the function '_ZN2sg5fused4sm905vittc24vittc_dw_run_tile_splitkILi128EEEvPKNS2_9VitDwSpecEiiiPK13__nv_bfloat16PfPS7_SB_'
ptxas warning : Registers are spilled to local memory in function '_ZN2sg5fused4sm9023fused_vit_megakernel_tcILNS1_5OptIdE3EEEvNS0_17PersistentContextEPfNS1_11ViTInputCtxES5_fiNS1_13FusedOptStateE', 64 bytes spill stores, 120 bytes spill loads
ptxas warning : Registers are spilled to local memory in function '_ZN2sg5fused4sm905vittc14vittc_gemm_fwdILi128EEEvPK13__nv_bfloat16PKfPS4_iiiiS9_S9_', 2244 bytes spill stores, 2244 bytes spill loads
ptxas warning : Registers are spilled to local memory in function '_ZN2sg5fused4sm905vittc17vittc_gemm_dx_f32ILi128EEEvPK13__nv_bfloat16PKfPfiiPS4_SA_', 2372 bytes spill stores, 2372 bytes spill loads
ptxas warning : Registers are spilled to local memory in function '_ZN2sg5fused4sm905vittc18vittc_forward_tileERKNS1_10VitWeightsEiiRKNS2_7VitActsERKNS2_14VitTileScratchEPKfPKiP13__nv_bfloat16SH_Pf', 1036 bytes spill stores, 1032 bytes spill loads
ptxas warning : Registers are spilled to local memory in function '_ZN2sg5fused4sm905vittc19vittc_backward_tileERKNS1_10VitWeightsEiiiRKNS2_7VitActsERKNS2_14VitTileScratchEPKiPfSE_P13__nv_bfloat16SG_SE_', 48 bytes spill stores, 236 bytes spill loads
ptxas warning : Registers are spilled to local memory in function '_ZN2sg5fused4sm905vittc24vittc_dw_run_tile_splitkILi128EEEvPKNS2_9VitDwSpecEiiiPK13__nv_bfloat16PfPS7_SB_', 1096 bytes spill stores, 1120 bytes spill loads
ptxas info    : (C7515) Potential Performance Loss: wgmma.mma_async instructions are serialized due to non wgmma instructions defining accumulator registers of a wgmma between start and end of the pipeline stage in the function '_ZN2sg5fused4sm905vittc24vittc_dw_run_tile_splitkILi128EEEvPKNS2_9VitDwSpecEiiiPK13__nv_bfloat16PfPS7_SB_'
ptxas warning : Registers are spilled to local memory in function '_ZN2sg5fused4sm9023fused_vit_megakernel_tcILNS1_5OptIdE2EEEvNS0_17PersistentContextEPfNS1_11ViTInputCtxES5_fiNS1_13FusedOptStateE', 28 bytes spill stores, 36 bytes spill loads
ptxas warning : Registers are spilled to local memory in function '_ZN2sg5fused4sm905vittc14vittc_gemm_fwdILi128EEEvPK13__nv_bfloat16PKfPS4_iiiiS9_S9_', 2244 bytes spill stores, 2244 bytes spill loads
ptxas warning : Registers are spilled to local memory in function '_ZN2sg5fused4sm905vittc17vittc_gemm_dx_f32ILi128EEEvPK13__nv_bfloat16PKfPfiiPS4_SA_', 2372 bytes spill stores, 2372 bytes spill loads
ptxas warning : Registers are spilled to local memory in function '_ZN2sg5fused4sm905vittc18vittc_forward_tileERKNS1_10VitWeightsEiiRKNS2_7VitActsERKNS2_14VitTileScratchEPKfPKiP13__nv_bfloat16SH_Pf', 1036 bytes spill stores, 1032 bytes spill loads
ptxas warning : Registers are spilled to local memory in function '_ZN2sg5fused4sm905vittc19vittc_backward_tileERKNS1_10VitWeightsEiiiRKNS2_7VitActsERKNS2_14VitTileScratchEPKiPfSE_P13__nv_bfloat16SG_SE_', 48 bytes spill stores, 212 bytes spill loads
ptxas warning : Registers are spilled to local memory in function '_ZN2sg5fused4sm905vittc24vittc_dw_run_tile_splitkILi128EEEvPKNS2_9VitDwSpecEiiiPK13__nv_bfloat16PfPS7_SB_', 1088 bytes spill stores, 1088 bytes spill loads
ptxas info    : (C7515) Potential Performance Loss: wgmma.mma_async instructions are serialized due to non wgmma instructions defining accumulator registers of a wgmma between start and end of the pipeline stage in the function '_ZN2sg5fused4sm905vittc24vittc_dw_run_tile_splitkILi128EEEvPKNS2_9VitDwSpecEiiiPK13__nv_bfloat16PfPS7_SB_'
ptxas warning : Registers are spilled to local memory in function '_ZN2sg5fused4sm9023fused_vit_megakernel_tcILNS1_5OptIdE1EEEvNS0_17PersistentContextEPfNS1_11ViTInputCtxES5_fiNS1_13FusedOptStateE', 28 bytes spill stores, 36 bytes spill loads
ptxas warning : Registers are spilled to local memory in function '_ZN2sg5fused4sm905vittc14vittc_gemm_fwdILi128EEEvPK13__nv_bfloat16PKfPS4_iiiiS9_S9_', 2244 bytes spill stores, 2244 bytes spill loads
ptxas warning : Registers are spilled to local memory in function '_ZN2sg5fused4sm905vittc17vittc_gemm_dx_f32ILi128EEEvPK13__nv_bfloat16PKfPfiiPS4_SA_', 2372 bytes spill stores, 2372 bytes spill loads
ptxas warning : Registers are spilled to local memory in function '_ZN2sg5fused4sm905vittc18vittc_forward_tileERKNS1_10VitWeightsEiiRKNS2_7VitActsERKNS2_14VitTileScratchEPKfPKiP13__nv_bfloat16SH_Pf', 1036 bytes spill stores, 1032 bytes spill loads
ptxas warning : Registers are spilled to local memory in function '_ZN2sg5fused4sm905vittc19vittc_backward_tileERKNS1_10VitWeightsEiiiRKNS2_7VitActsERKNS2_14VitTileScratchEPKiPfSE_P13__nv_bfloat16SG_SE_', 48 bytes spill stores, 212 bytes spill loads
ptxas warning : Registers are spilled to local memory in function '_ZN2sg5fused4sm905vittc24vittc_dw_run_tile_splitkILi128EEEvPKNS2_9VitDwSpecEiiiPK13__nv_bfloat16PfPS7_SB_', 1088 bytes spill stores, 1088 bytes spill loads
ptxas info    : (C7515) Potential Performance Loss: wgmma.mma_async instructions are serialized due to non wgmma instructions defining accumulator registers of a wgmma between start and end of the pipeline stage in the function '_ZN2sg5fused4sm905vittc24vittc_dw_run_tile_splitkILi128EEEvPKNS2_9VitDwSpecEiiiPK13__nv_bfloat16PfPS7_SB_'
ptxas warning : Registers are spilled to local memory in function '_ZN2sg5fused4sm9023fused_vit_megakernel_tcILNS1_5OptIdE0EEEvNS0_17PersistentContextEPfNS1_11ViTInputCtxES5_fiNS1_13FusedOptStateE', 28 bytes spill stores, 36 bytes spill loads
ptxas warning : Registers are spilled to local memory in function '_ZN2sg5fused4sm905vittc14vittc_gemm_fwdILi128EEEvPK13__nv_bfloat16PKfPS4_iiiiS9_S9_', 2244 bytes spill stores, 2244 bytes spill loads
ptxas warning : Registers are spilled to local memory in function '_ZN2sg5fused4sm905vittc17vittc_gemm_dx_f32ILi128EEEvPK13__nv_bfloat16PKfPfiiPS4_SA_', 2372 bytes spill stores, 2372 bytes spill loads
ptxas warning : Registers are spilled to local memory in function '_ZN2sg5fused4sm905vittc18vittc_forward_tileERKNS1_10VitWeightsEiiRKNS2_7VitActsERKNS2_14VitTileScratchEPKfPKiP13__nv_bfloat16SH_Pf', 1036 bytes spill stores, 1032 bytes spill loads
ptxas warning : Registers are spilled to local memory in function '_ZN2sg5fused4sm905vittc19vittc_backward_tileERKNS1_10VitWeightsEiiiRKNS2_7VitActsERKNS2_14VitTileScratchEPKiPfSE_P13__nv_bfloat16SG_SE_', 48 bytes spill stores, 212 bytes spill loads
ptxas warning : Registers are spilled to local memory in function '_ZN2sg5fused4sm905vittc24vittc_dw_run_tile_splitkILi128EEEvPKNS2_9VitDwSpecEiiiPK13__nv_bfloat16PfPS7_SB_', 1088 bytes spill stores, 1088 bytes spill loads
ptxas info    : 23 bytes gmem
ptxas info    : Compiling entry function '_ZN2sg5fused4sm9023fused_vit_megakernel_tcILNS1_5OptIdE10EEEvNS0_17PersistentContextEPfNS1_11ViTInputCtxES5_fiNS1_13FusedOptStateE' for 'sm_90a'
ptxas info    : Function properties for _ZN2sg5fused4sm9023fused_vit_megakernel_tcILNS1_5OptIdE10EEEvNS0_17PersistentContextEPfNS1_11ViTInputCtxES5_fiNS1_13FusedOptStateE
    3712 bytes stack frame, 376 bytes spill stores, 1144 bytes spill loads
ptxas info    : Used 255 registers, 3712 bytes cumulative stack size, 9700 bytes smem
ptxas info    : Function properties for _ZN2sg5fused4sm905vittc14vittc_gemm_fwdILi128EEEvPK13__nv_bfloat16PKfPS4_iiiiS9_S9_
    0 bytes stack frame, 2256 bytes spill stores, 2264 bytes spill loads
ptxas info    : Function properties for _ZN2sg5fused4sm905vittc17vittc_gemm_dx_f32ILi128EEEvPK13__nv_bfloat16PKfPfiiPS4_SA_
    0 bytes stack frame, 2404 bytes spill stores, 2404 bytes spill loads
ptxas info    : Function properties for _ZN2sg5fused4sm905vittc18vittc_forward_tileERKNS1_10VitWeightsEiiRKNS2_7VitActsERKNS2_14VitTileScratchEPKfPKiP13__nv_bfloat16SH_Pf
    0 bytes stack frame, 2068 bytes spill stores, 2068 bytes spill loads
ptxas info    : Function properties for _ZN2sg5fused4sm905vittc18vittc_gemm_fwd_f32ILi128EEEvPK13__nv_bfloat16PKfPfiiPS4_SA_
    0 bytes stack frame, 2400 bytes spill stores, 2400 bytes spill loads
ptxas info    : Function properties for _ZN2sg5fused4sm905vittc19vittc_backward_tileERKNS1_10VitWeightsEiiiRKNS2_7VitActsERKNS2_14VitTileScratchEPKiPfSE_P13__nv_bfloat16SG_SE_
    0 bytes stack frame, 36 bytes spill stores, 200 bytes spill loads
ptxas info    : Function properties for _ZN2sg5fused4sm905vittc22vittc_dw_reduce_splitkILi128EEEvPKNS2_9VitDwSpecEiiPKfPfii
    0 bytes stack frame, 0 bytes spill stores, 0 bytes spill loads
ptxas info    : Function properties for _ZN2sg5fused4sm905vittc24vittc_dw_run_tile_splitkILi128EEEvPKNS2_9VitDwSpecEiiiPK13__nv_bfloat16PfPS7_SB_
    0 bytes stack frame, 1120 bytes spill stores, 1120 bytes spill loads
ptxas info    : Compiling entry function '_ZN2sg5fused4sm9023fused_vit_megakernel_tcILNS1_5OptIdE9EEEvNS0_17PersistentContextEPfNS1_11ViTInputCtxES5_fiNS1_13FusedOptStateE' for 'sm_90a'
ptxas info    : Function properties for _ZN2sg5fused4sm9023fused_vit_megakernel_tcILNS1_5OptIdE9EEEvNS0_17PersistentContextEPfNS1_11ViTInputCtxES5_fiNS1_13FusedOptStateE
    3472 bytes stack frame, 180 bytes spill stores, 612 bytes spill loads
ptxas info    : Used 255 registers, 3472 bytes cumulative stack size, 10212 bytes smem
ptxas info    : Function properties for _ZN2sg5fused4sm905vittc14vittc_gemm_fwdILi128EEEvPK13__nv_bfloat16PKfPS4_iiiiS9_S9_
    0 bytes stack frame, 2252 bytes spill stores, 2252 bytes spill loads
ptxas info    : Function properties for _ZN2sg5fused4sm905vittc17vittc_gemm_dx_f32ILi128EEEvPK13__nv_bfloat16PKfPfiiPS4_SA_
    0 bytes stack frame, 2384 bytes spill stores, 2384 bytes spill loads
ptxas info    : Function properties for _ZN2sg5fused4sm905vittc18vittc_forward_tileERKNS1_10VitWeightsEiiRKNS2_7VitActsERKNS2_14VitTileScratchEPKfPKiP13__nv_bfloat16SH_Pf
    0 bytes stack frame, 2060 bytes spill stores, 2060 bytes spill loads
ptxas info    : Function properties for _ZN2sg5fused4sm905vittc18vittc_gemm_fwd_f32ILi128EEEvPK13__nv_bfloat16PKfPfiiPS4_SA_
    0 bytes stack frame, 2400 bytes spill stores, 2400 bytes spill loads
ptxas info    : Function properties for _ZN2sg5fused4sm905vittc19vittc_backward_tileERKNS1_10VitWeightsEiiiRKNS2_7VitActsERKNS2_14VitTileScratchEPKiPfSE_P13__nv_bfloat16SG_SE_
    0 bytes stack frame, 36 bytes spill stores, 236 bytes spill loads
ptxas info    : Function properties for _ZN2sg5fused4sm905vittc22vittc_dw_reduce_splitkILi128EEEvPKNS2_9VitDwSpecEiiPKfPfii
    0 bytes stack frame, 0 bytes spill stores, 0 bytes spill loads
ptxas info    : Function properties for _ZN2sg5fused4sm905vittc24vittc_dw_run_tile_splitkILi128EEEvPKNS2_9VitDwSpecEiiiPK13__nv_bfloat16PfPS7_SB_
    0 bytes stack frame, 1096 bytes spill stores, 1096 bytes spill loads
ptxas info    : Compiling entry function '_ZN2sg5fused4sm9023fused_vit_megakernel_tcILNS1_5OptIdE8EEEvNS0_17PersistentContextEPfNS1_11ViTInputCtxES5_fiNS1_13FusedOptStateE' for 'sm_90a'
ptxas info    : Function properties for _ZN2sg5fused4sm9023fused_vit_megakernel_tcILNS1_5OptIdE8EEEvNS0_17PersistentContextEPfNS1_11ViTInputCtxES5_fiNS1_13FusedOptStateE
    3472 bytes stack frame, 180 bytes spill stores, 636 bytes spill loads
ptxas info    : Used 255 registers, 3472 bytes cumulative stack size, 10340 bytes smem
ptxas info    : Function properties for _ZN2sg5fused4sm905vittc14vittc_gemm_fwdILi128EEEvPK13__nv_bfloat16PKfPS4_iiiiS9_S9_
    0 bytes stack frame, 2252 bytes spill stores, 2252 bytes spill loads
ptxas info    : Function properties for _ZN2sg5fused4sm905vittc17vittc_gemm_dx_f32ILi128EEEvPK13__nv_bfloat16PKfPfiiPS4_SA_
    0 bytes stack frame, 2384 bytes spill stores, 2384 bytes spill loads
ptxas info    : Function properties for _ZN2sg5fused4sm905vittc18vittc_forward_tileERKNS1_10VitWeightsEiiRKNS2_7VitActsERKNS2_14VitTileScratchEPKfPKiP13__nv_bfloat16SH_Pf
    0 bytes stack frame, 2060 bytes spill stores, 2060 bytes spill loads
ptxas info    : Function properties for _ZN2sg5fused4sm905vittc18vittc_gemm_fwd_f32ILi128EEEvPK13__nv_bfloat16PKfPfiiPS4_SA_
    0 bytes stack frame, 2400 bytes spill stores, 2400 bytes spill loads
ptxas info    : Function properties for _ZN2sg5fused4sm905vittc19vittc_backward_tileERKNS1_10VitWeightsEiiiRKNS2_7VitActsERKNS2_14VitTileScratchEPKiPfSE_P13__nv_bfloat16SG_SE_
    0 bytes stack frame, 36 bytes spill stores, 236 bytes spill loads
ptxas info    : Function properties for _ZN2sg5fused4sm905vittc22vittc_dw_reduce_splitkILi128EEEvPKNS2_9VitDwSpecEiiPKfPfii
    0 bytes stack frame, 0 bytes spill stores, 0 bytes spill loads
ptxas info    : Function properties for _ZN2sg5fused4sm905vittc24vittc_dw_run_tile_splitkILi128EEEvPKNS2_9VitDwSpecEiiiPK13__nv_bfloat16PfPS7_SB_
    0 bytes stack frame, 1096 bytes spill stores, 1096 bytes spill loads
ptxas info    : Compiling entry function '_ZN2sg5fused4sm9023fused_vit_megakernel_tcILNS1_5OptIdE4EEEvNS0_17PersistentContextEPfNS1_11ViTInputCtxES5_fiNS1_13FusedOptStateE' for 'sm_90a'
ptxas info    : Function properties for _ZN2sg5fused4sm9023fused_vit_megakernel_tcILNS1_5OptIdE4EEEvNS0_17PersistentContextEPfNS1_11ViTInputCtxES5_fiNS1_13FusedOptStateE
    3440 bytes stack frame, 184 bytes spill stores, 612 bytes spill loads
ptxas info    : Used 255 registers, 3440 bytes cumulative stack size, 9700 bytes smem
ptxas info    : Function properties for _ZN2sg5fused4sm905vittc14vittc_gemm_fwdILi128EEEvPK13__nv_bfloat16PKfPS4_iiiiS9_S9_
    0 bytes stack frame, 2252 bytes spill stores, 2252 bytes spill loads
ptxas info    : Function properties for _ZN2sg5fused4sm905vittc17vittc_gemm_dx_f32ILi128EEEvPK13__nv_bfloat16PKfPfiiPS4_SA_
    0 bytes stack frame, 2396 bytes spill stores, 2396 bytes spill loads
ptxas info    : Function properties for _ZN2sg5fused4sm905vittc18vittc_forward_tileERKNS1_10VitWeightsEiiRKNS2_7VitActsERKNS2_14VitTileScratchEPKfPKiP13__nv_bfloat16SH_Pf
    0 bytes stack frame, 2060 bytes spill stores, 2060 bytes spill loads
ptxas info    : Function properties for _ZN2sg5fused4sm905vittc18vittc_gemm_fwd_f32ILi128EEEvPK13__nv_bfloat16PKfPfiiPS4_SA_
    0 bytes stack frame, 2396 bytes spill stores, 2396 bytes spill loads
ptxas info    : Function properties for _ZN2sg5fused4sm905vittc19vittc_backward_tileERKNS1_10VitWeightsEiiiRKNS2_7VitActsERKNS2_14VitTileScratchEPKiPfSE_P13__nv_bfloat16SG_SE_
    0 bytes stack frame, 36 bytes spill stores, 200 bytes spill loads
ptxas info    : Function properties for _ZN2sg5fused4sm905vittc22vittc_dw_reduce_splitkILi128EEEvPKNS2_9VitDwSpecEiiPKfPfii
    0 bytes stack frame, 0 bytes spill stores, 0 bytes spill loads
ptxas info    : Function properties for _ZN2sg5fused4sm905vittc24vittc_dw_run_tile_splitkILi128EEEvPKNS2_9VitDwSpecEiiiPK13__nv_bfloat16PfPS7_SB_
    0 bytes stack frame, 1096 bytes spill stores, 1096 bytes spill loads
ptxas info    : Compiling entry function '_ZN2sg5fused4sm9023fused_vit_megakernel_tcILNS1_5OptIdE7EEEvNS0_17PersistentContextEPfNS1_11ViTInputCtxES5_fiNS1_13FusedOptStateE' for 'sm_90a'
ptxas info    : Function properties for _ZN2sg5fused4sm9023fused_vit_megakernel_tcILNS1_5OptIdE7EEEvNS0_17PersistentContextEPfNS1_11ViTInputCtxES5_fiNS1_13FusedOptStateE
    2368 bytes stack frame, 64 bytes spill stores, 168 bytes spill loads
ptxas info    : Used 255 registers, 2368 bytes cumulative stack size, 9828 bytes smem
ptxas info    : Function properties for _ZN2sg5fused4sm905vittc14vittc_gemm_fwdILi128EEEvPK13__nv_bfloat16PKfPS4_iiiiS9_S9_
    0 bytes stack frame, 2244 bytes spill stores, 2244 bytes spill loads
ptxas info    : Function properties for _ZN2sg5fused4sm905vittc17vittc_gemm_dx_f32ILi128EEEvPK13__nv_bfloat16PKfPfiiPS4_SA_
    0 bytes stack frame, 2372 bytes spill stores, 2372 bytes spill loads
ptxas info    : Function properties for _ZN2sg5fused4sm905vittc18vittc_forward_tileERKNS1_10VitWeightsEiiRKNS2_7VitActsERKNS2_14VitTileScratchEPKfPKiP13__nv_bfloat16SH_Pf
    0 bytes stack frame, 1036 bytes spill stores, 1032 bytes spill loads
ptxas info    : Function properties for _ZN2sg5fused4sm905vittc18vittc_gemm_fwd_f32ILi128EEEvPK13__nv_bfloat16PKfPfiiPS4_SA_
    0 bytes stack frame, 0 bytes spill stores, 0 bytes spill loads
ptxas info    : Function properties for _ZN2sg5fused4sm905vittc19vittc_backward_tileERKNS1_10VitWeightsEiiiRKNS2_7VitActsERKNS2_14VitTileScratchEPKiPfSE_P13__nv_bfloat16SG_SE_
    0 bytes stack frame, 48 bytes spill stores, 236 bytes spill loads
ptxas info    : Function properties for _ZN2sg5fused4sm905vittc22vittc_dw_reduce_splitkILi128EEEvPKNS2_9VitDwSpecEiiPKfPfii
    0 bytes stack frame, 0 bytes spill stores, 8 bytes spill loads
ptxas info    : Function properties for _ZN2sg5fused4sm905vittc24vittc_dw_run_tile_splitkILi128EEEvPKNS2_9VitDwSpecEiiiPK13__nv_bfloat16PfPS7_SB_
    0 bytes stack frame, 1100 bytes spill stores, 1124 bytes spill loads
ptxas info    : Compiling entry function '_ZN2sg5fused4sm9023fused_vit_megakernel_tcILNS1_5OptIdE5EEEvNS0_17PersistentContextEPfNS1_11ViTInputCtxES5_fiNS1_13FusedOptStateE' for 'sm_90a'
ptxas info    : Function properties for _ZN2sg5fused4sm9023fused_vit_megakernel_tcILNS1_5OptIdE5EEEvNS0_17PersistentContextEPfNS1_11ViTInputCtxES5_fiNS1_13FusedOptStateE
    2384 bytes stack frame, 100 bytes spill stores, 244 bytes spill loads
ptxas info    : Used 255 registers, 2384 bytes cumulative stack size, 9956 bytes smem
ptxas info    : Function properties for _ZN2sg5fused4sm905vittc14vittc_gemm_fwdILi128EEEvPK13__nv_bfloat16PKfPS4_iiiiS9_S9_
    0 bytes stack frame, 2244 bytes spill stores, 2244 bytes spill loads
ptxas info    : Function properties for _ZN2sg5fused4sm905vittc17vittc_gemm_dx_f32ILi128EEEvPK13__nv_bfloat16PKfPfiiPS4_SA_
    0 bytes stack frame, 2372 bytes spill stores, 2372 bytes spill loads
ptxas info    : Function properties for _ZN2sg5fused4sm905vittc18vittc_forward_tileERKNS1_10VitWeightsEiiRKNS2_7VitActsERKNS2_14VitTileScratchEPKfPKiP13__nv_bfloat16SH_Pf
    0 bytes stack frame, 1036 bytes spill stores, 1032 bytes spill loads
ptxas info    : Function properties for _ZN2sg5fused4sm905vittc18vittc_gemm_fwd_f32ILi128EEEvPK13__nv_bfloat16PKfPfiiPS4_SA_
    0 bytes stack frame, 0 bytes spill stores, 0 bytes spill loads
ptxas info    : Function properties for _ZN2sg5fused4sm905vittc19vittc_backward_tileERKNS1_10VitWeightsEiiiRKNS2_7VitActsERKNS2_14VitTileScratchEPKiPfSE_P13__nv_bfloat16SG_SE_
    0 bytes stack frame, 48 bytes spill stores, 236 bytes spill loads
ptxas info    : Function properties for _ZN2sg5fused4sm905vittc22vittc_dw_reduce_splitkILi128EEEvPKNS2_9VitDwSpecEiiPKfPfii
    0 bytes stack frame, 0 bytes spill stores, 8 bytes spill loads
ptxas info    : Function properties for _ZN2sg5fused4sm905vittc24vittc_dw_run_tile_splitkILi128EEEvPKNS2_9VitDwSpecEiiiPK13__nv_bfloat16PfPS7_SB_
    0 bytes stack frame, 1100 bytes spill stores, 1124 bytes spill loads
ptxas info    : Compiling entry function '_ZN2sg5fused4sm9023fused_vit_megakernel_tcILNS1_5OptIdE6EEEvNS0_17PersistentContextEPfNS1_11ViTInputCtxES5_fiNS1_13FusedOptStateE' for 'sm_90a'
ptxas info    : Function properties for _ZN2sg5fused4sm9023fused_vit_megakernel_tcILNS1_5OptIdE6EEEvNS0_17PersistentContextEPfNS1_11ViTInputCtxES5_fiNS1_13FusedOptStateE
    2336 bytes stack frame, 28 bytes spill stores, 32 bytes spill loads
ptxas info    : Used 255 registers, 2336 bytes cumulative stack size, 9700 bytes smem
ptxas info    : Function properties for _ZN2sg5fused4sm905vittc14vittc_gemm_fwdILi128EEEvPK13__nv_bfloat16PKfPS4_iiiiS9_S9_
    0 bytes stack frame, 2244 bytes spill stores, 2244 bytes spill loads
ptxas info    : Function properties for _ZN2sg5fused4sm905vittc17vittc_gemm_dx_f32ILi128EEEvPK13__nv_bfloat16PKfPfiiPS4_SA_
    0 bytes stack frame, 2372 bytes spill stores, 2372 bytes spill loads
ptxas info    : Function properties for _ZN2sg5fused4sm905vittc18vittc_forward_tileERKNS1_10VitWeightsEiiRKNS2_7VitActsERKNS2_14VitTileScratchEPKfPKiP13__nv_bfloat16SH_Pf
    0 bytes stack frame, 1036 bytes spill stores, 1032 bytes spill loads
ptxas info    : Function properties for _ZN2sg5fused4sm905vittc18vittc_gemm_fwd_f32ILi128EEEvPK13__nv_bfloat16PKfPfiiPS4_SA_
    0 bytes stack frame, 0 bytes spill stores, 0 bytes spill loads
ptxas info    : Function properties for _ZN2sg5fused4sm905vittc19vittc_backward_tileERKNS1_10VitWeightsEiiiRKNS2_7VitActsERKNS2_14VitTileScratchEPKiPfSE_P13__nv_bfloat16SG_SE_
    0 bytes stack frame, 48 bytes spill stores, 212 bytes spill loads
ptxas info    : Function properties for _ZN2sg5fused4sm905vittc22vittc_dw_reduce_splitkILi128EEEvPKNS2_9VitDwSpecEiiPKfPfii
    0 bytes stack frame, 0 bytes spill stores, 0 bytes spill loads
ptxas info    : Function properties for _ZN2sg5fused4sm905vittc24vittc_dw_run_tile_splitkILi128EEEvPKNS2_9VitDwSpecEiiiPK13__nv_bfloat16PfPS7_SB_
    0 bytes stack frame, 1088 bytes spill stores, 1088 bytes spill loads
ptxas info    : Compiling entry function '_ZN2sg5fused4sm9023fused_vit_megakernel_tcILNS1_5OptIdE3EEEvNS0_17PersistentContextEPfNS1_11ViTInputCtxES5_fiNS1_13FusedOptStateE' for 'sm_90a'
ptxas info    : Function properties for _ZN2sg5fused4sm9023fused_vit_megakernel_tcILNS1_5OptIdE3EEEvNS0_17PersistentContextEPfNS1_11ViTInputCtxES5_fiNS1_13FusedOptStateE
    2368 bytes stack frame, 64 bytes spill stores, 120 bytes spill loads
ptxas info    : Used 255 registers, 2368 bytes cumulative stack size, 9700 bytes smem
ptxas info    : Function properties for _ZN2sg5fused4sm905vittc14vittc_gemm_fwdILi128EEEvPK13__nv_bfloat16PKfPS4_iiiiS9_S9_
    0 bytes stack frame, 2244 bytes spill stores, 2244 bytes spill loads
ptxas info    : Function properties for _ZN2sg5fused4sm905vittc17vittc_gemm_dx_f32ILi128EEEvPK13__nv_bfloat16PKfPfiiPS4_SA_
    0 bytes stack frame, 2372 bytes spill stores, 2372 bytes spill loads
ptxas info    : Function properties for _ZN2sg5fused4sm905vittc18vittc_forward_tileERKNS1_10VitWeightsEiiRKNS2_7VitActsERKNS2_14VitTileScratchEPKfPKiP13__nv_bfloat16SH_Pf
    0 bytes stack frame, 1036 bytes spill stores, 1032 bytes spill loads
ptxas info    : Function properties for _ZN2sg5fused4sm905vittc18vittc_gemm_fwd_f32ILi128EEEvPK13__nv_bfloat16PKfPfiiPS4_SA_
    0 bytes stack frame, 0 bytes spill stores, 0 bytes spill loads
ptxas info    : Function properties for _ZN2sg5fused4sm905vittc19vittc_backward_tileERKNS1_10VitWeightsEiiiRKNS2_7VitActsERKNS2_14VitTileScratchEPKiPfSE_P13__nv_bfloat16SG_SE_
    0 bytes stack frame, 48 bytes spill stores, 236 bytes spill loads
ptxas info    : Function properties for _ZN2sg5fused4sm905vittc22vittc_dw_reduce_splitkILi128EEEvPKNS2_9VitDwSpecEiiPKfPfii
    0 bytes stack frame, 0 bytes spill stores, 8 bytes spill loads
ptxas info    : Function properties for _ZN2sg5fused4sm905vittc24vittc_dw_run_tile_splitkILi128EEEvPKNS2_9VitDwSpecEiiiPK13__nv_bfloat16PfPS7_SB_
    0 bytes stack frame, 1096 bytes spill stores, 1120 bytes spill loads
ptxas info    : Compiling entry function '_ZN2sg5fused4sm9023fused_vit_megakernel_tcILNS1_5OptIdE2EEEvNS0_17PersistentContextEPfNS1_11ViTInputCtxES5_fiNS1_13FusedOptStateE' for 'sm_90a'
ptxas info    : Function properties for _ZN2sg5fused4sm9023fused_vit_megakernel_tcILNS1_5OptIdE2EEEvNS0_17PersistentContextEPfNS1_11ViTInputCtxES5_fiNS1_13FusedOptStateE
    2336 bytes stack frame, 28 bytes spill stores, 36 bytes spill loads
ptxas info    : Used 255 registers, 2336 bytes cumulative stack size, 9700 bytes smem
ptxas info    : Function properties for _ZN2sg5fused4sm905vittc14vittc_gemm_fwdILi128EEEvPK13__nv_bfloat16PKfPS4_iiiiS9_S9_
    0 bytes stack frame, 2244 bytes spill stores, 2244 bytes spill loads
ptxas info    : Function properties for _ZN2sg5fused4sm905vittc17vittc_gemm_dx_f32ILi128EEEvPK13__nv_bfloat16PKfPfiiPS4_SA_
    0 bytes stack frame, 2372 bytes spill stores, 2372 bytes spill loads
ptxas info    : Function properties for _ZN2sg5fused4sm905vittc18vittc_forward_tileERKNS1_10VitWeightsEiiRKNS2_7VitActsERKNS2_14VitTileScratchEPKfPKiP13__nv_bfloat16SH_Pf
    0 bytes stack frame, 1036 bytes spill stores, 1032 bytes spill loads
ptxas info    : Function properties for _ZN2sg5fused4sm905vittc18vittc_gemm_fwd_f32ILi128EEEvPK13__nv_bfloat16PKfPfiiPS4_SA_
    0 bytes stack frame, 0 bytes spill stores, 0 bytes spill loads
ptxas info    : Function properties for _ZN2sg5fused4sm905vittc19vittc_backward_tileERKNS1_10VitWeightsEiiiRKNS2_7VitActsERKNS2_14VitTileScratchEPKiPfSE_P13__nv_bfloat16SG_SE_
    0 bytes stack frame, 48 bytes spill stores, 212 bytes spill loads
ptxas info    : Function properties for _ZN2sg5fused4sm905vittc22vittc_dw_reduce_splitkILi128EEEvPKNS2_9VitDwSpecEiiPKfPfii
    0 bytes stack frame, 0 bytes spill stores, 0 bytes spill loads
ptxas info    : Function properties for _ZN2sg5fused4sm905vittc24vittc_dw_run_tile_splitkILi128EEEvPKNS2_9VitDwSpecEiiiPK13__nv_bfloat16PfPS7_SB_
    0 bytes stack frame, 1088 bytes spill stores, 1088 bytes spill loads
ptxas info    : Compiling entry function '_ZN2sg5fused4sm9023fused_vit_megakernel_tcILNS1_5OptIdE1EEEvNS0_17PersistentContextEPfNS1_11ViTInputCtxES5_fiNS1_13FusedOptStateE' for 'sm_90a'
ptxas info    : Function properties for _ZN2sg5fused4sm9023fused_vit_megakernel_tcILNS1_5OptIdE1EEEvNS0_17PersistentContextEPfNS1_11ViTInputCtxES5_fiNS1_13FusedOptStateE
    2336 bytes stack frame, 28 bytes spill stores, 36 bytes spill loads
ptxas info    : Used 255 registers, 2336 bytes cumulative stack size, 9700 bytes smem
ptxas info    : Function properties for _ZN2sg5fused4sm905vittc14vittc_gemm_fwdILi128EEEvPK13__nv_bfloat16PKfPS4_iiiiS9_S9_
    0 bytes stack frame, 2244 bytes spill stores, 2244 bytes spill loads
ptxas info    : Function properties for _ZN2sg5fused4sm905vittc17vittc_gemm_dx_f32ILi128EEEvPK13__nv_bfloat16PKfPfiiPS4_SA_
    0 bytes stack frame, 2372 bytes spill stores, 2372 bytes spill loads
ptxas info    : Function properties for _ZN2sg5fused4sm905vittc18vittc_forward_tileERKNS1_10VitWeightsEiiRKNS2_7VitActsERKNS2_14VitTileScratchEPKfPKiP13__nv_bfloat16SH_Pf
    0 bytes stack frame, 1036 bytes spill stores, 1032 bytes spill loads
ptxas info    : Function properties for _ZN2sg5fused4sm905vittc18vittc_gemm_fwd_f32ILi128EEEvPK13__nv_bfloat16PKfPfiiPS4_SA_
    0 bytes stack frame, 0 bytes spill stores, 0 bytes spill loads
ptxas info    : Function properties for _ZN2sg5fused4sm905vittc19vittc_backward_tileERKNS1_10VitWeightsEiiiRKNS2_7VitActsERKNS2_14VitTileScratchEPKiPfSE_P13__nv_bfloat16SG_SE_
    0 bytes stack frame, 48 bytes spill stores, 212 bytes spill loads
ptxas info    : Function properties for _ZN2sg5fused4sm905vittc22vittc_dw_reduce_splitkILi128EEEvPKNS2_9VitDwSpecEiiPKfPfii
    0 bytes stack frame, 0 bytes spill stores, 0 bytes spill loads
ptxas info    : Function properties for _ZN2sg5fused4sm905vittc24vittc_dw_run_tile_splitkILi128EEEvPKNS2_9VitDwSpecEiiiPK13__nv_bfloat16PfPS7_SB_
    0 bytes stack frame, 1088 bytes spill stores, 1088 bytes spill loads
ptxas info    : Compiling entry function '_ZN2sg5fused4sm9023fused_vit_megakernel_tcILNS1_5OptIdE0EEEvNS0_17PersistentContextEPfNS1_11ViTInputCtxES5_fiNS1_13FusedOptStateE' for 'sm_90a'
ptxas info    : Function properties for _ZN2sg5fused4sm9023fused_vit_megakernel_tcILNS1_5OptIdE0EEEvNS0_17PersistentContextEPfNS1_11ViTInputCtxES5_fiNS1_13FusedOptStateE
    2336 bytes stack frame, 28 bytes spill stores, 36 bytes spill loads
ptxas info    : Used 255 registers, 2336 bytes cumulative stack size, 9700 bytes smem
ptxas info    : Function properties for _ZN2sg5fused4sm905vittc14vittc_gemm_fwdILi128EEEvPK13__nv_bfloat16PKfPS4_iiiiS9_S9_
    0 bytes stack frame, 2244 bytes spill stores, 2244 bytes spill loads
ptxas info    : Function properties for _ZN2sg5fused4sm905vittc17vittc_gemm_dx_f32ILi128EEEvPK13__nv_bfloat16PKfPfiiPS4_SA_
    0 bytes stack frame, 2372 bytes spill stores, 2372 bytes spill loads
ptxas info    : Function properties for _ZN2sg5fused4sm905vittc18vittc_forward_tileERKNS1_10VitWeightsEiiRKNS2_7VitActsERKNS2_14VitTileScratchEPKfPKiP13__nv_bfloat16SH_Pf
    0 bytes stack frame, 1036 bytes spill stores, 1032 bytes spill loads
ptxas info    : Function properties for _ZN2sg5fused4sm905vittc18vittc_gemm_fwd_f32ILi128EEEvPK13__nv_bfloat16PKfPfiiPS4_SA_
    0 bytes stack frame, 0 bytes spill stores, 0 bytes spill loads
ptxas info    : Function properties for _ZN2sg5fused4sm905vittc19vittc_backward_tileERKNS1_10VitWeightsEiiiRKNS2_7VitActsERKNS2_14VitTileScratchEPKiPfSE_P13__nv_bfloat16SG_SE_
    0 bytes stack frame, 48 bytes spill stores, 212 bytes spill loads
ptxas info    : Function properties for _ZN2sg5fused4sm905vittc22vittc_dw_reduce_splitkILi128EEEvPKNS2_9VitDwSpecEiiPKfPfii
    0 bytes stack frame, 0 bytes spill stores, 0 bytes spill loads
ptxas info    : Function properties for _ZN2sg5fused4sm905vittc24vittc_dw_run_tile_splitkILi128EEEvPKNS2_9VitDwSpecEiiiPK13__nv_bfloat16PfPS7_SB_
    0 bytes stack frame, 1088 bytes spill stores, 1088 bytes spill loads
ptxas info    : Compiling entry function '_ZN3cub17CUB_200302_900_NS11EmptyKernelIvEEvv' for 'sm_90a'
ptxas info    : Function properties for _ZN3cub17CUB_200302_900_NS11EmptyKernelIvEEvv
    0 bytes stack frame, 0 bytes spill stores, 0 bytes spill loads
ptxas info    : Used 4 registers
rc=0
